Archive member included to satisfy reference by file (symbol)

../lab-02-temperature_bsp/\libhal_bsp.a(alt_load.o)
                              ../lab-02-temperature_bsp//obj/HAL/src/crt0.o (alt_load)
../lab-02-temperature_bsp/\libhal_bsp.a(alt_main.o)
                              ../lab-02-temperature_bsp//obj/HAL/src/crt0.o (alt_main)
../lab-02-temperature_bsp/\libhal_bsp.a(alt_sys_init.o)
                              ../lab-02-temperature_bsp/\libhal_bsp.a(alt_main.o) (alt_irq_init)
../lab-02-temperature_bsp/\libhal_bsp.a(altera_avalon_jtag_uart_fd.o)
                              ../lab-02-temperature_bsp/\libhal_bsp.a(alt_sys_init.o) (altera_avalon_jtag_uart_read_fd)
../lab-02-temperature_bsp/\libhal_bsp.a(altera_avalon_jtag_uart_init.o)
                              ../lab-02-temperature_bsp/\libhal_bsp.a(alt_sys_init.o) (altera_avalon_jtag_uart_init)
../lab-02-temperature_bsp/\libhal_bsp.a(altera_avalon_jtag_uart_ioctl.o)
                              ../lab-02-temperature_bsp/\libhal_bsp.a(altera_avalon_jtag_uart_fd.o) (altera_avalon_jtag_uart_ioctl)
../lab-02-temperature_bsp/\libhal_bsp.a(altera_avalon_jtag_uart_read.o)
                              ../lab-02-temperature_bsp/\libhal_bsp.a(altera_avalon_jtag_uart_fd.o) (altera_avalon_jtag_uart_read)
../lab-02-temperature_bsp/\libhal_bsp.a(altera_avalon_jtag_uart_write.o)
                              ../lab-02-temperature_bsp/\libhal_bsp.a(altera_avalon_jtag_uart_fd.o) (altera_avalon_jtag_uart_write)
../lab-02-temperature_bsp/\libhal_bsp.a(altera_avalon_timer_sc.o)
                              ../lab-02-temperature_bsp/\libhal_bsp.a(alt_sys_init.o) (alt_avalon_timer_sc_init)
../lab-02-temperature_bsp/\libhal_bsp.a(altera_up_avalon_character_lcd.o)
                              ../lab-02-temperature_bsp/\libhal_bsp.a(alt_sys_init.o) (alt_up_character_lcd_init)
../lab-02-temperature_bsp/\libhal_bsp.a(alt_alarm_start.o)
                              ../lab-02-temperature_bsp/\libhal_bsp.a(altera_avalon_jtag_uart_init.o) (alt_alarm_start)
../lab-02-temperature_bsp/\libhal_bsp.a(alt_close.o)
                              ../lab-02-temperature_bsp/\libhal_bsp.a(alt_main.o) (close)
../lab-02-temperature_bsp/\libhal_bsp.a(alt_dcache_flush_all.o)
                              ../lab-02-temperature_bsp/\libhal_bsp.a(alt_load.o) (alt_dcache_flush_all)
../lab-02-temperature_bsp/\libhal_bsp.a(alt_dev.o)
                              ../lab-02-temperature_bsp/\libhal_bsp.a(alt_sys_init.o) (alt_dev_list)
../lab-02-temperature_bsp/\libhal_bsp.a(alt_dev_llist_insert.o)
                              ../lab-02-temperature_bsp/\libhal_bsp.a(alt_sys_init.o) (alt_dev_llist_insert)
../lab-02-temperature_bsp/\libhal_bsp.a(alt_do_ctors.o)
                              ../lab-02-temperature_bsp/\libhal_bsp.a(alt_main.o) (_do_ctors)
../lab-02-temperature_bsp/\libhal_bsp.a(alt_do_dtors.o)
                              ../lab-02-temperature_bsp/\libhal_bsp.a(alt_main.o) (_do_dtors)
../lab-02-temperature_bsp/\libhal_bsp.a(alt_errno.o)
                              ../lab-02-temperature_bsp/\libhal_bsp.a(alt_close.o) (alt_errno)
../lab-02-temperature_bsp/\libhal_bsp.a(alt_find_dev.o)
                              ../lab-02-temperature_bsp/\libhal_bsp.a(altera_up_avalon_character_lcd.o) (alt_find_dev)
../lab-02-temperature_bsp/\libhal_bsp.a(alt_icache_flush_all.o)
                              ../lab-02-temperature_bsp/\libhal_bsp.a(alt_load.o) (alt_icache_flush_all)
../lab-02-temperature_bsp/\libhal_bsp.a(alt_io_redirect.o)
                              ../lab-02-temperature_bsp/\libhal_bsp.a(alt_main.o) (alt_io_redirect)
../lab-02-temperature_bsp/\libhal_bsp.a(alt_irq_register.o)
                              ../lab-02-temperature_bsp/\libhal_bsp.a(altera_avalon_jtag_uart_init.o) (alt_irq_register)
../lab-02-temperature_bsp/\libhal_bsp.a(alt_irq_vars.o)
                              ../lab-02-temperature_bsp/\libhal_bsp.a(alt_irq_register.o) (alt_irq_active)
../lab-02-temperature_bsp/\libhal_bsp.a(alt_open.o)
                              ../lab-02-temperature_bsp/\libhal_bsp.a(alt_io_redirect.o) (open)
../lab-02-temperature_bsp/\libhal_bsp.a(alt_release_fd.o)
                              ../lab-02-temperature_bsp/\libhal_bsp.a(alt_close.o) (alt_release_fd)
../lab-02-temperature_bsp/\libhal_bsp.a(alt_tick.o)
                              ../lab-02-temperature_bsp/\libhal_bsp.a(altera_avalon_jtag_uart_init.o) (_alt_tick_rate)
../lab-02-temperature_bsp/\libhal_bsp.a(altera_nios2_gen2_irq.o)
                              ../lab-02-temperature_bsp/\libhal_bsp.a(alt_sys_init.o) (altera_nios2_gen2_irq_init)
../lab-02-temperature_bsp/\libhal_bsp.a(alt_find_file.o)
                              ../lab-02-temperature_bsp/\libhal_bsp.a(alt_open.o) (alt_find_file)
../lab-02-temperature_bsp/\libhal_bsp.a(alt_get_fd.o)
                              ../lab-02-temperature_bsp/\libhal_bsp.a(alt_open.o) (alt_get_fd)
../lab-02-temperature_bsp/\libhal_bsp.a(alt_irq_entry.o)
                              ../lab-02-temperature_bsp/\libhal_bsp.a(alt_irq_register.o) (alt_irq_entry)
../lab-02-temperature_bsp/\libhal_bsp.a(alt_irq_handler.o)
                              ../lab-02-temperature_bsp/\libhal_bsp.a(alt_irq_register.o) (alt_irq)
../lab-02-temperature_bsp/\libhal_bsp.a(alt_exception_entry.o)
                              ../lab-02-temperature_bsp/\libhal_bsp.a(alt_irq_entry.o) (alt_exception)
../lab-02-temperature_bsp/\libhal_bsp.a(alt_instruction_exception_entry.o)
                              ../lab-02-temperature_bsp/\libhal_bsp.a(alt_exception_entry.o) (alt_instruction_exception_entry)
f:/intelfpga_lite/17.1/nios2eds/bin/gnu/h-x86_64-mingw32/bin/../lib/gcc/nios2-elf/5.3.0/../../../../../H-x86_64-mingw32/nios2-elf/lib/mno-hw-mul\libc.a(lib_a-atexit.o)
                              ../lab-02-temperature_bsp/\libhal_bsp.a(alt_main.o) (atexit)
f:/intelfpga_lite/17.1/nios2eds/bin/gnu/h-x86_64-mingw32/bin/../lib/gcc/nios2-elf/5.3.0/../../../../../H-x86_64-mingw32/nios2-elf/lib/mno-hw-mul\libc.a(lib_a-exit.o)
                              ../lab-02-temperature_bsp/\libhal_bsp.a(alt_main.o) (exit)
f:/intelfpga_lite/17.1/nios2eds/bin/gnu/h-x86_64-mingw32/bin/../lib/gcc/nios2-elf/5.3.0/../../../../../H-x86_64-mingw32/nios2-elf/lib/mno-hw-mul\libc.a(lib_a-impure.o)
                              f:/intelfpga_lite/17.1/nios2eds/bin/gnu/h-x86_64-mingw32/bin/../lib/gcc/nios2-elf/5.3.0/../../../../../H-x86_64-mingw32/nios2-elf/lib/mno-hw-mul\libc.a(lib_a-exit.o) (_global_impure_ptr)
f:/intelfpga_lite/17.1/nios2eds/bin/gnu/h-x86_64-mingw32/bin/../lib/gcc/nios2-elf/5.3.0/../../../../../H-x86_64-mingw32/nios2-elf/lib/mno-hw-mul\libc.a(lib_a-int_errno.o)
                              ../lab-02-temperature_bsp/\libhal_bsp.a(alt_close.o) (errno)
f:/intelfpga_lite/17.1/nios2eds/bin/gnu/h-x86_64-mingw32/bin/../lib/gcc/nios2-elf/5.3.0/../../../../../H-x86_64-mingw32/nios2-elf/lib/mno-hw-mul\libc.a(lib_a-memcmp.o)
                              ../lab-02-temperature_bsp/\libhal_bsp.a(alt_find_dev.o) (memcmp)
f:/intelfpga_lite/17.1/nios2eds/bin/gnu/h-x86_64-mingw32/bin/../lib/gcc/nios2-elf/5.3.0/../../../../../H-x86_64-mingw32/nios2-elf/lib/mno-hw-mul\libc.a(lib_a-memcpy.o)
                              ../lab-02-temperature_bsp/\libhal_bsp.a(altera_avalon_jtag_uart_read.o) (memcpy)
f:/intelfpga_lite/17.1/nios2eds/bin/gnu/h-x86_64-mingw32/bin/../lib/gcc/nios2-elf/5.3.0/../../../../../H-x86_64-mingw32/nios2-elf/lib/mno-hw-mul\libc.a(lib_a-strlen.o)
                              ../lab-02-temperature_bsp/\libhal_bsp.a(alt_find_dev.o) (strlen)
f:/intelfpga_lite/17.1/nios2eds/bin/gnu/h-x86_64-mingw32/bin/../lib/gcc/nios2-elf/5.3.0/../../../../../H-x86_64-mingw32/nios2-elf/lib/mno-hw-mul\libc.a(lib_a-__atexit.o)
                              f:/intelfpga_lite/17.1/nios2eds/bin/gnu/h-x86_64-mingw32/bin/../lib/gcc/nios2-elf/5.3.0/../../../../../H-x86_64-mingw32/nios2-elf/lib/mno-hw-mul\libc.a(lib_a-atexit.o) (__register_exitproc)
f:/intelfpga_lite/17.1/nios2eds/bin/gnu/h-x86_64-mingw32/bin/../lib/gcc/nios2-elf/5.3.0/../../../../../H-x86_64-mingw32/nios2-elf/lib/mno-hw-mul\libc.a(lib_a-__call_atexit.o)
                              f:/intelfpga_lite/17.1/nios2eds/bin/gnu/h-x86_64-mingw32/bin/../lib/gcc/nios2-elf/5.3.0/../../../../../H-x86_64-mingw32/nios2-elf/lib/mno-hw-mul\libc.a(lib_a-exit.o) (__call_exitprocs)
f:/intelfpga_lite/17.1/nios2eds/bin/gnu/h-x86_64-mingw32/bin/../lib/gcc/nios2-elf/5.3.0/mno-hw-mul\libgcc.a(lib2-mul.o)
                              ../lab-02-temperature_bsp/\libhal_bsp.a(alt_close.o) (__mulsi3)
../lab-02-temperature_bsp/\libhal_bsp.a(alt_exit.o)
                              f:/intelfpga_lite/17.1/nios2eds/bin/gnu/h-x86_64-mingw32/bin/../lib/gcc/nios2-elf/5.3.0/../../../../../H-x86_64-mingw32/nios2-elf/lib/mno-hw-mul\libc.a(lib_a-exit.o) (_exit)

Allocating common symbols
Common symbol       size              file

alt_irq             0x100             ../lab-02-temperature_bsp/\libhal_bsp.a(alt_irq_handler.o)
errno               0x4               f:/intelfpga_lite/17.1/nios2eds/bin/gnu/h-x86_64-mingw32/bin/../lib/gcc/nios2-elf/5.3.0/../../../../../H-x86_64-mingw32/nios2-elf/lib/mno-hw-mul\libc.a(lib_a-int_errno.o)

Memory Configuration

Name             Origin             Length             Attributes
reset            0x0000000000020000 0x0000000000000020
OnChip_Memory    0x0000000000020020 0x000000000001f3e0
*default*        0x0000000000000000 0xffffffffffffffff

Linker script and memory map

LOAD ../lab-02-temperature_bsp//obj/HAL/src/crt0.o
LOAD obj/default/hello_world.o
LOAD f:/intelfpga_lite/17.1/nios2eds/bin/gnu/h-x86_64-mingw32/bin/../lib/gcc/nios2-elf/5.3.0/../../../../../H-x86_64-mingw32/nios2-elf/lib/mno-hw-mul\libstdc++.a
LOAD f:/intelfpga_lite/17.1/nios2eds/bin/gnu/h-x86_64-mingw32/bin/../lib/gcc/nios2-elf/5.3.0/../../../../../H-x86_64-mingw32/nios2-elf/lib/mno-hw-mul\libm.a
LOAD f:/intelfpga_lite/17.1/nios2eds/bin/gnu/h-x86_64-mingw32/bin/../lib/gcc/nios2-elf/5.3.0/mno-hw-mul\libgcc.a
START GROUP
LOAD f:/intelfpga_lite/17.1/nios2eds/bin/gnu/h-x86_64-mingw32/bin/../lib/gcc/nios2-elf/5.3.0/../../../../../H-x86_64-mingw32/nios2-elf/lib/mno-hw-mul\libc.a
LOAD f:/intelfpga_lite/17.1/nios2eds/bin/gnu/h-x86_64-mingw32/bin/../lib/gcc/nios2-elf/5.3.0/mno-hw-mul\libgcc.a
LOAD ../lab-02-temperature_bsp/\libhal_bsp.a
LOAD f:/intelfpga_lite/17.1/nios2eds/bin/gnu/h-x86_64-mingw32/bin/../lib/gcc/nios2-elf/5.3.0/../../../../../H-x86_64-mingw32/nios2-elf/lib/mno-hw-mul\libm.a
END GROUP
LOAD f:/intelfpga_lite/17.1/nios2eds/bin/gnu/h-x86_64-mingw32/bin/../lib/gcc/nios2-elf/5.3.0/mno-hw-mul\libgcc.a
                0x0000000000020000                __alt_mem_OnChip_Memory = 0x20000

.entry          0x0000000000020000       0x20
 *(.entry)
 .entry         0x0000000000020000       0x20 ../lab-02-temperature_bsp//obj/HAL/src/crt0.o
                0x0000000000020000                __reset

.exceptions     0x0000000000020020      0x214
                0x0000000000020020                PROVIDE (__ram_exceptions_start, ABSOLUTE (.))
                0x0000000000020020                . = ALIGN (0x20)
 *(.irq)
 *(.exceptions.entry.label)
 .exceptions.entry.label
                0x0000000000020020        0x0 ../lab-02-temperature_bsp/\libhal_bsp.a(alt_irq_entry.o)
                0x0000000000020020                alt_irq_entry
 .exceptions.entry.label
                0x0000000000020020        0x0 ../lab-02-temperature_bsp/\libhal_bsp.a(alt_exception_entry.o)
                0x0000000000020020                alt_exception
 *(.exceptions.entry.user)
 *(.exceptions.entry.ecc_fatal)
 *(.exceptions.entry)
 .exceptions.entry
                0x0000000000020020       0x54 ../lab-02-temperature_bsp/\libhal_bsp.a(alt_exception_entry.o)
 *(.exceptions.irqtest.user)
 *(.exceptions.irqtest)
 .exceptions.irqtest
                0x0000000000020074       0x10 ../lab-02-temperature_bsp/\libhal_bsp.a(alt_irq_entry.o)
 *(.exceptions.irqhandler.user)
 *(.exceptions.irqhandler)
 .exceptions.irqhandler
                0x0000000000020084        0x4 ../lab-02-temperature_bsp/\libhal_bsp.a(alt_irq_entry.o)
 *(.exceptions.irqreturn.user)
 *(.exceptions.irqreturn)
 .exceptions.irqreturn
                0x0000000000020088        0x4 ../lab-02-temperature_bsp/\libhal_bsp.a(alt_irq_entry.o)
 *(.exceptions.notirq.label)
 .exceptions.notirq.label
                0x000000000002008c        0x0 ../lab-02-temperature_bsp/\libhal_bsp.a(alt_irq_entry.o)
 *(.exceptions.notirq.user)
 *(.exceptions.notirq)
 .exceptions.notirq
                0x000000000002008c        0x8 ../lab-02-temperature_bsp/\libhal_bsp.a(alt_exception_entry.o)
 *(.exceptions.soft.user)
 *(.exceptions.soft)
 *(.exceptions.unknown.user)
 *(.exceptions.unknown)
 .exceptions.unknown
                0x0000000000020094       0x14 ../lab-02-temperature_bsp/\libhal_bsp.a(alt_exception_entry.o)
 *(.exceptions.exit.label)
 .exceptions.exit.label
                0x00000000000200a8        0x0 ../lab-02-temperature_bsp/\libhal_bsp.a(alt_irq_entry.o)
 .exceptions.exit.label
                0x00000000000200a8        0x0 ../lab-02-temperature_bsp/\libhal_bsp.a(alt_exception_entry.o)
 *(.exceptions.exit.user)
 *(.exceptions.exit)
 .exceptions.exit
                0x00000000000200a8       0x54 ../lab-02-temperature_bsp/\libhal_bsp.a(alt_exception_entry.o)
 *(.exceptions)
 .exceptions    0x00000000000200fc       0xd8 ../lab-02-temperature_bsp/\libhal_bsp.a(alt_irq_handler.o)
                0x00000000000200fc                alt_irq_handler
 .exceptions    0x00000000000201d4       0x60 ../lab-02-temperature_bsp/\libhal_bsp.a(alt_instruction_exception_entry.o)
                0x00000000000201d4                alt_instruction_exception_entry
                0x0000000000020234                PROVIDE (__ram_exceptions_end, ABSOLUTE (.))
                0x0000000000020020                PROVIDE (__flash_exceptions_start, LOADADDR (.exceptions))

.text           0x0000000000020234     0x29dc
                [!provide]                        PROVIDE (stext, ABSOLUTE (.))
 *(.interp)
 *(.hash)
 *(.dynsym)
 *(.dynstr)
 *(.gnu.version)
 *(.gnu.version_d)
 *(.gnu.version_r)
 *(.rel.init)
 *(.rela.init)
 *(.rel.text .rel.text.* .rel.gnu.linkonce.t.*)
 *(.rela.text .rela.text.* .rela.gnu.linkonce.t.*)
 *(.rel.fini)
 *(.rela.fini)
 *(.rel.rodata .rel.rodata.* .rel.gnu.linkonce.r.*)
 *(.rela.rodata .rela.rodata.* .rela.gnu.linkonce.r.*)
 *(.rel.data .rel.data.* .rel.gnu.linkonce.d.*)
 *(.rela.data .rela.data.* .rela.gnu.linkonce.d.*)
 *(.rel.tdata .rel.tdata.* .rel.gnu.linkonce.td.*)
 *(.rela.tdata .rela.tdata.* .rela.gnu.linkonce.td.*)
 *(.rel.tbss .rel.tbss.* .rel.gnu.linkonce.tb.*)
 *(.rela.tbss .rela.tbss.* .rela.gnu.linkonce.tb.*)
 *(.rel.ctors)
 *(.rela.ctors)
 *(.rel.dtors)
 *(.rela.dtors)
 *(.rel.got)
 *(.rela.got)
 *(.rel.sdata .rel.sdata.* .rel.gnu.linkonce.s.*)
 *(.rela.sdata .rela.sdata.* .rela.gnu.linkonce.s.*)
 *(.rel.sbss .rel.sbss.* .rel.gnu.linkonce.sb.*)
 *(.rela.sbss .rela.sbss.* .rela.gnu.linkonce.sb.*)
 *(.rel.sdata2 .rel.sdata2.* .rel.gnu.linkonce.s2.*)
 *(.rela.sdata2 .rela.sdata2.* .rela.gnu.linkonce.s2.*)
 *(.rel.sbss2 .rel.sbss2.* .rel.gnu.linkonce.sb2.*)
 *(.rela.sbss2 .rela.sbss2.* .rela.gnu.linkonce.sb2.*)
 *(.rel.bss .rel.bss.* .rel.gnu.linkonce.b.*)
 *(.rela.bss .rela.bss.* .rela.gnu.linkonce.b.*)
 *(.rel.plt)
 *(.rela.plt)
 *(.rel.dyn)
 *(.init)
 *(.plt)
 *(.text .stub .text.* .gnu.linkonce.t.*)
 .text          0x0000000000020234       0x3c ../lab-02-temperature_bsp//obj/HAL/src/crt0.o
                0x0000000000020234                _start
 .text          0x0000000000020270      0x238 obj/default/hello_world.o
                0x0000000000020270                isValid
                0x00000000000202e0                main
 .text          0x00000000000204a8       0xec ../lab-02-temperature_bsp/\libhal_bsp.a(alt_load.o)
                0x0000000000020510                alt_load
 .text          0x0000000000020594       0x7c ../lab-02-temperature_bsp/\libhal_bsp.a(alt_main.o)
                0x0000000000020594                alt_main
 .text          0x0000000000020610      0x12c ../lab-02-temperature_bsp/\libhal_bsp.a(alt_sys_init.o)
                0x0000000000020644                alt_irq_init
                0x000000000002067c                alt_sys_init
 .text          0x000000000002073c      0x164 ../lab-02-temperature_bsp/\libhal_bsp.a(altera_avalon_jtag_uart_fd.o)
                0x000000000002073c                altera_avalon_jtag_uart_read_fd
                0x000000000002079c                altera_avalon_jtag_uart_write_fd
                0x00000000000207fc                altera_avalon_jtag_uart_close_fd
                0x000000000002084c                altera_avalon_jtag_uart_ioctl_fd
 .text          0x00000000000208a0      0x3cc ../lab-02-temperature_bsp/\libhal_bsp.a(altera_avalon_jtag_uart_init.o)
                0x00000000000208a0                altera_avalon_jtag_uart_init
                0x0000000000020c04                altera_avalon_jtag_uart_close
 .text          0x0000000000020c6c       0xf0 ../lab-02-temperature_bsp/\libhal_bsp.a(altera_avalon_jtag_uart_ioctl.o)
                0x0000000000020c6c                altera_avalon_jtag_uart_ioctl
 .text          0x0000000000020d5c      0x21c ../lab-02-temperature_bsp/\libhal_bsp.a(altera_avalon_jtag_uart_read.o)
                0x0000000000020d5c                altera_avalon_jtag_uart_read
 .text          0x0000000000020f78      0x224 ../lab-02-temperature_bsp/\libhal_bsp.a(altera_avalon_jtag_uart_write.o)
                0x0000000000020f78                altera_avalon_jtag_uart_write
 .text          0x000000000002119c       0xf0 ../lab-02-temperature_bsp/\libhal_bsp.a(altera_avalon_timer_sc.o)
                0x0000000000021218                alt_avalon_timer_sc_init
 .text          0x000000000002128c      0x4f4 ../lab-02-temperature_bsp/\libhal_bsp.a(altera_up_avalon_character_lcd.o)
                0x000000000002128c                get_DDRAM_addr
                0x0000000000021300                alt_up_character_lcd_send_cmd
                0x0000000000021340                alt_up_character_lcd_init
                0x0000000000021378                alt_up_character_lcd_open_dev
                0x00000000000213b4                alt_up_character_lcd_write
                0x0000000000021430                alt_up_character_lcd_string
                0x00000000000214a8                alt_up_character_lcd_write_fd
                0x00000000000214f8                alt_up_character_lcd_set_cursor_pos
                0x000000000002156c                alt_up_character_lcd_shift_cursor
                0x00000000000215f8                alt_up_character_lcd_shift_display
                0x0000000000021684                alt_up_character_lcd_erase_pos
                0x0000000000021710                alt_up_character_lcd_cursor_off
                0x0000000000021748                alt_up_character_lcd_cursor_blink_on
 .text          0x0000000000021780      0x12c ../lab-02-temperature_bsp/\libhal_bsp.a(alt_alarm_start.o)
                0x0000000000021780                alt_alarm_start
 .text          0x00000000000218ac      0x114 ../lab-02-temperature_bsp/\libhal_bsp.a(alt_close.o)
                0x00000000000218e8                close
 .text          0x00000000000219c0       0x20 ../lab-02-temperature_bsp/\libhal_bsp.a(alt_dcache_flush_all.o)
                0x00000000000219c0                alt_dcache_flush_all
 .text          0x00000000000219e0       0x2c ../lab-02-temperature_bsp/\libhal_bsp.a(alt_dev.o)
 .text          0x0000000000021a0c       0xe0 ../lab-02-temperature_bsp/\libhal_bsp.a(alt_dev_llist_insert.o)
                0x0000000000021a48                alt_dev_llist_insert
 .text          0x0000000000021aec       0x60 ../lab-02-temperature_bsp/\libhal_bsp.a(alt_do_ctors.o)
                0x0000000000021aec                _do_ctors
 .text          0x0000000000021b4c       0x60 ../lab-02-temperature_bsp/\libhal_bsp.a(alt_do_dtors.o)
                0x0000000000021b4c                _do_dtors
 .text          0x0000000000021bac        0x0 ../lab-02-temperature_bsp/\libhal_bsp.a(alt_errno.o)
 .text          0x0000000000021bac       0x90 ../lab-02-temperature_bsp/\libhal_bsp.a(alt_find_dev.o)
                0x0000000000021bac                alt_find_dev
 .text          0x0000000000021c3c       0x20 ../lab-02-temperature_bsp/\libhal_bsp.a(alt_icache_flush_all.o)
                0x0000000000021c3c                alt_icache_flush_all
 .text          0x0000000000021c5c      0x160 ../lab-02-temperature_bsp/\libhal_bsp.a(alt_io_redirect.o)
                0x0000000000021d40                alt_io_redirect
 .text          0x0000000000021dbc      0x180 ../lab-02-temperature_bsp/\libhal_bsp.a(alt_irq_register.o)
                0x0000000000021dbc                alt_irq_register
 .text          0x0000000000021f3c        0x0 ../lab-02-temperature_bsp/\libhal_bsp.a(alt_irq_vars.o)
 .text          0x0000000000021f3c      0x284 ../lab-02-temperature_bsp/\libhal_bsp.a(alt_open.o)
                0x0000000000022064                open
 .text          0x00000000000221c0       0x84 ../lab-02-temperature_bsp/\libhal_bsp.a(alt_release_fd.o)
                0x00000000000221c0                alt_release_fd
 .text          0x0000000000022244      0x1a4 ../lab-02-temperature_bsp/\libhal_bsp.a(alt_tick.o)
                0x0000000000022244                alt_alarm_stop
                0x00000000000222e0                alt_tick
 .text          0x00000000000223e8       0x24 ../lab-02-temperature_bsp/\libhal_bsp.a(altera_nios2_gen2_irq.o)
                0x00000000000223e8                altera_nios2_gen2_irq_init
 .text          0x000000000002240c      0x108 ../lab-02-temperature_bsp/\libhal_bsp.a(alt_find_file.o)
                0x000000000002240c                alt_find_file
 .text          0x0000000000022514       0xc4 ../lab-02-temperature_bsp/\libhal_bsp.a(alt_get_fd.o)
                0x0000000000022514                alt_get_fd
 .text          0x00000000000225d8        0x0 ../lab-02-temperature_bsp/\libhal_bsp.a(alt_irq_entry.o)
 .text          0x00000000000225d8        0x0 ../lab-02-temperature_bsp/\libhal_bsp.a(alt_irq_handler.o)
 .text          0x00000000000225d8        0x0 ../lab-02-temperature_bsp/\libhal_bsp.a(alt_exception_entry.o)
 .text          0x00000000000225d8       0x9c ../lab-02-temperature_bsp/\libhal_bsp.a(alt_instruction_exception_entry.o)
                0x00000000000225d8                alt_exception_cause_generated_bad_addr
 .text          0x0000000000022674        0x0 f:/intelfpga_lite/17.1/nios2eds/bin/gnu/h-x86_64-mingw32/bin/../lib/gcc/nios2-elf/5.3.0/../../../../../H-x86_64-mingw32/nios2-elf/lib/mno-hw-mul\libc.a(lib_a-atexit.o)
 .text.atexit   0x0000000000022674       0x14 f:/intelfpga_lite/17.1/nios2eds/bin/gnu/h-x86_64-mingw32/bin/../lib/gcc/nios2-elf/5.3.0/../../../../../H-x86_64-mingw32/nios2-elf/lib/mno-hw-mul\libc.a(lib_a-atexit.o)
                0x0000000000022674                atexit
 .text          0x0000000000022688        0x0 f:/intelfpga_lite/17.1/nios2eds/bin/gnu/h-x86_64-mingw32/bin/../lib/gcc/nios2-elf/5.3.0/../../../../../H-x86_64-mingw32/nios2-elf/lib/mno-hw-mul\libc.a(lib_a-exit.o)
 .text.exit     0x0000000000022688       0x38 f:/intelfpga_lite/17.1/nios2eds/bin/gnu/h-x86_64-mingw32/bin/../lib/gcc/nios2-elf/5.3.0/../../../../../H-x86_64-mingw32/nios2-elf/lib/mno-hw-mul\libc.a(lib_a-exit.o)
                0x0000000000022688                exit
 .text          0x00000000000226c0        0x0 f:/intelfpga_lite/17.1/nios2eds/bin/gnu/h-x86_64-mingw32/bin/../lib/gcc/nios2-elf/5.3.0/../../../../../H-x86_64-mingw32/nios2-elf/lib/mno-hw-mul\libc.a(lib_a-impure.o)
 .text          0x00000000000226c0        0x0 f:/intelfpga_lite/17.1/nios2eds/bin/gnu/h-x86_64-mingw32/bin/../lib/gcc/nios2-elf/5.3.0/../../../../../H-x86_64-mingw32/nios2-elf/lib/mno-hw-mul\libc.a(lib_a-int_errno.o)
 .text          0x00000000000226c0        0x0 f:/intelfpga_lite/17.1/nios2eds/bin/gnu/h-x86_64-mingw32/bin/../lib/gcc/nios2-elf/5.3.0/../../../../../H-x86_64-mingw32/nios2-elf/lib/mno-hw-mul\libc.a(lib_a-memcmp.o)
 .text.memcmp   0x00000000000226c0       0x7c f:/intelfpga_lite/17.1/nios2eds/bin/gnu/h-x86_64-mingw32/bin/../lib/gcc/nios2-elf/5.3.0/../../../../../H-x86_64-mingw32/nios2-elf/lib/mno-hw-mul\libc.a(lib_a-memcmp.o)
                0x00000000000226c0                memcmp
 .text          0x000000000002273c        0x0 f:/intelfpga_lite/17.1/nios2eds/bin/gnu/h-x86_64-mingw32/bin/../lib/gcc/nios2-elf/5.3.0/../../../../../H-x86_64-mingw32/nios2-elf/lib/mno-hw-mul\libc.a(lib_a-memcpy.o)
 .text.memcpy   0x000000000002273c      0x148 f:/intelfpga_lite/17.1/nios2eds/bin/gnu/h-x86_64-mingw32/bin/../lib/gcc/nios2-elf/5.3.0/../../../../../H-x86_64-mingw32/nios2-elf/lib/mno-hw-mul\libc.a(lib_a-memcpy.o)
                0x000000000002273c                memcpy
 .text          0x0000000000022884        0x0 f:/intelfpga_lite/17.1/nios2eds/bin/gnu/h-x86_64-mingw32/bin/../lib/gcc/nios2-elf/5.3.0/../../../../../H-x86_64-mingw32/nios2-elf/lib/mno-hw-mul\libc.a(lib_a-strlen.o)
 .text.strlen   0x0000000000022884       0x98 f:/intelfpga_lite/17.1/nios2eds/bin/gnu/h-x86_64-mingw32/bin/../lib/gcc/nios2-elf/5.3.0/../../../../../H-x86_64-mingw32/nios2-elf/lib/mno-hw-mul\libc.a(lib_a-strlen.o)
                0x0000000000022884                strlen
 .text          0x000000000002291c        0x0 f:/intelfpga_lite/17.1/nios2eds/bin/gnu/h-x86_64-mingw32/bin/../lib/gcc/nios2-elf/5.3.0/../../../../../H-x86_64-mingw32/nios2-elf/lib/mno-hw-mul\libc.a(lib_a-__atexit.o)
 .text.__register_exitproc
                0x000000000002291c      0x118 f:/intelfpga_lite/17.1/nios2eds/bin/gnu/h-x86_64-mingw32/bin/../lib/gcc/nios2-elf/5.3.0/../../../../../H-x86_64-mingw32/nios2-elf/lib/mno-hw-mul\libc.a(lib_a-__atexit.o)
                0x000000000002291c                __register_exitproc
 .text          0x0000000000022a34        0x0 f:/intelfpga_lite/17.1/nios2eds/bin/gnu/h-x86_64-mingw32/bin/../lib/gcc/nios2-elf/5.3.0/../../../../../H-x86_64-mingw32/nios2-elf/lib/mno-hw-mul\libc.a(lib_a-__call_atexit.o)
 .text.__call_exitprocs
                0x0000000000022a34      0x180 f:/intelfpga_lite/17.1/nios2eds/bin/gnu/h-x86_64-mingw32/bin/../lib/gcc/nios2-elf/5.3.0/../../../../../H-x86_64-mingw32/nios2-elf/lib/mno-hw-mul\libc.a(lib_a-__call_atexit.o)
                0x0000000000022a34                __call_exitprocs
 .text          0x0000000000022bb4       0x28 f:/intelfpga_lite/17.1/nios2eds/bin/gnu/h-x86_64-mingw32/bin/../lib/gcc/nios2-elf/5.3.0/mno-hw-mul\libgcc.a(lib2-mul.o)
                0x0000000000022bb4                __mulsi3
 .text          0x0000000000022bdc       0x34 ../lab-02-temperature_bsp/\libhal_bsp.a(alt_exit.o)
                0x0000000000022bdc                _exit
 *(.gnu.warning.*)
 *(.fini)
                [!provide]                        PROVIDE (__etext, ABSOLUTE (.))
                [!provide]                        PROVIDE (_etext, ABSOLUTE (.))
                [!provide]                        PROVIDE (etext, ABSOLUTE (.))
 *(.eh_frame_hdr)
                0x0000000000022c10                . = ALIGN (0x4)
                [!provide]                        PROVIDE (__preinit_array_start, ABSOLUTE (.))
 *(.preinit_array)
                [!provide]                        PROVIDE (__preinit_array_end, ABSOLUTE (.))
                [!provide]                        PROVIDE (__init_array_start, ABSOLUTE (.))
 *(.init_array)
                [!provide]                        PROVIDE (__init_array_end, ABSOLUTE (.))
                [!provide]                        PROVIDE (__fini_array_start, ABSOLUTE (.))
 *(.fini_array)
                [!provide]                        PROVIDE (__fini_array_end, ABSOLUTE (.))
 *(.eh_frame)
 *(.gcc_except_table .gcc_except_table.*)
 *(.dynamic)
                0x0000000000022c10                PROVIDE (__CTOR_LIST__, ABSOLUTE (.))
 *(.ctors)
 *(SORT(.ctors.*))
                0x0000000000022c10                PROVIDE (__CTOR_END__, ABSOLUTE (.))
                0x0000000000022c10                PROVIDE (__DTOR_LIST__, ABSOLUTE (.))
 *(.dtors)
 *(SORT(.dtors.*))
                0x0000000000022c10                PROVIDE (__DTOR_END__, ABSOLUTE (.))
 *(.jcr)
                0x0000000000022c10                . = ALIGN (0x4)

.rodata         0x0000000000022c10       0x98
                0x0000000000022c10                PROVIDE (__ram_rodata_start, ABSOLUTE (.))
                0x0000000000022c10                . = ALIGN (0x4)
 *(.rodata .rodata.* .gnu.linkonce.r.*)
 .rodata        0x0000000000022c10        0xf ../lab-02-temperature_bsp/\libhal_bsp.a(alt_main.o)
 *fill*         0x0000000000022c1f        0x1 
 .rodata        0x0000000000022c20       0x78 ../lab-02-temperature_bsp/\libhal_bsp.a(alt_sys_init.o)
 .rodata        0x0000000000022c98        0xa ../lab-02-temperature_bsp/\libhal_bsp.a(alt_dev.o)
 *fill*         0x0000000000022ca2        0x2 
 .rodata.str1.4
                0x0000000000022ca4        0x4 f:/intelfpga_lite/17.1/nios2eds/bin/gnu/h-x86_64-mingw32/bin/../lib/gcc/nios2-elf/5.3.0/../../../../../H-x86_64-mingw32/nios2-elf/lib/mno-hw-mul\libc.a(lib_a-impure.o)
                                          0x2 (size before relaxing)
 *(.rodata1)
                0x0000000000022ca8                . = ALIGN (0x4)
                0x0000000000022ca8                PROVIDE (__ram_rodata_end, ABSOLUTE (.))
                0x0000000000022c10                PROVIDE (__flash_rodata_start, LOADADDR (.rodata))

.rwdata         0x0000000000022ca8     0x17a4 load address 0x000000000002444c
                0x0000000000022ca8                PROVIDE (__ram_rwdata_start, ABSOLUTE (.))
                0x0000000000022ca8                . = ALIGN (0x4)
 *(.got.plt)
 *(.got)
 *(.data1)
 *(.data .data.* .gnu.linkonce.d.*)
 .data          0x0000000000022ca8        0x0 ../lab-02-temperature_bsp//obj/HAL/src/crt0.o
 .data          0x0000000000022ca8       0x18 obj/default/hello_world.o
                0x0000000000022ca8                validValues
 .data          0x0000000000022cc0        0x0 ../lab-02-temperature_bsp/\libhal_bsp.a(alt_load.o)
 .data          0x0000000000022cc0        0x0 ../lab-02-temperature_bsp/\libhal_bsp.a(alt_main.o)
 .data          0x0000000000022cc0     0x1194 ../lab-02-temperature_bsp/\libhal_bsp.a(alt_sys_init.o)
 .data          0x0000000000023e54        0x0 ../lab-02-temperature_bsp/\libhal_bsp.a(altera_avalon_jtag_uart_fd.o)
 .data          0x0000000000023e54        0x0 ../lab-02-temperature_bsp/\libhal_bsp.a(altera_avalon_jtag_uart_init.o)
 .data          0x0000000000023e54        0x0 ../lab-02-temperature_bsp/\libhal_bsp.a(altera_avalon_jtag_uart_ioctl.o)
 .data          0x0000000000023e54        0x0 ../lab-02-temperature_bsp/\libhal_bsp.a(altera_avalon_jtag_uart_read.o)
 .data          0x0000000000023e54        0x0 ../lab-02-temperature_bsp/\libhal_bsp.a(altera_avalon_jtag_uart_write.o)
 .data          0x0000000000023e54        0x0 ../lab-02-temperature_bsp/\libhal_bsp.a(altera_avalon_timer_sc.o)
 .data          0x0000000000023e54        0x0 ../lab-02-temperature_bsp/\libhal_bsp.a(altera_up_avalon_character_lcd.o)
 .data          0x0000000000023e54        0x0 ../lab-02-temperature_bsp/\libhal_bsp.a(alt_alarm_start.o)
 .data          0x0000000000023e54        0x0 ../lab-02-temperature_bsp/\libhal_bsp.a(alt_close.o)
 .data          0x0000000000023e54        0x0 ../lab-02-temperature_bsp/\libhal_bsp.a(alt_dcache_flush_all.o)
 .data          0x0000000000023e54      0x1a8 ../lab-02-temperature_bsp/\libhal_bsp.a(alt_dev.o)
                0x0000000000023e54                alt_dev_null
                0x0000000000023e7c                alt_fd_list
 .data          0x0000000000023ffc        0x0 ../lab-02-temperature_bsp/\libhal_bsp.a(alt_dev_llist_insert.o)
 .data          0x0000000000023ffc        0x0 ../lab-02-temperature_bsp/\libhal_bsp.a(alt_do_ctors.o)
 .data          0x0000000000023ffc        0x0 ../lab-02-temperature_bsp/\libhal_bsp.a(alt_do_dtors.o)
 .data          0x0000000000023ffc        0x0 ../lab-02-temperature_bsp/\libhal_bsp.a(alt_errno.o)
 .data          0x0000000000023ffc        0x0 ../lab-02-temperature_bsp/\libhal_bsp.a(alt_find_dev.o)
 .data          0x0000000000023ffc        0x0 ../lab-02-temperature_bsp/\libhal_bsp.a(alt_icache_flush_all.o)
 .data          0x0000000000023ffc        0x0 ../lab-02-temperature_bsp/\libhal_bsp.a(alt_io_redirect.o)
 .data          0x0000000000023ffc        0x0 ../lab-02-temperature_bsp/\libhal_bsp.a(alt_irq_register.o)
 .data          0x0000000000023ffc        0x0 ../lab-02-temperature_bsp/\libhal_bsp.a(alt_irq_vars.o)
 .data          0x0000000000023ffc        0x0 ../lab-02-temperature_bsp/\libhal_bsp.a(alt_open.o)
 .data          0x0000000000023ffc        0x0 ../lab-02-temperature_bsp/\libhal_bsp.a(alt_release_fd.o)
 .data          0x0000000000023ffc        0x0 ../lab-02-temperature_bsp/\libhal_bsp.a(alt_tick.o)
 .data          0x0000000000023ffc        0x0 ../lab-02-temperature_bsp/\libhal_bsp.a(altera_nios2_gen2_irq.o)
 .data          0x0000000000023ffc        0x0 ../lab-02-temperature_bsp/\libhal_bsp.a(alt_find_file.o)
 .data          0x0000000000023ffc        0x0 ../lab-02-temperature_bsp/\libhal_bsp.a(alt_get_fd.o)
 .data          0x0000000000023ffc        0x0 ../lab-02-temperature_bsp/\libhal_bsp.a(alt_irq_entry.o)
 .data          0x0000000000023ffc        0x0 ../lab-02-temperature_bsp/\libhal_bsp.a(alt_irq_handler.o)
 .data          0x0000000000023ffc        0x0 ../lab-02-temperature_bsp/\libhal_bsp.a(alt_exception_entry.o)
 .data          0x0000000000023ffc        0x0 ../lab-02-temperature_bsp/\libhal_bsp.a(alt_instruction_exception_entry.o)
 .data          0x0000000000023ffc        0x0 f:/intelfpga_lite/17.1/nios2eds/bin/gnu/h-x86_64-mingw32/bin/../lib/gcc/nios2-elf/5.3.0/../../../../../H-x86_64-mingw32/nios2-elf/lib/mno-hw-mul\libc.a(lib_a-atexit.o)
 .data          0x0000000000023ffc        0x0 f:/intelfpga_lite/17.1/nios2eds/bin/gnu/h-x86_64-mingw32/bin/../lib/gcc/nios2-elf/5.3.0/../../../../../H-x86_64-mingw32/nios2-elf/lib/mno-hw-mul\libc.a(lib_a-exit.o)
 .data          0x0000000000023ffc        0x0 f:/intelfpga_lite/17.1/nios2eds/bin/gnu/h-x86_64-mingw32/bin/../lib/gcc/nios2-elf/5.3.0/../../../../../H-x86_64-mingw32/nios2-elf/lib/mno-hw-mul\libc.a(lib_a-impure.o)
 .data.impure_data
                0x0000000000023ffc      0x424 f:/intelfpga_lite/17.1/nios2eds/bin/gnu/h-x86_64-mingw32/bin/../lib/gcc/nios2-elf/5.3.0/../../../../../H-x86_64-mingw32/nios2-elf/lib/mno-hw-mul\libc.a(lib_a-impure.o)
 .data          0x0000000000024420        0x0 f:/intelfpga_lite/17.1/nios2eds/bin/gnu/h-x86_64-mingw32/bin/../lib/gcc/nios2-elf/5.3.0/../../../../../H-x86_64-mingw32/nios2-elf/lib/mno-hw-mul\libc.a(lib_a-int_errno.o)
 .data          0x0000000000024420        0x0 f:/intelfpga_lite/17.1/nios2eds/bin/gnu/h-x86_64-mingw32/bin/../lib/gcc/nios2-elf/5.3.0/../../../../../H-x86_64-mingw32/nios2-elf/lib/mno-hw-mul\libc.a(lib_a-memcmp.o)
 .data          0x0000000000024420        0x0 f:/intelfpga_lite/17.1/nios2eds/bin/gnu/h-x86_64-mingw32/bin/../lib/gcc/nios2-elf/5.3.0/../../../../../H-x86_64-mingw32/nios2-elf/lib/mno-hw-mul\libc.a(lib_a-memcpy.o)
 .data          0x0000000000024420        0x0 f:/intelfpga_lite/17.1/nios2eds/bin/gnu/h-x86_64-mingw32/bin/../lib/gcc/nios2-elf/5.3.0/../../../../../H-x86_64-mingw32/nios2-elf/lib/mno-hw-mul\libc.a(lib_a-strlen.o)
 .data          0x0000000000024420        0x0 f:/intelfpga_lite/17.1/nios2eds/bin/gnu/h-x86_64-mingw32/bin/../lib/gcc/nios2-elf/5.3.0/../../../../../H-x86_64-mingw32/nios2-elf/lib/mno-hw-mul\libc.a(lib_a-__atexit.o)
 .data          0x0000000000024420        0x0 f:/intelfpga_lite/17.1/nios2eds/bin/gnu/h-x86_64-mingw32/bin/../lib/gcc/nios2-elf/5.3.0/../../../../../H-x86_64-mingw32/nios2-elf/lib/mno-hw-mul\libc.a(lib_a-__call_atexit.o)
 .data          0x0000000000024420        0x0 f:/intelfpga_lite/17.1/nios2eds/bin/gnu/h-x86_64-mingw32/bin/../lib/gcc/nios2-elf/5.3.0/mno-hw-mul\libgcc.a(lib2-mul.o)
 .data          0x0000000000024420        0x0 ../lab-02-temperature_bsp/\libhal_bsp.a(alt_exit.o)
                0x000000000002c420                _gp = ABSOLUTE ((. + 0x8000))
                [!provide]                        PROVIDE (gp, _gp)
 *(.rwdata .rwdata.*)
 *(.sdata .sdata.* .gnu.linkonce.s.*)
 .sdata         0x0000000000024420       0x14 ../lab-02-temperature_bsp/\libhal_bsp.a(alt_dev.o)
                0x0000000000024420                alt_fs_list
                0x0000000000024428                alt_dev_list
                0x0000000000024430                alt_max_fd
 .sdata         0x0000000000024434        0x4 ../lab-02-temperature_bsp/\libhal_bsp.a(alt_errno.o)
                0x0000000000024434                alt_errno
 .sdata         0x0000000000024438        0x4 ../lab-02-temperature_bsp/\libhal_bsp.a(alt_irq_vars.o)
                0x0000000000024438                alt_priority_mask
 .sdata         0x000000000002443c        0x8 ../lab-02-temperature_bsp/\libhal_bsp.a(alt_tick.o)
                0x000000000002443c                alt_alarm_list
 .sdata._global_impure_ptr
                0x0000000000024444        0x4 f:/intelfpga_lite/17.1/nios2eds/bin/gnu/h-x86_64-mingw32/bin/../lib/gcc/nios2-elf/5.3.0/../../../../../H-x86_64-mingw32/nios2-elf/lib/mno-hw-mul\libc.a(lib_a-impure.o)
                0x0000000000024444                _global_impure_ptr
 .sdata._impure_ptr
                0x0000000000024448        0x4 f:/intelfpga_lite/17.1/nios2eds/bin/gnu/h-x86_64-mingw32/bin/../lib/gcc/nios2-elf/5.3.0/../../../../../H-x86_64-mingw32/nios2-elf/lib/mno-hw-mul\libc.a(lib_a-impure.o)
                0x0000000000024448                _impure_ptr
 *(.sdata2 .sdata2.* .gnu.linkonce.s2.*)
                0x000000000002444c                . = ALIGN (0x4)
                0x000000000002444c                _edata = ABSOLUTE (.)
                [!provide]                        PROVIDE (edata, ABSOLUTE (.))
                0x000000000002444c                PROVIDE (__ram_rwdata_end, ABSOLUTE (.))
                0x000000000002444c                PROVIDE (__flash_rwdata_start, LOADADDR (.rwdata))

.bss            0x0000000000025bf0      0x120
                0x0000000000025bf0                __bss_start = ABSOLUTE (.)
                [!provide]                        PROVIDE (__sbss_start, ABSOLUTE (.))
                [!provide]                        PROVIDE (___sbss_start, ABSOLUTE (.))
 *(.dynsbss)
 *(.sbss .sbss.* .gnu.linkonce.sb.*)
 .sbss          0x0000000000025bf0        0xc ../lab-02-temperature_bsp/\libhal_bsp.a(alt_main.o)
                0x0000000000025bf0                alt_argc
                0x0000000000025bf4                alt_argv
                0x0000000000025bf8                alt_envp
 .sbss          0x0000000000025bfc        0x4 ../lab-02-temperature_bsp/\libhal_bsp.a(alt_irq_vars.o)
                0x0000000000025bfc                alt_irq_active
 .sbss          0x0000000000025c00        0x8 ../lab-02-temperature_bsp/\libhal_bsp.a(alt_tick.o)
                0x0000000000025c00                _alt_tick_rate
                0x0000000000025c04                _alt_nticks
 .sbss          0x0000000000025c08        0x4 ../lab-02-temperature_bsp/\libhal_bsp.a(alt_instruction_exception_entry.o)
                0x0000000000025c08                alt_instruction_exception_handler
 .sbss          0x0000000000025c0c        0x4 f:/intelfpga_lite/17.1/nios2eds/bin/gnu/h-x86_64-mingw32/bin/../lib/gcc/nios2-elf/5.3.0/../../../../../H-x86_64-mingw32/nios2-elf/lib/mno-hw-mul\libc.a(lib_a-int_errno.o)
                0x0000000000025c0c                errno
 *(.sbss2 .sbss2.* .gnu.linkonce.sb2.*)
 *(.scommon)
                [!provide]                        PROVIDE (__sbss_end, ABSOLUTE (.))
                [!provide]                        PROVIDE (___sbss_end, ABSOLUTE (.))
 *(.dynbss)
 *(.bss .bss.* .gnu.linkonce.b.*)
 .bss           0x0000000000025c10        0x0 ../lab-02-temperature_bsp//obj/HAL/src/crt0.o
 .bss           0x0000000000025c10        0x0 obj/default/hello_world.o
 .bss           0x0000000000025c10        0x0 ../lab-02-temperature_bsp/\libhal_bsp.a(alt_load.o)
 .bss           0x0000000000025c10        0x0 ../lab-02-temperature_bsp/\libhal_bsp.a(alt_main.o)
 .bss           0x0000000000025c10        0x0 ../lab-02-temperature_bsp/\libhal_bsp.a(alt_sys_init.o)
 .bss           0x0000000000025c10        0x0 ../lab-02-temperature_bsp/\libhal_bsp.a(altera_avalon_jtag_uart_fd.o)
 .bss           0x0000000000025c10        0x0 ../lab-02-temperature_bsp/\libhal_bsp.a(altera_avalon_jtag_uart_init.o)
 .bss           0x0000000000025c10        0x0 ../lab-02-temperature_bsp/\libhal_bsp.a(altera_avalon_jtag_uart_ioctl.o)
 .bss           0x0000000000025c10        0x0 ../lab-02-temperature_bsp/\libhal_bsp.a(altera_avalon_jtag_uart_read.o)
 .bss           0x0000000000025c10        0x0 ../lab-02-temperature_bsp/\libhal_bsp.a(altera_avalon_jtag_uart_write.o)
 .bss           0x0000000000025c10        0x0 ../lab-02-temperature_bsp/\libhal_bsp.a(altera_avalon_timer_sc.o)
 .bss           0x0000000000025c10        0x0 ../lab-02-temperature_bsp/\libhal_bsp.a(altera_up_avalon_character_lcd.o)
 .bss           0x0000000000025c10        0x0 ../lab-02-temperature_bsp/\libhal_bsp.a(alt_alarm_start.o)
 .bss           0x0000000000025c10        0x0 ../lab-02-temperature_bsp/\libhal_bsp.a(alt_close.o)
 .bss           0x0000000000025c10        0x0 ../lab-02-temperature_bsp/\libhal_bsp.a(alt_dcache_flush_all.o)
 .bss           0x0000000000025c10        0x0 ../lab-02-temperature_bsp/\libhal_bsp.a(alt_dev.o)
 .bss           0x0000000000025c10        0x0 ../lab-02-temperature_bsp/\libhal_bsp.a(alt_dev_llist_insert.o)
 .bss           0x0000000000025c10        0x0 ../lab-02-temperature_bsp/\libhal_bsp.a(alt_do_ctors.o)
 .bss           0x0000000000025c10        0x0 ../lab-02-temperature_bsp/\libhal_bsp.a(alt_do_dtors.o)
 .bss           0x0000000000025c10        0x0 ../lab-02-temperature_bsp/\libhal_bsp.a(alt_errno.o)
 .bss           0x0000000000025c10        0x0 ../lab-02-temperature_bsp/\libhal_bsp.a(alt_find_dev.o)
 .bss           0x0000000000025c10        0x0 ../lab-02-temperature_bsp/\libhal_bsp.a(alt_icache_flush_all.o)
 .bss           0x0000000000025c10        0x0 ../lab-02-temperature_bsp/\libhal_bsp.a(alt_io_redirect.o)
 .bss           0x0000000000025c10        0x0 ../lab-02-temperature_bsp/\libhal_bsp.a(alt_irq_register.o)
 .bss           0x0000000000025c10        0x0 ../lab-02-temperature_bsp/\libhal_bsp.a(alt_irq_vars.o)
 .bss           0x0000000000025c10        0x0 ../lab-02-temperature_bsp/\libhal_bsp.a(alt_open.o)
 .bss           0x0000000000025c10        0x0 ../lab-02-temperature_bsp/\libhal_bsp.a(alt_release_fd.o)
 .bss           0x0000000000025c10        0x0 ../lab-02-temperature_bsp/\libhal_bsp.a(alt_tick.o)
 .bss           0x0000000000025c10        0x0 ../lab-02-temperature_bsp/\libhal_bsp.a(altera_nios2_gen2_irq.o)
 .bss           0x0000000000025c10        0x0 ../lab-02-temperature_bsp/\libhal_bsp.a(alt_find_file.o)
 .bss           0x0000000000025c10        0x0 ../lab-02-temperature_bsp/\libhal_bsp.a(alt_get_fd.o)
 .bss           0x0000000000025c10        0x0 ../lab-02-temperature_bsp/\libhal_bsp.a(alt_irq_entry.o)
 .bss           0x0000000000025c10        0x0 ../lab-02-temperature_bsp/\libhal_bsp.a(alt_irq_handler.o)
 .bss           0x0000000000025c10        0x0 ../lab-02-temperature_bsp/\libhal_bsp.a(alt_exception_entry.o)
 .bss           0x0000000000025c10        0x0 ../lab-02-temperature_bsp/\libhal_bsp.a(alt_instruction_exception_entry.o)
 .bss           0x0000000000025c10        0x0 f:/intelfpga_lite/17.1/nios2eds/bin/gnu/h-x86_64-mingw32/bin/../lib/gcc/nios2-elf/5.3.0/../../../../../H-x86_64-mingw32/nios2-elf/lib/mno-hw-mul\libc.a(lib_a-atexit.o)
 .bss           0x0000000000025c10        0x0 f:/intelfpga_lite/17.1/nios2eds/bin/gnu/h-x86_64-mingw32/bin/../lib/gcc/nios2-elf/5.3.0/../../../../../H-x86_64-mingw32/nios2-elf/lib/mno-hw-mul\libc.a(lib_a-exit.o)
 .bss           0x0000000000025c10        0x0 f:/intelfpga_lite/17.1/nios2eds/bin/gnu/h-x86_64-mingw32/bin/../lib/gcc/nios2-elf/5.3.0/../../../../../H-x86_64-mingw32/nios2-elf/lib/mno-hw-mul\libc.a(lib_a-impure.o)
 .bss           0x0000000000025c10        0x0 f:/intelfpga_lite/17.1/nios2eds/bin/gnu/h-x86_64-mingw32/bin/../lib/gcc/nios2-elf/5.3.0/../../../../../H-x86_64-mingw32/nios2-elf/lib/mno-hw-mul\libc.a(lib_a-int_errno.o)
 .bss           0x0000000000025c10        0x0 f:/intelfpga_lite/17.1/nios2eds/bin/gnu/h-x86_64-mingw32/bin/../lib/gcc/nios2-elf/5.3.0/../../../../../H-x86_64-mingw32/nios2-elf/lib/mno-hw-mul\libc.a(lib_a-memcmp.o)
 .bss           0x0000000000025c10        0x0 f:/intelfpga_lite/17.1/nios2eds/bin/gnu/h-x86_64-mingw32/bin/../lib/gcc/nios2-elf/5.3.0/../../../../../H-x86_64-mingw32/nios2-elf/lib/mno-hw-mul\libc.a(lib_a-memcpy.o)
 .bss           0x0000000000025c10        0x0 f:/intelfpga_lite/17.1/nios2eds/bin/gnu/h-x86_64-mingw32/bin/../lib/gcc/nios2-elf/5.3.0/../../../../../H-x86_64-mingw32/nios2-elf/lib/mno-hw-mul\libc.a(lib_a-strlen.o)
 .bss           0x0000000000025c10        0x0 f:/intelfpga_lite/17.1/nios2eds/bin/gnu/h-x86_64-mingw32/bin/../lib/gcc/nios2-elf/5.3.0/../../../../../H-x86_64-mingw32/nios2-elf/lib/mno-hw-mul\libc.a(lib_a-__atexit.o)
 .bss           0x0000000000025c10        0x0 f:/intelfpga_lite/17.1/nios2eds/bin/gnu/h-x86_64-mingw32/bin/../lib/gcc/nios2-elf/5.3.0/../../../../../H-x86_64-mingw32/nios2-elf/lib/mno-hw-mul\libc.a(lib_a-__call_atexit.o)
 .bss           0x0000000000025c10        0x0 f:/intelfpga_lite/17.1/nios2eds/bin/gnu/h-x86_64-mingw32/bin/../lib/gcc/nios2-elf/5.3.0/mno-hw-mul\libgcc.a(lib2-mul.o)
 .bss           0x0000000000025c10        0x0 ../lab-02-temperature_bsp/\libhal_bsp.a(alt_exit.o)
 *(COMMON)
 COMMON         0x0000000000025c10      0x100 ../lab-02-temperature_bsp/\libhal_bsp.a(alt_irq_handler.o)
                0x0000000000025c10                alt_irq
                0x0000000000025d10                . = ALIGN (0x4)
                0x0000000000025d10                __bss_end = ABSOLUTE (.)

.OnChip_Memory  0x0000000000025d10        0x0
                [!provide]                        PROVIDE (_alt_partition_OnChip_Memory_start, ABSOLUTE (.))
 *(.OnChip_Memory .OnChip_Memory. OnChip_Memory.*)
                0x0000000000025d10                . = ALIGN (0x4)
                [!provide]                        PROVIDE (_alt_partition_OnChip_Memory_end, ABSOLUTE (.))
                0x0000000000025d10                _end = ABSOLUTE (.)
                0x0000000000025d10                end = ABSOLUTE (.)
                0x0000000000025d10                __alt_stack_base = ABSOLUTE (.)
                [!provide]                        PROVIDE (_alt_partition_OnChip_Memory_load_addr, LOADADDR (.OnChip_Memory))

.stab
 *(.stab)

.stabstr
 *(.stabstr)

.stab.excl
 *(.stab.excl)

.stab.exclstr
 *(.stab.exclstr)

.stab.index
 *(.stab.index)

.stab.indexstr
 *(.stab.indexstr)

.comment        0x0000000000000000       0x23
 *(.comment)
 .comment       0x0000000000000000       0x23 obj/default/hello_world.o
                                         0x24 (size before relaxing)
 .comment       0x0000000000000023       0x24 ../lab-02-temperature_bsp/\libhal_bsp.a(alt_load.o)
 .comment       0x0000000000000023       0x24 ../lab-02-temperature_bsp/\libhal_bsp.a(alt_main.o)
 .comment       0x0000000000000023       0x24 ../lab-02-temperature_bsp/\libhal_bsp.a(alt_sys_init.o)
 .comment       0x0000000000000023       0x24 ../lab-02-temperature_bsp/\libhal_bsp.a(altera_avalon_jtag_uart_fd.o)
 .comment       0x0000000000000023       0x24 ../lab-02-temperature_bsp/\libhal_bsp.a(altera_avalon_jtag_uart_init.o)
 .comment       0x0000000000000023       0x24 ../lab-02-temperature_bsp/\libhal_bsp.a(altera_avalon_jtag_uart_ioctl.o)
 .comment       0x0000000000000023       0x24 ../lab-02-temperature_bsp/\libhal_bsp.a(altera_avalon_jtag_uart_read.o)
 .comment       0x0000000000000023       0x24 ../lab-02-temperature_bsp/\libhal_bsp.a(altera_avalon_jtag_uart_write.o)
 .comment       0x0000000000000023       0x24 ../lab-02-temperature_bsp/\libhal_bsp.a(altera_avalon_timer_sc.o)
 .comment       0x0000000000000023       0x24 ../lab-02-temperature_bsp/\libhal_bsp.a(altera_up_avalon_character_lcd.o)
 .comment       0x0000000000000023       0x24 ../lab-02-temperature_bsp/\libhal_bsp.a(alt_alarm_start.o)
 .comment       0x0000000000000023       0x24 ../lab-02-temperature_bsp/\libhal_bsp.a(alt_close.o)
 .comment       0x0000000000000023       0x24 ../lab-02-temperature_bsp/\libhal_bsp.a(alt_dcache_flush_all.o)
 .comment       0x0000000000000023       0x24 ../lab-02-temperature_bsp/\libhal_bsp.a(alt_dev.o)
 .comment       0x0000000000000023       0x24 ../lab-02-temperature_bsp/\libhal_bsp.a(alt_dev_llist_insert.o)
 .comment       0x0000000000000023       0x24 ../lab-02-temperature_bsp/\libhal_bsp.a(alt_do_ctors.o)
 .comment       0x0000000000000023       0x24 ../lab-02-temperature_bsp/\libhal_bsp.a(alt_do_dtors.o)
 .comment       0x0000000000000023       0x24 ../lab-02-temperature_bsp/\libhal_bsp.a(alt_errno.o)
 .comment       0x0000000000000023       0x24 ../lab-02-temperature_bsp/\libhal_bsp.a(alt_find_dev.o)
 .comment       0x0000000000000023       0x24 ../lab-02-temperature_bsp/\libhal_bsp.a(alt_icache_flush_all.o)
 .comment       0x0000000000000023       0x24 ../lab-02-temperature_bsp/\libhal_bsp.a(alt_io_redirect.o)
 .comment       0x0000000000000023       0x24 ../lab-02-temperature_bsp/\libhal_bsp.a(alt_irq_register.o)
 .comment       0x0000000000000023       0x24 ../lab-02-temperature_bsp/\libhal_bsp.a(alt_irq_vars.o)
 .comment       0x0000000000000023       0x24 ../lab-02-temperature_bsp/\libhal_bsp.a(alt_open.o)
 .comment       0x0000000000000023       0x24 ../lab-02-temperature_bsp/\libhal_bsp.a(alt_release_fd.o)
 .comment       0x0000000000000023       0x24 ../lab-02-temperature_bsp/\libhal_bsp.a(alt_tick.o)
 .comment       0x0000000000000023       0x24 ../lab-02-temperature_bsp/\libhal_bsp.a(altera_nios2_gen2_irq.o)
 .comment       0x0000000000000023       0x24 ../lab-02-temperature_bsp/\libhal_bsp.a(alt_find_file.o)
 .comment       0x0000000000000023       0x24 ../lab-02-temperature_bsp/\libhal_bsp.a(alt_get_fd.o)
 .comment       0x0000000000000023       0x24 ../lab-02-temperature_bsp/\libhal_bsp.a(alt_irq_handler.o)
 .comment       0x0000000000000023       0x24 ../lab-02-temperature_bsp/\libhal_bsp.a(alt_instruction_exception_entry.o)
 .comment       0x0000000000000023       0x24 f:/intelfpga_lite/17.1/nios2eds/bin/gnu/h-x86_64-mingw32/bin/../lib/gcc/nios2-elf/5.3.0/../../../../../H-x86_64-mingw32/nios2-elf/lib/mno-hw-mul\libc.a(lib_a-atexit.o)
 .comment       0x0000000000000023       0x24 f:/intelfpga_lite/17.1/nios2eds/bin/gnu/h-x86_64-mingw32/bin/../lib/gcc/nios2-elf/5.3.0/../../../../../H-x86_64-mingw32/nios2-elf/lib/mno-hw-mul\libc.a(lib_a-exit.o)
 .comment       0x0000000000000023       0x24 f:/intelfpga_lite/17.1/nios2eds/bin/gnu/h-x86_64-mingw32/bin/../lib/gcc/nios2-elf/5.3.0/../../../../../H-x86_64-mingw32/nios2-elf/lib/mno-hw-mul\libc.a(lib_a-impure.o)
 .comment       0x0000000000000023       0x24 f:/intelfpga_lite/17.1/nios2eds/bin/gnu/h-x86_64-mingw32/bin/../lib/gcc/nios2-elf/5.3.0/../../../../../H-x86_64-mingw32/nios2-elf/lib/mno-hw-mul\libc.a(lib_a-int_errno.o)
 .comment       0x0000000000000023       0x24 f:/intelfpga_lite/17.1/nios2eds/bin/gnu/h-x86_64-mingw32/bin/../lib/gcc/nios2-elf/5.3.0/../../../../../H-x86_64-mingw32/nios2-elf/lib/mno-hw-mul\libc.a(lib_a-memcmp.o)
 .comment       0x0000000000000023       0x24 f:/intelfpga_lite/17.1/nios2eds/bin/gnu/h-x86_64-mingw32/bin/../lib/gcc/nios2-elf/5.3.0/../../../../../H-x86_64-mingw32/nios2-elf/lib/mno-hw-mul\libc.a(lib_a-memcpy.o)
 .comment       0x0000000000000023       0x24 f:/intelfpga_lite/17.1/nios2eds/bin/gnu/h-x86_64-mingw32/bin/../lib/gcc/nios2-elf/5.3.0/../../../../../H-x86_64-mingw32/nios2-elf/lib/mno-hw-mul\libc.a(lib_a-strlen.o)
 .comment       0x0000000000000023       0x24 f:/intelfpga_lite/17.1/nios2eds/bin/gnu/h-x86_64-mingw32/bin/../lib/gcc/nios2-elf/5.3.0/../../../../../H-x86_64-mingw32/nios2-elf/lib/mno-hw-mul\libc.a(lib_a-__atexit.o)
 .comment       0x0000000000000023       0x24 f:/intelfpga_lite/17.1/nios2eds/bin/gnu/h-x86_64-mingw32/bin/../lib/gcc/nios2-elf/5.3.0/../../../../../H-x86_64-mingw32/nios2-elf/lib/mno-hw-mul\libc.a(lib_a-__call_atexit.o)
 .comment       0x0000000000000023       0x24 f:/intelfpga_lite/17.1/nios2eds/bin/gnu/h-x86_64-mingw32/bin/../lib/gcc/nios2-elf/5.3.0/mno-hw-mul\libgcc.a(lib2-mul.o)
 .comment       0x0000000000000023       0x24 ../lab-02-temperature_bsp/\libhal_bsp.a(alt_exit.o)

.debug
 *(.debug)

.line
 *(.line)

.debug_srcinfo
 *(.debug_srcinfo)

.debug_sfnames
 *(.debug_sfnames)

.debug_aranges  0x0000000000000000      0x5d8
 *(.debug_aranges)
 .debug_aranges
                0x0000000000000000       0x28 ../lab-02-temperature_bsp//obj/HAL/src/crt0.o
 .debug_aranges
                0x0000000000000028       0x20 obj/default/hello_world.o
 .debug_aranges
                0x0000000000000048       0x20 ../lab-02-temperature_bsp/\libhal_bsp.a(alt_load.o)
 .debug_aranges
                0x0000000000000068       0x20 ../lab-02-temperature_bsp/\libhal_bsp.a(alt_main.o)
 .debug_aranges
                0x0000000000000088       0x20 ../lab-02-temperature_bsp/\libhal_bsp.a(alt_sys_init.o)
 .debug_aranges
                0x00000000000000a8       0x20 ../lab-02-temperature_bsp/\libhal_bsp.a(altera_avalon_jtag_uart_fd.o)
 .debug_aranges
                0x00000000000000c8       0x20 ../lab-02-temperature_bsp/\libhal_bsp.a(altera_avalon_jtag_uart_init.o)
 .debug_aranges
                0x00000000000000e8       0x20 ../lab-02-temperature_bsp/\libhal_bsp.a(altera_avalon_jtag_uart_ioctl.o)
 .debug_aranges
                0x0000000000000108       0x20 ../lab-02-temperature_bsp/\libhal_bsp.a(altera_avalon_jtag_uart_read.o)
 .debug_aranges
                0x0000000000000128       0x20 ../lab-02-temperature_bsp/\libhal_bsp.a(altera_avalon_jtag_uart_write.o)
 .debug_aranges
                0x0000000000000148       0x20 ../lab-02-temperature_bsp/\libhal_bsp.a(altera_avalon_timer_sc.o)
 .debug_aranges
                0x0000000000000168       0x20 ../lab-02-temperature_bsp/\libhal_bsp.a(altera_up_avalon_character_lcd.o)
 .debug_aranges
                0x0000000000000188       0x20 ../lab-02-temperature_bsp/\libhal_bsp.a(alt_alarm_start.o)
 .debug_aranges
                0x00000000000001a8       0x20 ../lab-02-temperature_bsp/\libhal_bsp.a(alt_close.o)
 .debug_aranges
                0x00000000000001c8       0x20 ../lab-02-temperature_bsp/\libhal_bsp.a(alt_dcache_flush_all.o)
 .debug_aranges
                0x00000000000001e8       0x20 ../lab-02-temperature_bsp/\libhal_bsp.a(alt_dev.o)
 .debug_aranges
                0x0000000000000208       0x20 ../lab-02-temperature_bsp/\libhal_bsp.a(alt_dev_llist_insert.o)
 .debug_aranges
                0x0000000000000228       0x20 ../lab-02-temperature_bsp/\libhal_bsp.a(alt_do_ctors.o)
 .debug_aranges
                0x0000000000000248       0x20 ../lab-02-temperature_bsp/\libhal_bsp.a(alt_do_dtors.o)
 .debug_aranges
                0x0000000000000268       0x18 ../lab-02-temperature_bsp/\libhal_bsp.a(alt_errno.o)
 .debug_aranges
                0x0000000000000280       0x20 ../lab-02-temperature_bsp/\libhal_bsp.a(alt_find_dev.o)
 .debug_aranges
                0x00000000000002a0       0x20 ../lab-02-temperature_bsp/\libhal_bsp.a(alt_icache_flush_all.o)
 .debug_aranges
                0x00000000000002c0       0x20 ../lab-02-temperature_bsp/\libhal_bsp.a(alt_io_redirect.o)
 .debug_aranges
                0x00000000000002e0       0x20 ../lab-02-temperature_bsp/\libhal_bsp.a(alt_irq_register.o)
 .debug_aranges
                0x0000000000000300       0x18 ../lab-02-temperature_bsp/\libhal_bsp.a(alt_irq_vars.o)
 .debug_aranges
                0x0000000000000318       0x20 ../lab-02-temperature_bsp/\libhal_bsp.a(alt_open.o)
 .debug_aranges
                0x0000000000000338       0x20 ../lab-02-temperature_bsp/\libhal_bsp.a(alt_release_fd.o)
 .debug_aranges
                0x0000000000000358       0x20 ../lab-02-temperature_bsp/\libhal_bsp.a(alt_tick.o)
 .debug_aranges
                0x0000000000000378       0x20 ../lab-02-temperature_bsp/\libhal_bsp.a(altera_nios2_gen2_irq.o)
 .debug_aranges
                0x0000000000000398       0x20 ../lab-02-temperature_bsp/\libhal_bsp.a(alt_find_file.o)
 .debug_aranges
                0x00000000000003b8       0x20 ../lab-02-temperature_bsp/\libhal_bsp.a(alt_get_fd.o)
 .debug_aranges
                0x00000000000003d8       0x30 ../lab-02-temperature_bsp/\libhal_bsp.a(alt_irq_entry.o)
 .debug_aranges
                0x0000000000000408       0x20 ../lab-02-temperature_bsp/\libhal_bsp.a(alt_irq_handler.o)
 .debug_aranges
                0x0000000000000428       0x38 ../lab-02-temperature_bsp/\libhal_bsp.a(alt_exception_entry.o)
 .debug_aranges
                0x0000000000000460       0x28 ../lab-02-temperature_bsp/\libhal_bsp.a(alt_instruction_exception_entry.o)
 .debug_aranges
                0x0000000000000488       0x20 f:/intelfpga_lite/17.1/nios2eds/bin/gnu/h-x86_64-mingw32/bin/../lib/gcc/nios2-elf/5.3.0/../../../../../H-x86_64-mingw32/nios2-elf/lib/mno-hw-mul\libc.a(lib_a-atexit.o)
 .debug_aranges
                0x00000000000004a8       0x20 f:/intelfpga_lite/17.1/nios2eds/bin/gnu/h-x86_64-mingw32/bin/../lib/gcc/nios2-elf/5.3.0/../../../../../H-x86_64-mingw32/nios2-elf/lib/mno-hw-mul\libc.a(lib_a-exit.o)
 .debug_aranges
                0x00000000000004c8       0x18 f:/intelfpga_lite/17.1/nios2eds/bin/gnu/h-x86_64-mingw32/bin/../lib/gcc/nios2-elf/5.3.0/../../../../../H-x86_64-mingw32/nios2-elf/lib/mno-hw-mul\libc.a(lib_a-impure.o)
 .debug_aranges
                0x00000000000004e0       0x18 f:/intelfpga_lite/17.1/nios2eds/bin/gnu/h-x86_64-mingw32/bin/../lib/gcc/nios2-elf/5.3.0/../../../../../H-x86_64-mingw32/nios2-elf/lib/mno-hw-mul\libc.a(lib_a-int_errno.o)
 .debug_aranges
                0x00000000000004f8       0x20 f:/intelfpga_lite/17.1/nios2eds/bin/gnu/h-x86_64-mingw32/bin/../lib/gcc/nios2-elf/5.3.0/../../../../../H-x86_64-mingw32/nios2-elf/lib/mno-hw-mul\libc.a(lib_a-memcmp.o)
 .debug_aranges
                0x0000000000000518       0x20 f:/intelfpga_lite/17.1/nios2eds/bin/gnu/h-x86_64-mingw32/bin/../lib/gcc/nios2-elf/5.3.0/../../../../../H-x86_64-mingw32/nios2-elf/lib/mno-hw-mul\libc.a(lib_a-memcpy.o)
 .debug_aranges
                0x0000000000000538       0x20 f:/intelfpga_lite/17.1/nios2eds/bin/gnu/h-x86_64-mingw32/bin/../lib/gcc/nios2-elf/5.3.0/../../../../../H-x86_64-mingw32/nios2-elf/lib/mno-hw-mul\libc.a(lib_a-strlen.o)
 .debug_aranges
                0x0000000000000558       0x20 f:/intelfpga_lite/17.1/nios2eds/bin/gnu/h-x86_64-mingw32/bin/../lib/gcc/nios2-elf/5.3.0/../../../../../H-x86_64-mingw32/nios2-elf/lib/mno-hw-mul\libc.a(lib_a-__atexit.o)
 .debug_aranges
                0x0000000000000578       0x20 f:/intelfpga_lite/17.1/nios2eds/bin/gnu/h-x86_64-mingw32/bin/../lib/gcc/nios2-elf/5.3.0/../../../../../H-x86_64-mingw32/nios2-elf/lib/mno-hw-mul\libc.a(lib_a-__call_atexit.o)
 .debug_aranges
                0x0000000000000598       0x20 f:/intelfpga_lite/17.1/nios2eds/bin/gnu/h-x86_64-mingw32/bin/../lib/gcc/nios2-elf/5.3.0/mno-hw-mul\libgcc.a(lib2-mul.o)
 .debug_aranges
                0x00000000000005b8       0x20 ../lab-02-temperature_bsp/\libhal_bsp.a(alt_exit.o)

.debug_pubnames
 *(.debug_pubnames)

.debug_info     0x0000000000000000     0x7dbb
 *(.debug_info .gnu.linkonce.wi.*)
 .debug_info    0x0000000000000000       0x77 ../lab-02-temperature_bsp//obj/HAL/src/crt0.o
 .debug_info    0x0000000000000077      0x113 obj/default/hello_world.o
 .debug_info    0x000000000000018a      0x145 ../lab-02-temperature_bsp/\libhal_bsp.a(alt_load.o)
 .debug_info    0x00000000000002cf      0x157 ../lab-02-temperature_bsp/\libhal_bsp.a(alt_main.o)
 .debug_info    0x0000000000000426      0x5c6 ../lab-02-temperature_bsp/\libhal_bsp.a(alt_sys_init.o)
 .debug_info    0x00000000000009ec      0x52e ../lab-02-temperature_bsp/\libhal_bsp.a(altera_avalon_jtag_uart_fd.o)
 .debug_info    0x0000000000000f1a      0x3c3 ../lab-02-temperature_bsp/\libhal_bsp.a(altera_avalon_jtag_uart_init.o)
 .debug_info    0x00000000000012dd      0x280 ../lab-02-temperature_bsp/\libhal_bsp.a(altera_avalon_jtag_uart_ioctl.o)
 .debug_info    0x000000000000155d      0x35b ../lab-02-temperature_bsp/\libhal_bsp.a(altera_avalon_jtag_uart_read.o)
 .debug_info    0x00000000000018b8      0x356 ../lab-02-temperature_bsp/\libhal_bsp.a(altera_avalon_jtag_uart_write.o)
 .debug_info    0x0000000000001c0e      0x249 ../lab-02-temperature_bsp/\libhal_bsp.a(altera_avalon_timer_sc.o)
 .debug_info    0x0000000000001e57      0x601 ../lab-02-temperature_bsp/\libhal_bsp.a(altera_up_avalon_character_lcd.o)
 .debug_info    0x0000000000002458      0x2e2 ../lab-02-temperature_bsp/\libhal_bsp.a(alt_alarm_start.o)
 .debug_info    0x000000000000273a      0x321 ../lab-02-temperature_bsp/\libhal_bsp.a(alt_close.o)
 .debug_info    0x0000000000002a5b       0x92 ../lab-02-temperature_bsp/\libhal_bsp.a(alt_dcache_flush_all.o)
 .debug_info    0x0000000000002aed      0x49c ../lab-02-temperature_bsp/\libhal_bsp.a(alt_dev.o)
 .debug_info    0x0000000000002f89      0x1a9 ../lab-02-temperature_bsp/\libhal_bsp.a(alt_dev_llist_insert.o)
 .debug_info    0x0000000000003132       0x83 ../lab-02-temperature_bsp/\libhal_bsp.a(alt_do_ctors.o)
 .debug_info    0x00000000000031b5       0x83 ../lab-02-temperature_bsp/\libhal_bsp.a(alt_do_dtors.o)
 .debug_info    0x0000000000003238       0xa6 ../lab-02-temperature_bsp/\libhal_bsp.a(alt_errno.o)
 .debug_info    0x00000000000032de      0x2e9 ../lab-02-temperature_bsp/\libhal_bsp.a(alt_find_dev.o)
 .debug_info    0x00000000000035c7       0x92 ../lab-02-temperature_bsp/\libhal_bsp.a(alt_icache_flush_all.o)
 .debug_info    0x0000000000003659      0x4a5 ../lab-02-temperature_bsp/\libhal_bsp.a(alt_io_redirect.o)
 .debug_info    0x0000000000003afe      0x329 ../lab-02-temperature_bsp/\libhal_bsp.a(alt_irq_register.o)
 .debug_info    0x0000000000003e27       0x88 ../lab-02-temperature_bsp/\libhal_bsp.a(alt_irq_vars.o)
 .debug_info    0x0000000000003eaf      0x3bb ../lab-02-temperature_bsp/\libhal_bsp.a(alt_open.o)
 .debug_info    0x000000000000426a      0x2b0 ../lab-02-temperature_bsp/\libhal_bsp.a(alt_release_fd.o)
 .debug_info    0x000000000000451a      0x2af ../lab-02-temperature_bsp/\libhal_bsp.a(alt_tick.o)
 .debug_info    0x00000000000047c9       0xb8 ../lab-02-temperature_bsp/\libhal_bsp.a(altera_nios2_gen2_irq.o)
 .debug_info    0x0000000000004881      0x2e6 ../lab-02-temperature_bsp/\libhal_bsp.a(alt_find_file.o)
 .debug_info    0x0000000000004b67      0x310 ../lab-02-temperature_bsp/\libhal_bsp.a(alt_get_fd.o)
 .debug_info    0x0000000000004e77       0x80 ../lab-02-temperature_bsp/\libhal_bsp.a(alt_irq_entry.o)
 .debug_info    0x0000000000004ef7      0x1a7 ../lab-02-temperature_bsp/\libhal_bsp.a(alt_irq_handler.o)
 .debug_info    0x000000000000509e       0x86 ../lab-02-temperature_bsp/\libhal_bsp.a(alt_exception_entry.o)
 .debug_info    0x0000000000005124      0x1e7 ../lab-02-temperature_bsp/\libhal_bsp.a(alt_instruction_exception_entry.o)
 .debug_info    0x000000000000530b       0xfe f:/intelfpga_lite/17.1/nios2eds/bin/gnu/h-x86_64-mingw32/bin/../lib/gcc/nios2-elf/5.3.0/../../../../../H-x86_64-mingw32/nios2-elf/lib/mno-hw-mul\libc.a(lib_a-atexit.o)
 .debug_info    0x0000000000005409      0x8e4 f:/intelfpga_lite/17.1/nios2eds/bin/gnu/h-x86_64-mingw32/bin/../lib/gcc/nios2-elf/5.3.0/../../../../../H-x86_64-mingw32/nios2-elf/lib/mno-hw-mul\libc.a(lib_a-exit.o)
 .debug_info    0x0000000000005ced      0x8a1 f:/intelfpga_lite/17.1/nios2eds/bin/gnu/h-x86_64-mingw32/bin/../lib/gcc/nios2-elf/5.3.0/../../../../../H-x86_64-mingw32/nios2-elf/lib/mno-hw-mul\libc.a(lib_a-impure.o)
 .debug_info    0x000000000000658e       0x8a f:/intelfpga_lite/17.1/nios2eds/bin/gnu/h-x86_64-mingw32/bin/../lib/gcc/nios2-elf/5.3.0/../../../../../H-x86_64-mingw32/nios2-elf/lib/mno-hw-mul\libc.a(lib_a-int_errno.o)
 .debug_info    0x0000000000006618      0x11a f:/intelfpga_lite/17.1/nios2eds/bin/gnu/h-x86_64-mingw32/bin/../lib/gcc/nios2-elf/5.3.0/../../../../../H-x86_64-mingw32/nios2-elf/lib/mno-hw-mul\libc.a(lib_a-memcmp.o)
 .debug_info    0x0000000000006732      0x144 f:/intelfpga_lite/17.1/nios2eds/bin/gnu/h-x86_64-mingw32/bin/../lib/gcc/nios2-elf/5.3.0/../../../../../H-x86_64-mingw32/nios2-elf/lib/mno-hw-mul\libc.a(lib_a-memcpy.o)
 .debug_info    0x0000000000006876       0xe2 f:/intelfpga_lite/17.1/nios2eds/bin/gnu/h-x86_64-mingw32/bin/../lib/gcc/nios2-elf/5.3.0/../../../../../H-x86_64-mingw32/nios2-elf/lib/mno-hw-mul\libc.a(lib_a-strlen.o)
 .debug_info    0x0000000000006958      0x934 f:/intelfpga_lite/17.1/nios2eds/bin/gnu/h-x86_64-mingw32/bin/../lib/gcc/nios2-elf/5.3.0/../../../../../H-x86_64-mingw32/nios2-elf/lib/mno-hw-mul\libc.a(lib_a-__atexit.o)
 .debug_info    0x000000000000728c      0x965 f:/intelfpga_lite/17.1/nios2eds/bin/gnu/h-x86_64-mingw32/bin/../lib/gcc/nios2-elf/5.3.0/../../../../../H-x86_64-mingw32/nios2-elf/lib/mno-hw-mul\libc.a(lib_a-__call_atexit.o)
 .debug_info    0x0000000000007bf1       0xb4 f:/intelfpga_lite/17.1/nios2eds/bin/gnu/h-x86_64-mingw32/bin/../lib/gcc/nios2-elf/5.3.0/mno-hw-mul\libgcc.a(lib2-mul.o)
 .debug_info    0x0000000000007ca5      0x116 ../lab-02-temperature_bsp/\libhal_bsp.a(alt_exit.o)

.debug_abbrev   0x0000000000000000     0x2b5b
 *(.debug_abbrev)
 .debug_abbrev  0x0000000000000000       0x12 ../lab-02-temperature_bsp//obj/HAL/src/crt0.o
 .debug_abbrev  0x0000000000000012       0xb7 obj/default/hello_world.o
 .debug_abbrev  0x00000000000000c9       0x9f ../lab-02-temperature_bsp/\libhal_bsp.a(alt_load.o)
 .debug_abbrev  0x0000000000000168       0xc1 ../lab-02-temperature_bsp/\libhal_bsp.a(alt_main.o)
 .debug_abbrev  0x0000000000000229      0x196 ../lab-02-temperature_bsp/\libhal_bsp.a(alt_sys_init.o)
 .debug_abbrev  0x00000000000003bf      0x127 ../lab-02-temperature_bsp/\libhal_bsp.a(altera_avalon_jtag_uart_fd.o)
 .debug_abbrev  0x00000000000004e6      0x19e ../lab-02-temperature_bsp/\libhal_bsp.a(altera_avalon_jtag_uart_init.o)
 .debug_abbrev  0x0000000000000684      0x111 ../lab-02-temperature_bsp/\libhal_bsp.a(altera_avalon_jtag_uart_ioctl.o)
 .debug_abbrev  0x0000000000000795      0x1aa ../lab-02-temperature_bsp/\libhal_bsp.a(altera_avalon_jtag_uart_read.o)
 .debug_abbrev  0x000000000000093f      0x1a8 ../lab-02-temperature_bsp/\libhal_bsp.a(altera_avalon_jtag_uart_write.o)
 .debug_abbrev  0x0000000000000ae7      0x155 ../lab-02-temperature_bsp/\libhal_bsp.a(altera_avalon_timer_sc.o)
 .debug_abbrev  0x0000000000000c3c      0x156 ../lab-02-temperature_bsp/\libhal_bsp.a(altera_up_avalon_character_lcd.o)
 .debug_abbrev  0x0000000000000d92      0x162 ../lab-02-temperature_bsp/\libhal_bsp.a(alt_alarm_start.o)
 .debug_abbrev  0x0000000000000ef4      0x11f ../lab-02-temperature_bsp/\libhal_bsp.a(alt_close.o)
 .debug_abbrev  0x0000000000001013       0x42 ../lab-02-temperature_bsp/\libhal_bsp.a(alt_dcache_flush_all.o)
 .debug_abbrev  0x0000000000001055       0xd9 ../lab-02-temperature_bsp/\libhal_bsp.a(alt_dev.o)
 .debug_abbrev  0x000000000000112e      0x114 ../lab-02-temperature_bsp/\libhal_bsp.a(alt_dev_llist_insert.o)
 .debug_abbrev  0x0000000000001242       0x79 ../lab-02-temperature_bsp/\libhal_bsp.a(alt_do_ctors.o)
 .debug_abbrev  0x00000000000012bb       0x79 ../lab-02-temperature_bsp/\libhal_bsp.a(alt_do_dtors.o)
 .debug_abbrev  0x0000000000001334       0x5a ../lab-02-temperature_bsp/\libhal_bsp.a(alt_errno.o)
 .debug_abbrev  0x000000000000138e       0xf0 ../lab-02-temperature_bsp/\libhal_bsp.a(alt_find_dev.o)
 .debug_abbrev  0x000000000000147e       0x42 ../lab-02-temperature_bsp/\libhal_bsp.a(alt_icache_flush_all.o)
 .debug_abbrev  0x00000000000014c0      0x114 ../lab-02-temperature_bsp/\libhal_bsp.a(alt_io_redirect.o)
 .debug_abbrev  0x00000000000015d4      0x186 ../lab-02-temperature_bsp/\libhal_bsp.a(alt_irq_register.o)
 .debug_abbrev  0x000000000000175a       0x40 ../lab-02-temperature_bsp/\libhal_bsp.a(alt_irq_vars.o)
 .debug_abbrev  0x000000000000179a      0x148 ../lab-02-temperature_bsp/\libhal_bsp.a(alt_open.o)
 .debug_abbrev  0x00000000000018e2       0xde ../lab-02-temperature_bsp/\libhal_bsp.a(alt_release_fd.o)
 .debug_abbrev  0x00000000000019c0      0x16b ../lab-02-temperature_bsp/\libhal_bsp.a(alt_tick.o)
 .debug_abbrev  0x0000000000001b2b       0x67 ../lab-02-temperature_bsp/\libhal_bsp.a(altera_nios2_gen2_irq.o)
 .debug_abbrev  0x0000000000001b92       0xf0 ../lab-02-temperature_bsp/\libhal_bsp.a(alt_find_file.o)
 .debug_abbrev  0x0000000000001c82      0x10d ../lab-02-temperature_bsp/\libhal_bsp.a(alt_get_fd.o)
 .debug_abbrev  0x0000000000001d8f       0x12 ../lab-02-temperature_bsp/\libhal_bsp.a(alt_irq_entry.o)
 .debug_abbrev  0x0000000000001da1      0x13a ../lab-02-temperature_bsp/\libhal_bsp.a(alt_irq_handler.o)
 .debug_abbrev  0x0000000000001edb       0x12 ../lab-02-temperature_bsp/\libhal_bsp.a(alt_exception_entry.o)
 .debug_abbrev  0x0000000000001eed       0xdc ../lab-02-temperature_bsp/\libhal_bsp.a(alt_instruction_exception_entry.o)
 .debug_abbrev  0x0000000000001fc9       0xaa f:/intelfpga_lite/17.1/nios2eds/bin/gnu/h-x86_64-mingw32/bin/../lib/gcc/nios2-elf/5.3.0/../../../../../H-x86_64-mingw32/nios2-elf/lib/mno-hw-mul\libc.a(lib_a-atexit.o)
 .debug_abbrev  0x0000000000002073      0x1e5 f:/intelfpga_lite/17.1/nios2eds/bin/gnu/h-x86_64-mingw32/bin/../lib/gcc/nios2-elf/5.3.0/../../../../../H-x86_64-mingw32/nios2-elf/lib/mno-hw-mul\libc.a(lib_a-exit.o)
 .debug_abbrev  0x0000000000002258      0x18f f:/intelfpga_lite/17.1/nios2eds/bin/gnu/h-x86_64-mingw32/bin/../lib/gcc/nios2-elf/5.3.0/../../../../../H-x86_64-mingw32/nios2-elf/lib/mno-hw-mul\libc.a(lib_a-impure.o)
 .debug_abbrev  0x00000000000023e7       0x37 f:/intelfpga_lite/17.1/nios2eds/bin/gnu/h-x86_64-mingw32/bin/../lib/gcc/nios2-elf/5.3.0/../../../../../H-x86_64-mingw32/nios2-elf/lib/mno-hw-mul\libc.a(lib_a-int_errno.o)
 .debug_abbrev  0x000000000000241e       0x7f f:/intelfpga_lite/17.1/nios2eds/bin/gnu/h-x86_64-mingw32/bin/../lib/gcc/nios2-elf/5.3.0/../../../../../H-x86_64-mingw32/nios2-elf/lib/mno-hw-mul\libc.a(lib_a-memcmp.o)
 .debug_abbrev  0x000000000000249d       0xa3 f:/intelfpga_lite/17.1/nios2eds/bin/gnu/h-x86_64-mingw32/bin/../lib/gcc/nios2-elf/5.3.0/../../../../../H-x86_64-mingw32/nios2-elf/lib/mno-hw-mul\libc.a(lib_a-memcpy.o)
 .debug_abbrev  0x0000000000002540       0x90 f:/intelfpga_lite/17.1/nios2eds/bin/gnu/h-x86_64-mingw32/bin/../lib/gcc/nios2-elf/5.3.0/../../../../../H-x86_64-mingw32/nios2-elf/lib/mno-hw-mul\libc.a(lib_a-strlen.o)
 .debug_abbrev  0x00000000000025d0      0x21e f:/intelfpga_lite/17.1/nios2eds/bin/gnu/h-x86_64-mingw32/bin/../lib/gcc/nios2-elf/5.3.0/../../../../../H-x86_64-mingw32/nios2-elf/lib/mno-hw-mul\libc.a(lib_a-__atexit.o)
 .debug_abbrev  0x00000000000027ee      0x22e f:/intelfpga_lite/17.1/nios2eds/bin/gnu/h-x86_64-mingw32/bin/../lib/gcc/nios2-elf/5.3.0/../../../../../H-x86_64-mingw32/nios2-elf/lib/mno-hw-mul\libc.a(lib_a-__call_atexit.o)
 .debug_abbrev  0x0000000000002a1c       0x6f f:/intelfpga_lite/17.1/nios2eds/bin/gnu/h-x86_64-mingw32/bin/../lib/gcc/nios2-elf/5.3.0/mno-hw-mul\libgcc.a(lib2-mul.o)
 .debug_abbrev  0x0000000000002a8b       0xd0 ../lab-02-temperature_bsp/\libhal_bsp.a(alt_exit.o)

.debug_line     0x0000000000000000     0x2dc4
 *(.debug_line)
 .debug_line    0x0000000000000000       0x66 ../lab-02-temperature_bsp//obj/HAL/src/crt0.o
 .debug_line    0x0000000000000066       0xa1 obj/default/hello_world.o
 .debug_line    0x0000000000000107       0x8e ../lab-02-temperature_bsp/\libhal_bsp.a(alt_load.o)
 .debug_line    0x0000000000000195       0xd1 ../lab-02-temperature_bsp/\libhal_bsp.a(alt_main.o)
 .debug_line    0x0000000000000266      0x1b5 ../lab-02-temperature_bsp/\libhal_bsp.a(alt_sys_init.o)
 .debug_line    0x000000000000041b      0x12f ../lab-02-temperature_bsp/\libhal_bsp.a(altera_avalon_jtag_uart_fd.o)
 .debug_line    0x000000000000054a      0x19f ../lab-02-temperature_bsp/\libhal_bsp.a(altera_avalon_jtag_uart_init.o)
 .debug_line    0x00000000000006e9      0x131 ../lab-02-temperature_bsp/\libhal_bsp.a(altera_avalon_jtag_uart_ioctl.o)
 .debug_line    0x000000000000081a      0x185 ../lab-02-temperature_bsp/\libhal_bsp.a(altera_avalon_jtag_uart_read.o)
 .debug_line    0x000000000000099f      0x184 ../lab-02-temperature_bsp/\libhal_bsp.a(altera_avalon_jtag_uart_write.o)
 .debug_line    0x0000000000000b23      0x113 ../lab-02-temperature_bsp/\libhal_bsp.a(altera_avalon_timer_sc.o)
 .debug_line    0x0000000000000c36      0x1c3 ../lab-02-temperature_bsp/\libhal_bsp.a(altera_up_avalon_character_lcd.o)
 .debug_line    0x0000000000000df9      0x10d ../lab-02-temperature_bsp/\libhal_bsp.a(alt_alarm_start.o)
 .debug_line    0x0000000000000f06      0x165 ../lab-02-temperature_bsp/\libhal_bsp.a(alt_close.o)
 .debug_line    0x000000000000106b       0x51 ../lab-02-temperature_bsp/\libhal_bsp.a(alt_dcache_flush_all.o)
 .debug_line    0x00000000000010bc       0xf8 ../lab-02-temperature_bsp/\libhal_bsp.a(alt_dev.o)
 .debug_line    0x00000000000011b4       0xcf ../lab-02-temperature_bsp/\libhal_bsp.a(alt_dev_llist_insert.o)
 .debug_line    0x0000000000001283       0x59 ../lab-02-temperature_bsp/\libhal_bsp.a(alt_do_ctors.o)
 .debug_line    0x00000000000012dc       0x59 ../lab-02-temperature_bsp/\libhal_bsp.a(alt_do_dtors.o)
 .debug_line    0x0000000000001335       0x51 ../lab-02-temperature_bsp/\libhal_bsp.a(alt_errno.o)
 .debug_line    0x0000000000001386       0xb5 ../lab-02-temperature_bsp/\libhal_bsp.a(alt_find_dev.o)
 .debug_line    0x000000000000143b       0x4f ../lab-02-temperature_bsp/\libhal_bsp.a(alt_icache_flush_all.o)
 .debug_line    0x000000000000148a      0x135 ../lab-02-temperature_bsp/\libhal_bsp.a(alt_io_redirect.o)
 .debug_line    0x00000000000015bf      0x155 ../lab-02-temperature_bsp/\libhal_bsp.a(alt_irq_register.o)
 .debug_line    0x0000000000001714       0x50 ../lab-02-temperature_bsp/\libhal_bsp.a(alt_irq_vars.o)
 .debug_line    0x0000000000001764      0x12b ../lab-02-temperature_bsp/\libhal_bsp.a(alt_open.o)
 .debug_line    0x000000000000188f       0xb0 ../lab-02-temperature_bsp/\libhal_bsp.a(alt_release_fd.o)
 .debug_line    0x000000000000193f      0x113 ../lab-02-temperature_bsp/\libhal_bsp.a(alt_tick.o)
 .debug_line    0x0000000000001a52       0x8d ../lab-02-temperature_bsp/\libhal_bsp.a(altera_nios2_gen2_irq.o)
 .debug_line    0x0000000000001adf       0xd1 ../lab-02-temperature_bsp/\libhal_bsp.a(alt_find_file.o)
 .debug_line    0x0000000000001bb0       0xd7 ../lab-02-temperature_bsp/\libhal_bsp.a(alt_get_fd.o)
 .debug_line    0x0000000000001c87       0x6b ../lab-02-temperature_bsp/\libhal_bsp.a(alt_irq_entry.o)
 .debug_line    0x0000000000001cf2       0xcd ../lab-02-temperature_bsp/\libhal_bsp.a(alt_irq_handler.o)
 .debug_line    0x0000000000001dbf       0xb3 ../lab-02-temperature_bsp/\libhal_bsp.a(alt_exception_entry.o)
 .debug_line    0x0000000000001e72       0xb9 ../lab-02-temperature_bsp/\libhal_bsp.a(alt_instruction_exception_entry.o)
 .debug_line    0x0000000000001f2b       0xe7 f:/intelfpga_lite/17.1/nios2eds/bin/gnu/h-x86_64-mingw32/bin/../lib/gcc/nios2-elf/5.3.0/../../../../../H-x86_64-mingw32/nios2-elf/lib/mno-hw-mul\libc.a(lib_a-atexit.o)
 .debug_line    0x0000000000002012      0x1fc f:/intelfpga_lite/17.1/nios2eds/bin/gnu/h-x86_64-mingw32/bin/../lib/gcc/nios2-elf/5.3.0/../../../../../H-x86_64-mingw32/nios2-elf/lib/mno-hw-mul\libc.a(lib_a-exit.o)
 .debug_line    0x000000000000220e      0x160 f:/intelfpga_lite/17.1/nios2eds/bin/gnu/h-x86_64-mingw32/bin/../lib/gcc/nios2-elf/5.3.0/../../../../../H-x86_64-mingw32/nios2-elf/lib/mno-hw-mul\libc.a(lib_a-impure.o)
 .debug_line    0x000000000000236e       0x5f f:/intelfpga_lite/17.1/nios2eds/bin/gnu/h-x86_64-mingw32/bin/../lib/gcc/nios2-elf/5.3.0/../../../../../H-x86_64-mingw32/nios2-elf/lib/mno-hw-mul\libc.a(lib_a-int_errno.o)
 .debug_line    0x00000000000023cd      0x176 f:/intelfpga_lite/17.1/nios2eds/bin/gnu/h-x86_64-mingw32/bin/../lib/gcc/nios2-elf/5.3.0/../../../../../H-x86_64-mingw32/nios2-elf/lib/mno-hw-mul\libc.a(lib_a-memcmp.o)
 .debug_line    0x0000000000002543      0x18c f:/intelfpga_lite/17.1/nios2eds/bin/gnu/h-x86_64-mingw32/bin/../lib/gcc/nios2-elf/5.3.0/../../../../../H-x86_64-mingw32/nios2-elf/lib/mno-hw-mul\libc.a(lib_a-memcpy.o)
 .debug_line    0x00000000000026cf      0x16f f:/intelfpga_lite/17.1/nios2eds/bin/gnu/h-x86_64-mingw32/bin/../lib/gcc/nios2-elf/5.3.0/../../../../../H-x86_64-mingw32/nios2-elf/lib/mno-hw-mul\libc.a(lib_a-strlen.o)
 .debug_line    0x000000000000283e      0x21f f:/intelfpga_lite/17.1/nios2eds/bin/gnu/h-x86_64-mingw32/bin/../lib/gcc/nios2-elf/5.3.0/../../../../../H-x86_64-mingw32/nios2-elf/lib/mno-hw-mul\libc.a(lib_a-__atexit.o)
 .debug_line    0x0000000000002a5d      0x23a f:/intelfpga_lite/17.1/nios2eds/bin/gnu/h-x86_64-mingw32/bin/../lib/gcc/nios2-elf/5.3.0/../../../../../H-x86_64-mingw32/nios2-elf/lib/mno-hw-mul\libc.a(lib_a-__call_atexit.o)
 .debug_line    0x0000000000002c97       0x80 f:/intelfpga_lite/17.1/nios2eds/bin/gnu/h-x86_64-mingw32/bin/../lib/gcc/nios2-elf/5.3.0/mno-hw-mul\libgcc.a(lib2-mul.o)
 .debug_line    0x0000000000002d17       0xad ../lab-02-temperature_bsp/\libhal_bsp.a(alt_exit.o)

.debug_frame    0x0000000000000000      0xc84
 *(.debug_frame)
 .debug_frame   0x0000000000000000       0x50 obj/default/hello_world.o
 .debug_frame   0x0000000000000050       0x5c ../lab-02-temperature_bsp/\libhal_bsp.a(alt_load.o)
 .debug_frame   0x00000000000000ac       0x2c ../lab-02-temperature_bsp/\libhal_bsp.a(alt_main.o)
 .debug_frame   0x00000000000000d8       0x88 ../lab-02-temperature_bsp/\libhal_bsp.a(alt_sys_init.o)
 .debug_frame   0x0000000000000160       0xb0 ../lab-02-temperature_bsp/\libhal_bsp.a(altera_avalon_jtag_uart_fd.o)
 .debug_frame   0x0000000000000210       0xa4 ../lab-02-temperature_bsp/\libhal_bsp.a(altera_avalon_jtag_uart_init.o)
 .debug_frame   0x00000000000002b4       0x34 ../lab-02-temperature_bsp/\libhal_bsp.a(altera_avalon_jtag_uart_ioctl.o)
 .debug_frame   0x00000000000002e8       0x38 ../lab-02-temperature_bsp/\libhal_bsp.a(altera_avalon_jtag_uart_read.o)
 .debug_frame   0x0000000000000320       0x38 ../lab-02-temperature_bsp/\libhal_bsp.a(altera_avalon_jtag_uart_write.o)
 .debug_frame   0x0000000000000358       0x60 ../lab-02-temperature_bsp/\libhal_bsp.a(altera_avalon_timer_sc.o)
 .debug_frame   0x00000000000003b8      0x204 ../lab-02-temperature_bsp/\libhal_bsp.a(altera_up_avalon_character_lcd.o)
 .debug_frame   0x00000000000005bc       0x34 ../lab-02-temperature_bsp/\libhal_bsp.a(alt_alarm_start.o)
 .debug_frame   0x00000000000005f0       0x60 ../lab-02-temperature_bsp/\libhal_bsp.a(alt_close.o)
 .debug_frame   0x0000000000000650       0x34 ../lab-02-temperature_bsp/\libhal_bsp.a(alt_dcache_flush_all.o)
 .debug_frame   0x0000000000000684       0x34 ../lab-02-temperature_bsp/\libhal_bsp.a(alt_dev.o)
 .debug_frame   0x00000000000006b8       0x60 ../lab-02-temperature_bsp/\libhal_bsp.a(alt_dev_llist_insert.o)
 .debug_frame   0x0000000000000718       0x38 ../lab-02-temperature_bsp/\libhal_bsp.a(alt_do_ctors.o)
 .debug_frame   0x0000000000000750       0x38 ../lab-02-temperature_bsp/\libhal_bsp.a(alt_do_dtors.o)
 .debug_frame   0x0000000000000788       0x38 ../lab-02-temperature_bsp/\libhal_bsp.a(alt_find_dev.o)
 .debug_frame   0x00000000000007c0       0x34 ../lab-02-temperature_bsp/\libhal_bsp.a(alt_icache_flush_all.o)
 .debug_frame   0x00000000000007f4       0x64 ../lab-02-temperature_bsp/\libhal_bsp.a(alt_io_redirect.o)
 .debug_frame   0x0000000000000858       0x34 ../lab-02-temperature_bsp/\libhal_bsp.a(alt_irq_register.o)
 .debug_frame   0x000000000000088c       0x8c ../lab-02-temperature_bsp/\libhal_bsp.a(alt_open.o)
 .debug_frame   0x0000000000000918       0x3c ../lab-02-temperature_bsp/\libhal_bsp.a(alt_release_fd.o)
 .debug_frame   0x0000000000000954       0x5c ../lab-02-temperature_bsp/\libhal_bsp.a(alt_tick.o)
 .debug_frame   0x00000000000009b0       0x34 ../lab-02-temperature_bsp/\libhal_bsp.a(altera_nios2_gen2_irq.o)
 .debug_frame   0x00000000000009e4       0x38 ../lab-02-temperature_bsp/\libhal_bsp.a(alt_find_file.o)
 .debug_frame   0x0000000000000a1c       0x3c ../lab-02-temperature_bsp/\libhal_bsp.a(alt_get_fd.o)
 .debug_frame   0x0000000000000a58       0x38 ../lab-02-temperature_bsp/\libhal_bsp.a(alt_irq_handler.o)
 .debug_frame   0x0000000000000a90       0x5c ../lab-02-temperature_bsp/\libhal_bsp.a(alt_instruction_exception_entry.o)
 .debug_frame   0x0000000000000aec       0x20 f:/intelfpga_lite/17.1/nios2eds/bin/gnu/h-x86_64-mingw32/bin/../lib/gcc/nios2-elf/5.3.0/../../../../../H-x86_64-mingw32/nios2-elf/lib/mno-hw-mul\libc.a(lib_a-atexit.o)
 .debug_frame   0x0000000000000b0c       0x28 f:/intelfpga_lite/17.1/nios2eds/bin/gnu/h-x86_64-mingw32/bin/../lib/gcc/nios2-elf/5.3.0/../../../../../H-x86_64-mingw32/nios2-elf/lib/mno-hw-mul\libc.a(lib_a-exit.o)
 .debug_frame   0x0000000000000b34       0x20 f:/intelfpga_lite/17.1/nios2eds/bin/gnu/h-x86_64-mingw32/bin/../lib/gcc/nios2-elf/5.3.0/../../../../../H-x86_64-mingw32/nios2-elf/lib/mno-hw-mul\libc.a(lib_a-memcmp.o)
 .debug_frame   0x0000000000000b54       0x38 f:/intelfpga_lite/17.1/nios2eds/bin/gnu/h-x86_64-mingw32/bin/../lib/gcc/nios2-elf/5.3.0/../../../../../H-x86_64-mingw32/nios2-elf/lib/mno-hw-mul\libc.a(lib_a-memcpy.o)
 .debug_frame   0x0000000000000b8c       0x20 f:/intelfpga_lite/17.1/nios2eds/bin/gnu/h-x86_64-mingw32/bin/../lib/gcc/nios2-elf/5.3.0/../../../../../H-x86_64-mingw32/nios2-elf/lib/mno-hw-mul\libc.a(lib_a-strlen.o)
 .debug_frame   0x0000000000000bac       0x38 f:/intelfpga_lite/17.1/nios2eds/bin/gnu/h-x86_64-mingw32/bin/../lib/gcc/nios2-elf/5.3.0/../../../../../H-x86_64-mingw32/nios2-elf/lib/mno-hw-mul\libc.a(lib_a-__atexit.o)
 .debug_frame   0x0000000000000be4       0x54 f:/intelfpga_lite/17.1/nios2eds/bin/gnu/h-x86_64-mingw32/bin/../lib/gcc/nios2-elf/5.3.0/../../../../../H-x86_64-mingw32/nios2-elf/lib/mno-hw-mul\libc.a(lib_a-__call_atexit.o)
 .debug_frame   0x0000000000000c38       0x20 f:/intelfpga_lite/17.1/nios2eds/bin/gnu/h-x86_64-mingw32/bin/../lib/gcc/nios2-elf/5.3.0/mno-hw-mul\libgcc.a(lib2-mul.o)
 .debug_frame   0x0000000000000c58       0x2c ../lab-02-temperature_bsp/\libhal_bsp.a(alt_exit.o)

.debug_str      0x0000000000000000     0x1ded
 *(.debug_str)
 .debug_str     0x0000000000000000      0x116 obj/default/hello_world.o
                                        0x15a (size before relaxing)
 .debug_str     0x0000000000000116      0x134 ../lab-02-temperature_bsp/\libhal_bsp.a(alt_load.o)
                                        0x21b (size before relaxing)
 .debug_str     0x000000000000024a       0x91 ../lab-02-temperature_bsp/\libhal_bsp.a(alt_main.o)
                                        0x1cf (size before relaxing)
 .debug_str     0x00000000000002db      0x23a ../lab-02-temperature_bsp/\libhal_bsp.a(alt_sys_init.o)
                                        0x421 (size before relaxing)
 .debug_str     0x0000000000000515       0xb9 ../lab-02-temperature_bsp/\libhal_bsp.a(altera_avalon_jtag_uart_fd.o)
                                        0x3ad (size before relaxing)
 .debug_str     0x00000000000005ce       0xd1 ../lab-02-temperature_bsp/\libhal_bsp.a(altera_avalon_jtag_uart_init.o)
                                        0x362 (size before relaxing)
 .debug_str     0x000000000000069f       0x4a ../lab-02-temperature_bsp/\libhal_bsp.a(altera_avalon_jtag_uart_ioctl.o)
                                        0x29c (size before relaxing)
 .debug_str     0x00000000000006e9       0x7f ../lab-02-temperature_bsp/\libhal_bsp.a(altera_avalon_jtag_uart_read.o)
                                        0x312 (size before relaxing)
 .debug_str     0x0000000000000768       0x4a ../lab-02-temperature_bsp/\libhal_bsp.a(altera_avalon_jtag_uart_write.o)
                                        0x313 (size before relaxing)
 .debug_str     0x00000000000007b2       0x6d ../lab-02-temperature_bsp/\libhal_bsp.a(altera_avalon_timer_sc.o)
                                        0x275 (size before relaxing)
 .debug_str     0x000000000000081f      0x1ea ../lab-02-temperature_bsp/\libhal_bsp.a(altera_up_avalon_character_lcd.o)
                                        0x3fa (size before relaxing)
 .debug_str     0x0000000000000a09       0x59 ../lab-02-temperature_bsp/\libhal_bsp.a(alt_alarm_start.o)
                                        0x2a8 (size before relaxing)
 .debug_str     0x0000000000000a62       0x44 ../lab-02-temperature_bsp/\libhal_bsp.a(alt_close.o)
                                        0x214 (size before relaxing)
 .debug_str     0x0000000000000aa6       0x34 ../lab-02-temperature_bsp/\libhal_bsp.a(alt_dcache_flush_all.o)
                                        0x15e (size before relaxing)
 .debug_str     0x0000000000000ada      0x120 ../lab-02-temperature_bsp/\libhal_bsp.a(alt_dev.o)
                                        0x30e (size before relaxing)
 .debug_str     0x0000000000000bfa       0x34 ../lab-02-temperature_bsp/\libhal_bsp.a(alt_dev_llist_insert.o)
                                        0x1d5 (size before relaxing)
 .debug_str     0x0000000000000c2e       0x48 ../lab-02-temperature_bsp/\libhal_bsp.a(alt_do_ctors.o)
                                         0xd9 (size before relaxing)
 .debug_str     0x0000000000000c76       0x4c ../lab-02-temperature_bsp/\libhal_bsp.a(alt_do_dtors.o)
                                         0xd8 (size before relaxing)
 .debug_str     0x0000000000000cc2       0x14 ../lab-02-temperature_bsp/\libhal_bsp.a(alt_errno.o)
                                        0x14e (size before relaxing)
 .debug_str     0x0000000000000cd6       0x24 ../lab-02-temperature_bsp/\libhal_bsp.a(alt_find_dev.o)
                                        0x1f5 (size before relaxing)
 .debug_str     0x0000000000000cfa       0x34 ../lab-02-temperature_bsp/\libhal_bsp.a(alt_icache_flush_all.o)
                                        0x15e (size before relaxing)
 .debug_str     0x0000000000000d2e       0x56 ../lab-02-temperature_bsp/\libhal_bsp.a(alt_io_redirect.o)
                                        0x31f (size before relaxing)
 .debug_str     0x0000000000000d84       0x77 ../lab-02-temperature_bsp/\libhal_bsp.a(alt_irq_register.o)
                                        0x211 (size before relaxing)
 .debug_str     0x0000000000000dfb       0x17 ../lab-02-temperature_bsp/\libhal_bsp.a(alt_irq_vars.o)
                                        0x143 (size before relaxing)
 .debug_str     0x0000000000000e12       0x2f ../lab-02-temperature_bsp/\libhal_bsp.a(alt_open.o)
                                        0x254 (size before relaxing)
 .debug_str     0x0000000000000e41       0x28 ../lab-02-temperature_bsp/\libhal_bsp.a(alt_release_fd.o)
                                        0x1dc (size before relaxing)
 .debug_str     0x0000000000000e69       0x4a ../lab-02-temperature_bsp/\libhal_bsp.a(alt_tick.o)
                                        0x27c (size before relaxing)
 .debug_str     0x0000000000000eb3       0x3b ../lab-02-temperature_bsp/\libhal_bsp.a(altera_nios2_gen2_irq.o)
                                        0x18e (size before relaxing)
 .debug_str     0x0000000000000eee       0x26 ../lab-02-temperature_bsp/\libhal_bsp.a(alt_find_file.o)
                                        0x203 (size before relaxing)
 .debug_str     0x0000000000000f14       0x30 ../lab-02-temperature_bsp/\libhal_bsp.a(alt_get_fd.o)
                                        0x225 (size before relaxing)
 .debug_str     0x0000000000000f44       0x3a ../lab-02-temperature_bsp/\libhal_bsp.a(alt_irq_handler.o)
                                        0x1c1 (size before relaxing)
 .debug_str     0x0000000000000f7e      0x48b ../lab-02-temperature_bsp/\libhal_bsp.a(alt_instruction_exception_entry.o)
                                        0x5a9 (size before relaxing)
 .debug_str     0x0000000000001409      0x17c f:/intelfpga_lite/17.1/nios2eds/bin/gnu/h-x86_64-mingw32/bin/../lib/gcc/nios2-elf/5.3.0/../../../../../H-x86_64-mingw32/nios2-elf/lib/mno-hw-mul\libc.a(lib_a-atexit.o)
                                        0x221 (size before relaxing)
 .debug_str     0x0000000000001585      0x3a7 f:/intelfpga_lite/17.1/nios2eds/bin/gnu/h-x86_64-mingw32/bin/../lib/gcc/nios2-elf/5.3.0/../../../../../H-x86_64-mingw32/nios2-elf/lib/mno-hw-mul\libc.a(lib_a-exit.o)
                                        0x5be (size before relaxing)
 .debug_str     0x000000000000192c       0xd6 f:/intelfpga_lite/17.1/nios2eds/bin/gnu/h-x86_64-mingw32/bin/../lib/gcc/nios2-elf/5.3.0/../../../../../H-x86_64-mingw32/nios2-elf/lib/mno-hw-mul\libc.a(lib_a-impure.o)
                                        0x5b5 (size before relaxing)
 .debug_str     0x0000000000001a02       0x3f f:/intelfpga_lite/17.1/nios2eds/bin/gnu/h-x86_64-mingw32/bin/../lib/gcc/nios2-elf/5.3.0/../../../../../H-x86_64-mingw32/nios2-elf/lib/mno-hw-mul\libc.a(lib_a-int_errno.o)
                                        0x1dd (size before relaxing)
 .debug_str     0x0000000000001a41       0xda f:/intelfpga_lite/17.1/nios2eds/bin/gnu/h-x86_64-mingw32/bin/../lib/gcc/nios2-elf/5.3.0/../../../../../H-x86_64-mingw32/nios2-elf/lib/mno-hw-mul\libc.a(lib_a-memcmp.o)
                                        0x1e4 (size before relaxing)
 .debug_str     0x0000000000001b1b       0x6b f:/intelfpga_lite/17.1/nios2eds/bin/gnu/h-x86_64-mingw32/bin/../lib/gcc/nios2-elf/5.3.0/../../../../../H-x86_64-mingw32/nios2-elf/lib/mno-hw-mul\libc.a(lib_a-memcpy.o)
                                        0x20b (size before relaxing)
 .debug_str     0x0000000000001b86       0x51 f:/intelfpga_lite/17.1/nios2eds/bin/gnu/h-x86_64-mingw32/bin/../lib/gcc/nios2-elf/5.3.0/../../../../../H-x86_64-mingw32/nios2-elf/lib/mno-hw-mul\libc.a(lib_a-strlen.o)
                                        0x1f7 (size before relaxing)
 .debug_str     0x0000000000001bd7       0x3f f:/intelfpga_lite/17.1/nios2eds/bin/gnu/h-x86_64-mingw32/bin/../lib/gcc/nios2-elf/5.3.0/../../../../../H-x86_64-mingw32/nios2-elf/lib/mno-hw-mul\libc.a(lib_a-__atexit.o)
                                        0x5f6 (size before relaxing)
 .debug_str     0x0000000000001c16       0x65 f:/intelfpga_lite/17.1/nios2eds/bin/gnu/h-x86_64-mingw32/bin/../lib/gcc/nios2-elf/5.3.0/../../../../../H-x86_64-mingw32/nios2-elf/lib/mno-hw-mul\libc.a(lib_a-__call_atexit.o)
                                        0x5e2 (size before relaxing)
 .debug_str     0x0000000000001c7b      0x148 f:/intelfpga_lite/17.1/nios2eds/bin/gnu/h-x86_64-mingw32/bin/../lib/gcc/nios2-elf/5.3.0/mno-hw-mul\libgcc.a(lib2-mul.o)
                                        0x193 (size before relaxing)
 .debug_str     0x0000000000001dc3       0x2a ../lab-02-temperature_bsp/\libhal_bsp.a(alt_exit.o)
                                        0x183 (size before relaxing)

.debug_loc      0x0000000000000000      0x803
 *(.debug_loc)
 .debug_loc     0x0000000000000000       0x2c f:/intelfpga_lite/17.1/nios2eds/bin/gnu/h-x86_64-mingw32/bin/../lib/gcc/nios2-elf/5.3.0/../../../../../H-x86_64-mingw32/nios2-elf/lib/mno-hw-mul\libc.a(lib_a-atexit.o)
 .debug_loc     0x000000000000002c       0x1e f:/intelfpga_lite/17.1/nios2eds/bin/gnu/h-x86_64-mingw32/bin/../lib/gcc/nios2-elf/5.3.0/../../../../../H-x86_64-mingw32/nios2-elf/lib/mno-hw-mul\libc.a(lib_a-exit.o)
 .debug_loc     0x000000000000004a      0x126 f:/intelfpga_lite/17.1/nios2eds/bin/gnu/h-x86_64-mingw32/bin/../lib/gcc/nios2-elf/5.3.0/../../../../../H-x86_64-mingw32/nios2-elf/lib/mno-hw-mul\libc.a(lib_a-memcmp.o)
 .debug_loc     0x0000000000000170      0x266 f:/intelfpga_lite/17.1/nios2eds/bin/gnu/h-x86_64-mingw32/bin/../lib/gcc/nios2-elf/5.3.0/../../../../../H-x86_64-mingw32/nios2-elf/lib/mno-hw-mul\libc.a(lib_a-memcpy.o)
 .debug_loc     0x00000000000003d6       0x47 f:/intelfpga_lite/17.1/nios2eds/bin/gnu/h-x86_64-mingw32/bin/../lib/gcc/nios2-elf/5.3.0/../../../../../H-x86_64-mingw32/nios2-elf/lib/mno-hw-mul\libc.a(lib_a-strlen.o)
 .debug_loc     0x000000000000041d      0x185 f:/intelfpga_lite/17.1/nios2eds/bin/gnu/h-x86_64-mingw32/bin/../lib/gcc/nios2-elf/5.3.0/../../../../../H-x86_64-mingw32/nios2-elf/lib/mno-hw-mul\libc.a(lib_a-__atexit.o)
 .debug_loc     0x00000000000005a2      0x1ce f:/intelfpga_lite/17.1/nios2eds/bin/gnu/h-x86_64-mingw32/bin/../lib/gcc/nios2-elf/5.3.0/../../../../../H-x86_64-mingw32/nios2-elf/lib/mno-hw-mul\libc.a(lib_a-__call_atexit.o)
 .debug_loc     0x0000000000000770       0x93 f:/intelfpga_lite/17.1/nios2eds/bin/gnu/h-x86_64-mingw32/bin/../lib/gcc/nios2-elf/5.3.0/mno-hw-mul\libgcc.a(lib2-mul.o)

.debug_macinfo
 *(.debug_macinfo)

.debug_weaknames
 *(.debug_weaknames)

.debug_funcnames
 *(.debug_funcnames)

.debug_typenames
 *(.debug_typenames)

.debug_varnames
 *(.debug_varnames)

.debug_alt_sim_info
                0x0000000000000000       0x10
 *(.debug_alt_sim_info)
 .debug_alt_sim_info
                0x0000000000000000       0x10 ../lab-02-temperature_bsp//obj/HAL/src/crt0.o
                0x000000000003f400                __alt_data_end = 0x3f400
                0x000000000003f400                PROVIDE (__alt_stack_pointer, __alt_data_end)
                [!provide]                        PROVIDE (__alt_stack_limit, __alt_stack_base)
                [!provide]                        PROVIDE (__alt_heap_start, end)
                [!provide]                        PROVIDE (__alt_heap_limit, 0x3f400)
OUTPUT(lab-02-temperature.elf elf32-littlenios2)

.debug_ranges   0x0000000000000000      0x178
 .debug_ranges  0x0000000000000000       0x20 ../lab-02-temperature_bsp//obj/HAL/src/crt0.o
 .debug_ranges  0x0000000000000020       0x30 ../lab-02-temperature_bsp/\libhal_bsp.a(altera_avalon_jtag_uart_init.o)
 .debug_ranges  0x0000000000000050       0x18 ../lab-02-temperature_bsp/\libhal_bsp.a(altera_avalon_jtag_uart_read.o)
 .debug_ranges  0x0000000000000068       0x28 ../lab-02-temperature_bsp/\libhal_bsp.a(alt_irq_entry.o)
 .debug_ranges  0x0000000000000090       0x10 ../lab-02-temperature_bsp/\libhal_bsp.a(alt_irq_handler.o)
 .debug_ranges  0x00000000000000a0       0x30 ../lab-02-temperature_bsp/\libhal_bsp.a(alt_exception_entry.o)
 .debug_ranges  0x00000000000000d0       0x18 ../lab-02-temperature_bsp/\libhal_bsp.a(alt_instruction_exception_entry.o)
 .debug_ranges  0x00000000000000e8       0x10 f:/intelfpga_lite/17.1/nios2eds/bin/gnu/h-x86_64-mingw32/bin/../lib/gcc/nios2-elf/5.3.0/../../../../../H-x86_64-mingw32/nios2-elf/lib/mno-hw-mul\libc.a(lib_a-atexit.o)
 .debug_ranges  0x00000000000000f8       0x10 f:/intelfpga_lite/17.1/nios2eds/bin/gnu/h-x86_64-mingw32/bin/../lib/gcc/nios2-elf/5.3.0/../../../../../H-x86_64-mingw32/nios2-elf/lib/mno-hw-mul\libc.a(lib_a-exit.o)
 .debug_ranges  0x0000000000000108       0x10 f:/intelfpga_lite/17.1/nios2eds/bin/gnu/h-x86_64-mingw32/bin/../lib/gcc/nios2-elf/5.3.0/../../../../../H-x86_64-mingw32/nios2-elf/lib/mno-hw-mul\libc.a(lib_a-memcmp.o)
 .debug_ranges  0x0000000000000118       0x10 f:/intelfpga_lite/17.1/nios2eds/bin/gnu/h-x86_64-mingw32/bin/../lib/gcc/nios2-elf/5.3.0/../../../../../H-x86_64-mingw32/nios2-elf/lib/mno-hw-mul\libc.a(lib_a-memcpy.o)
 .debug_ranges  0x0000000000000128       0x10 f:/intelfpga_lite/17.1/nios2eds/bin/gnu/h-x86_64-mingw32/bin/../lib/gcc/nios2-elf/5.3.0/../../../../../H-x86_64-mingw32/nios2-elf/lib/mno-hw-mul\libc.a(lib_a-strlen.o)
 .debug_ranges  0x0000000000000138       0x10 f:/intelfpga_lite/17.1/nios2eds/bin/gnu/h-x86_64-mingw32/bin/../lib/gcc/nios2-elf/5.3.0/../../../../../H-x86_64-mingw32/nios2-elf/lib/mno-hw-mul\libc.a(lib_a-__atexit.o)
 .debug_ranges  0x0000000000000148       0x30 f:/intelfpga_lite/17.1/nios2eds/bin/gnu/h-x86_64-mingw32/bin/../lib/gcc/nios2-elf/5.3.0/../../../../../H-x86_64-mingw32/nios2-elf/lib/mno-hw-mul\libc.a(lib_a-__call_atexit.o)
