Archive member included to satisfy reference by file (symbol)

../temperatura_bsp//libhal_bsp.a(alt_load.o)
                              ../temperatura_bsp//obj/HAL/src/crt0.o (alt_load)
../temperatura_bsp//libhal_bsp.a(alt_main.o)
                              ../temperatura_bsp//obj/HAL/src/crt0.o (alt_main)
../temperatura_bsp//libhal_bsp.a(alt_sys_init.o)
                              ../temperatura_bsp//libhal_bsp.a(alt_main.o) (alt_irq_init)
../temperatura_bsp//libhal_bsp.a(altera_avalon_jtag_uart_fd.o)
                              ../temperatura_bsp//libhal_bsp.a(alt_sys_init.o) (altera_avalon_jtag_uart_read_fd)
../temperatura_bsp//libhal_bsp.a(altera_avalon_jtag_uart_init.o)
                              ../temperatura_bsp//libhal_bsp.a(alt_sys_init.o) (altera_avalon_jtag_uart_init)
../temperatura_bsp//libhal_bsp.a(altera_avalon_jtag_uart_ioctl.o)
                              ../temperatura_bsp//libhal_bsp.a(altera_avalon_jtag_uart_fd.o) (altera_avalon_jtag_uart_ioctl)
../temperatura_bsp//libhal_bsp.a(altera_avalon_jtag_uart_read.o)
                              ../temperatura_bsp//libhal_bsp.a(altera_avalon_jtag_uart_fd.o) (altera_avalon_jtag_uart_read)
../temperatura_bsp//libhal_bsp.a(altera_avalon_jtag_uart_write.o)
                              ../temperatura_bsp//libhal_bsp.a(altera_avalon_jtag_uart_fd.o) (altera_avalon_jtag_uart_write)
../temperatura_bsp//libhal_bsp.a(altera_avalon_timer_sc.o)
                              ../temperatura_bsp//libhal_bsp.a(alt_sys_init.o) (alt_avalon_timer_sc_init)
../temperatura_bsp//libhal_bsp.a(altera_up_avalon_character_lcd.o)
                              ../temperatura_bsp//libhal_bsp.a(alt_sys_init.o) (alt_up_character_lcd_init)
../temperatura_bsp//libhal_bsp.a(alt_alarm_start.o)
                              ../temperatura_bsp//libhal_bsp.a(altera_avalon_jtag_uart_init.o) (alt_alarm_start)
../temperatura_bsp//libhal_bsp.a(alt_close.o)
                              ../temperatura_bsp//libhal_bsp.a(alt_main.o) (close)
../temperatura_bsp//libhal_bsp.a(alt_dcache_flush_all.o)
                              ../temperatura_bsp//libhal_bsp.a(alt_load.o) (alt_dcache_flush_all)
../temperatura_bsp//libhal_bsp.a(alt_dev.o)
                              ../temperatura_bsp//libhal_bsp.a(alt_sys_init.o) (alt_dev_list)
../temperatura_bsp//libhal_bsp.a(alt_dev_llist_insert.o)
                              ../temperatura_bsp//libhal_bsp.a(alt_sys_init.o) (alt_dev_llist_insert)
../temperatura_bsp//libhal_bsp.a(alt_do_ctors.o)
                              ../temperatura_bsp//libhal_bsp.a(alt_main.o) (_do_ctors)
../temperatura_bsp//libhal_bsp.a(alt_do_dtors.o)
                              ../temperatura_bsp//libhal_bsp.a(alt_main.o) (_do_dtors)
../temperatura_bsp//libhal_bsp.a(alt_errno.o)
                              ../temperatura_bsp//libhal_bsp.a(alt_close.o) (alt_errno)
../temperatura_bsp//libhal_bsp.a(alt_find_dev.o)
                              ../temperatura_bsp//libhal_bsp.a(altera_up_avalon_character_lcd.o) (alt_find_dev)
../temperatura_bsp//libhal_bsp.a(alt_icache_flush_all.o)
                              ../temperatura_bsp//libhal_bsp.a(alt_load.o) (alt_icache_flush_all)
../temperatura_bsp//libhal_bsp.a(alt_io_redirect.o)
                              ../temperatura_bsp//libhal_bsp.a(alt_main.o) (alt_io_redirect)
../temperatura_bsp//libhal_bsp.a(alt_irq_register.o)
                              ../temperatura_bsp//libhal_bsp.a(altera_avalon_jtag_uart_init.o) (alt_irq_register)
../temperatura_bsp//libhal_bsp.a(alt_irq_vars.o)
                              ../temperatura_bsp//libhal_bsp.a(alt_irq_register.o) (alt_irq_active)
../temperatura_bsp//libhal_bsp.a(alt_open.o)
                              ../temperatura_bsp//libhal_bsp.a(alt_io_redirect.o) (open)
../temperatura_bsp//libhal_bsp.a(alt_release_fd.o)
                              ../temperatura_bsp//libhal_bsp.a(alt_close.o) (alt_release_fd)
../temperatura_bsp//libhal_bsp.a(alt_tick.o)
                              ../temperatura_bsp//libhal_bsp.a(altera_avalon_jtag_uart_init.o) (_alt_tick_rate)
../temperatura_bsp//libhal_bsp.a(altera_nios2_gen2_irq.o)
                              ../temperatura_bsp//libhal_bsp.a(alt_sys_init.o) (altera_nios2_gen2_irq_init)
../temperatura_bsp//libhal_bsp.a(alt_find_file.o)
                              ../temperatura_bsp//libhal_bsp.a(alt_open.o) (alt_find_file)
../temperatura_bsp//libhal_bsp.a(alt_get_fd.o)
                              ../temperatura_bsp//libhal_bsp.a(alt_open.o) (alt_get_fd)
../temperatura_bsp//libhal_bsp.a(alt_irq_entry.o)
                              ../temperatura_bsp//libhal_bsp.a(alt_irq_register.o) (alt_irq_entry)
../temperatura_bsp//libhal_bsp.a(alt_irq_handler.o)
                              ../temperatura_bsp//libhal_bsp.a(alt_irq_register.o) (alt_irq)
../temperatura_bsp//libhal_bsp.a(alt_exception_entry.o)
                              ../temperatura_bsp//libhal_bsp.a(alt_irq_entry.o) (alt_exception)
../temperatura_bsp//libhal_bsp.a(alt_instruction_exception_entry.o)
                              ../temperatura_bsp//libhal_bsp.a(alt_exception_entry.o) (alt_instruction_exception_entry)
/Altera/16.0/nios2eds/bin/gnu/H-x86_64-pc-linux-gnu/bin/../lib/gcc/nios2-elf/5.2.0/../../../../../H-x86_64-pc-linux-gnu/nios2-elf/lib/mno-hw-mul/libc.a(lib_a-atexit.o)
                              ../temperatura_bsp//libhal_bsp.a(alt_main.o) (atexit)
/Altera/16.0/nios2eds/bin/gnu/H-x86_64-pc-linux-gnu/bin/../lib/gcc/nios2-elf/5.2.0/../../../../../H-x86_64-pc-linux-gnu/nios2-elf/lib/mno-hw-mul/libc.a(lib_a-exit.o)
                              ../temperatura_bsp//libhal_bsp.a(alt_main.o) (exit)
/Altera/16.0/nios2eds/bin/gnu/H-x86_64-pc-linux-gnu/bin/../lib/gcc/nios2-elf/5.2.0/../../../../../H-x86_64-pc-linux-gnu/nios2-elf/lib/mno-hw-mul/libc.a(lib_a-impure.o)
                              /Altera/16.0/nios2eds/bin/gnu/H-x86_64-pc-linux-gnu/bin/../lib/gcc/nios2-elf/5.2.0/../../../../../H-x86_64-pc-linux-gnu/nios2-elf/lib/mno-hw-mul/libc.a(lib_a-exit.o) (_global_impure_ptr)
/Altera/16.0/nios2eds/bin/gnu/H-x86_64-pc-linux-gnu/bin/../lib/gcc/nios2-elf/5.2.0/../../../../../H-x86_64-pc-linux-gnu/nios2-elf/lib/mno-hw-mul/libc.a(lib_a-int_errno.o)
                              ../temperatura_bsp//libhal_bsp.a(alt_close.o) (errno)
/Altera/16.0/nios2eds/bin/gnu/H-x86_64-pc-linux-gnu/bin/../lib/gcc/nios2-elf/5.2.0/../../../../../H-x86_64-pc-linux-gnu/nios2-elf/lib/mno-hw-mul/libc.a(lib_a-memcmp.o)
                              ../temperatura_bsp//libhal_bsp.a(alt_find_dev.o) (memcmp)
/Altera/16.0/nios2eds/bin/gnu/H-x86_64-pc-linux-gnu/bin/../lib/gcc/nios2-elf/5.2.0/../../../../../H-x86_64-pc-linux-gnu/nios2-elf/lib/mno-hw-mul/libc.a(lib_a-memcpy.o)
                              ../temperatura_bsp//libhal_bsp.a(altera_avalon_jtag_uart_read.o) (memcpy)
/Altera/16.0/nios2eds/bin/gnu/H-x86_64-pc-linux-gnu/bin/../lib/gcc/nios2-elf/5.2.0/../../../../../H-x86_64-pc-linux-gnu/nios2-elf/lib/mno-hw-mul/libc.a(lib_a-strlen.o)
                              ../temperatura_bsp//libhal_bsp.a(alt_find_dev.o) (strlen)
/Altera/16.0/nios2eds/bin/gnu/H-x86_64-pc-linux-gnu/bin/../lib/gcc/nios2-elf/5.2.0/../../../../../H-x86_64-pc-linux-gnu/nios2-elf/lib/mno-hw-mul/libc.a(lib_a-__atexit.o)
                              /Altera/16.0/nios2eds/bin/gnu/H-x86_64-pc-linux-gnu/bin/../lib/gcc/nios2-elf/5.2.0/../../../../../H-x86_64-pc-linux-gnu/nios2-elf/lib/mno-hw-mul/libc.a(lib_a-atexit.o) (__register_exitproc)
/Altera/16.0/nios2eds/bin/gnu/H-x86_64-pc-linux-gnu/bin/../lib/gcc/nios2-elf/5.2.0/../../../../../H-x86_64-pc-linux-gnu/nios2-elf/lib/mno-hw-mul/libc.a(lib_a-__call_atexit.o)
                              /Altera/16.0/nios2eds/bin/gnu/H-x86_64-pc-linux-gnu/bin/../lib/gcc/nios2-elf/5.2.0/../../../../../H-x86_64-pc-linux-gnu/nios2-elf/lib/mno-hw-mul/libc.a(lib_a-exit.o) (__call_exitprocs)
/Altera/16.0/nios2eds/bin/gnu/H-x86_64-pc-linux-gnu/bin/../lib/gcc/nios2-elf/5.2.0/mno-hw-mul/libgcc.a(lib2-mul.o)
                              ../temperatura_bsp//libhal_bsp.a(alt_close.o) (__mulsi3)
../temperatura_bsp//libhal_bsp.a(alt_exit.o)
                              /Altera/16.0/nios2eds/bin/gnu/H-x86_64-pc-linux-gnu/bin/../lib/gcc/nios2-elf/5.2.0/../../../../../H-x86_64-pc-linux-gnu/nios2-elf/lib/mno-hw-mul/libc.a(lib_a-exit.o) (_exit)

Allocating common symbols
Common symbol       size              file

alt_irq             0x100             ../temperatura_bsp//libhal_bsp.a(alt_irq_handler.o)
errno               0x4               /Altera/16.0/nios2eds/bin/gnu/H-x86_64-pc-linux-gnu/bin/../lib/gcc/nios2-elf/5.2.0/../../../../../H-x86_64-pc-linux-gnu/nios2-elf/lib/mno-hw-mul/libc.a(lib_a-int_errno.o)

Memory Configuration

Name             Origin             Length             Attributes
reset            0x0000000000020000 0x0000000000000020
OnChip_Memory    0x0000000000020020 0x000000000001f3e0
*default*        0x0000000000000000 0xffffffffffffffff

Linker script and memory map

LOAD ../temperatura_bsp//obj/HAL/src/crt0.o
LOAD obj/default/hello_world.o
LOAD /Altera/16.0/nios2eds/bin/gnu/H-x86_64-pc-linux-gnu/bin/../lib/gcc/nios2-elf/5.2.0/../../../../../H-x86_64-pc-linux-gnu/nios2-elf/lib/mno-hw-mul/libstdc++.a
LOAD /Altera/16.0/nios2eds/bin/gnu/H-x86_64-pc-linux-gnu/bin/../lib/gcc/nios2-elf/5.2.0/../../../../../H-x86_64-pc-linux-gnu/nios2-elf/lib/mno-hw-mul/libm.a
LOAD /Altera/16.0/nios2eds/bin/gnu/H-x86_64-pc-linux-gnu/bin/../lib/gcc/nios2-elf/5.2.0/mno-hw-mul/libgcc.a
START GROUP
LOAD /Altera/16.0/nios2eds/bin/gnu/H-x86_64-pc-linux-gnu/bin/../lib/gcc/nios2-elf/5.2.0/../../../../../H-x86_64-pc-linux-gnu/nios2-elf/lib/mno-hw-mul/libc.a
LOAD /Altera/16.0/nios2eds/bin/gnu/H-x86_64-pc-linux-gnu/bin/../lib/gcc/nios2-elf/5.2.0/mno-hw-mul/libgcc.a
LOAD ../temperatura_bsp//libhal_bsp.a
LOAD /Altera/16.0/nios2eds/bin/gnu/H-x86_64-pc-linux-gnu/bin/../lib/gcc/nios2-elf/5.2.0/../../../../../H-x86_64-pc-linux-gnu/nios2-elf/lib/mno-hw-mul/libm.a
END GROUP
LOAD /Altera/16.0/nios2eds/bin/gnu/H-x86_64-pc-linux-gnu/bin/../lib/gcc/nios2-elf/5.2.0/mno-hw-mul/libgcc.a
                0x0000000000020000                __alt_mem_OnChip_Memory = 0x20000

.entry          0x0000000000020000       0x20
 *(.entry)
 .entry         0x0000000000020000       0x20 ../temperatura_bsp//obj/HAL/src/crt0.o
                0x0000000000020000                __reset

.exceptions     0x0000000000020020      0x214
                0x0000000000020020                PROVIDE (__ram_exceptions_start, ABSOLUTE (.))
                0x0000000000020020                . = ALIGN (0x20)
 *(.irq)
 *(.exceptions.entry.label)
 .exceptions.entry.label
                0x0000000000020020        0x0 ../temperatura_bsp//libhal_bsp.a(alt_irq_entry.o)
                0x0000000000020020                alt_irq_entry
 .exceptions.entry.label
                0x0000000000020020        0x0 ../temperatura_bsp//libhal_bsp.a(alt_exception_entry.o)
                0x0000000000020020                alt_exception
 *(.exceptions.entry.user)
 *(.exceptions.entry.ecc_fatal)
 *(.exceptions.entry)
 .exceptions.entry
                0x0000000000020020       0x54 ../temperatura_bsp//libhal_bsp.a(alt_exception_entry.o)
 *(.exceptions.irqtest.user)
 *(.exceptions.irqtest)
 .exceptions.irqtest
                0x0000000000020074       0x10 ../temperatura_bsp//libhal_bsp.a(alt_irq_entry.o)
 *(.exceptions.irqhandler.user)
 *(.exceptions.irqhandler)
 .exceptions.irqhandler
                0x0000000000020084        0x4 ../temperatura_bsp//libhal_bsp.a(alt_irq_entry.o)
 *(.exceptions.irqreturn.user)
 *(.exceptions.irqreturn)
 .exceptions.irqreturn
                0x0000000000020088        0x4 ../temperatura_bsp//libhal_bsp.a(alt_irq_entry.o)
 *(.exceptions.notirq.label)
 .exceptions.notirq.label
                0x000000000002008c        0x0 ../temperatura_bsp//libhal_bsp.a(alt_irq_entry.o)
 *(.exceptions.notirq.user)
 *(.exceptions.notirq)
 .exceptions.notirq
                0x000000000002008c        0x8 ../temperatura_bsp//libhal_bsp.a(alt_exception_entry.o)
 *(.exceptions.soft.user)
 *(.exceptions.soft)
 *(.exceptions.unknown.user)
 *(.exceptions.unknown)
 .exceptions.unknown
                0x0000000000020094       0x14 ../temperatura_bsp//libhal_bsp.a(alt_exception_entry.o)
 *(.exceptions.exit.label)
 .exceptions.exit.label
                0x00000000000200a8        0x0 ../temperatura_bsp//libhal_bsp.a(alt_irq_entry.o)
 .exceptions.exit.label
                0x00000000000200a8        0x0 ../temperatura_bsp//libhal_bsp.a(alt_exception_entry.o)
 *(.exceptions.exit.user)
 *(.exceptions.exit)
 .exceptions.exit
                0x00000000000200a8       0x54 ../temperatura_bsp//libhal_bsp.a(alt_exception_entry.o)
 *(.exceptions)
 .exceptions    0x00000000000200fc       0xd8 ../temperatura_bsp//libhal_bsp.a(alt_irq_handler.o)
                0x00000000000200fc                alt_irq_handler
 .exceptions    0x00000000000201d4       0x60 ../temperatura_bsp//libhal_bsp.a(alt_instruction_exception_entry.o)
                0x00000000000201d4                alt_instruction_exception_entry
                0x0000000000020234                PROVIDE (__ram_exceptions_end, ABSOLUTE (.))
                0x0000000000020020                PROVIDE (__flash_exceptions_start, LOADADDR (.exceptions))

.text           0x0000000000020234     0x2978
                [!provide]                        PROVIDE (stext, ABSOLUTE (.))
 *(.interp)
 *(.hash)
 *(.dynsym)
 *(.dynstr)
 *(.gnu.version)
 *(.gnu.version_d)
 *(.gnu.version_r)
 *(.rel.init)
 *(.rela.init)
 *(.rel.text .rel.text.* .rel.gnu.linkonce.t.*)
 *(.rela.text .rela.text.* .rela.gnu.linkonce.t.*)
 *(.rel.fini)
 *(.rela.fini)
 *(.rel.rodata .rel.rodata.* .rel.gnu.linkonce.r.*)
 *(.rela.rodata .rela.rodata.* .rela.gnu.linkonce.r.*)
 *(.rel.data .rel.data.* .rel.gnu.linkonce.d.*)
 *(.rela.data .rela.data.* .rela.gnu.linkonce.d.*)
 *(.rel.tdata .rel.tdata.* .rel.gnu.linkonce.td.*)
 *(.rela.tdata .rela.tdata.* .rela.gnu.linkonce.td.*)
 *(.rel.tbss .rel.tbss.* .rel.gnu.linkonce.tb.*)
 *(.rela.tbss .rela.tbss.* .rela.gnu.linkonce.tb.*)
 *(.rel.ctors)
 *(.rela.ctors)
 *(.rel.dtors)
 *(.rela.dtors)
 *(.rel.got)
 *(.rela.got)
 *(.rel.sdata .rel.sdata.* .rel.gnu.linkonce.s.*)
 *(.rela.sdata .rela.sdata.* .rela.gnu.linkonce.s.*)
 *(.rel.sbss .rel.sbss.* .rel.gnu.linkonce.sb.*)
 *(.rela.sbss .rela.sbss.* .rela.gnu.linkonce.sb.*)
 *(.rel.sdata2 .rel.sdata2.* .rel.gnu.linkonce.s2.*)
 *(.rela.sdata2 .rela.sdata2.* .rela.gnu.linkonce.s2.*)
 *(.rel.sbss2 .rel.sbss2.* .rel.gnu.linkonce.sb2.*)
 *(.rela.sbss2 .rela.sbss2.* .rela.gnu.linkonce.sb2.*)
 *(.rel.bss .rel.bss.* .rel.gnu.linkonce.b.*)
 *(.rela.bss .rela.bss.* .rela.gnu.linkonce.b.*)
 *(.rel.plt)
 *(.rela.plt)
 *(.rel.dyn)
 *(.init)
 *(.plt)
 *(.text .stub .text.* .gnu.linkonce.t.*)
 .text          0x0000000000020234       0x3c ../temperatura_bsp//obj/HAL/src/crt0.o
                0x0000000000020234                _start
 .text          0x0000000000020270      0x104 obj/default/hello_world.o
                0x0000000000020270                isValid
                0x00000000000202e0                main
 .text          0x0000000000020374       0xec ../temperatura_bsp//libhal_bsp.a(alt_load.o)
                0x00000000000203dc                alt_load
 .text          0x0000000000020460       0x7c ../temperatura_bsp//libhal_bsp.a(alt_main.o)
                0x0000000000020460                alt_main
 .text          0x00000000000204dc      0x130 ../temperatura_bsp//libhal_bsp.a(alt_sys_init.o)
                0x0000000000020514                alt_irq_init
                0x000000000002054c                alt_sys_init
 .text          0x000000000002060c      0x164 ../temperatura_bsp//libhal_bsp.a(altera_avalon_jtag_uart_fd.o)
                0x000000000002060c                altera_avalon_jtag_uart_read_fd
                0x000000000002066c                altera_avalon_jtag_uart_write_fd
                0x00000000000206cc                altera_avalon_jtag_uart_close_fd
                0x000000000002071c                altera_avalon_jtag_uart_ioctl_fd
 .text          0x0000000000020770      0x3dc ../temperatura_bsp//libhal_bsp.a(altera_avalon_jtag_uart_init.o)
                0x0000000000020770                altera_avalon_jtag_uart_init
                0x0000000000020ae4                altera_avalon_jtag_uart_close
 .text          0x0000000000020b4c       0xf0 ../temperatura_bsp//libhal_bsp.a(altera_avalon_jtag_uart_ioctl.o)
                0x0000000000020b4c                altera_avalon_jtag_uart_ioctl
 .text          0x0000000000020c3c      0x21c ../temperatura_bsp//libhal_bsp.a(altera_avalon_jtag_uart_read.o)
                0x0000000000020c3c                altera_avalon_jtag_uart_read
 .text          0x0000000000020e58      0x224 ../temperatura_bsp//libhal_bsp.a(altera_avalon_jtag_uart_write.o)
                0x0000000000020e58                altera_avalon_jtag_uart_write
 .text          0x000000000002107c      0x100 ../temperatura_bsp//libhal_bsp.a(altera_avalon_timer_sc.o)
                0x00000000000210f8                alt_avalon_timer_sc_init
 .text          0x000000000002117c      0x4f8 ../temperatura_bsp//libhal_bsp.a(altera_up_avalon_character_lcd.o)
                0x000000000002117c                get_DDRAM_addr
                0x00000000000211f0                alt_up_character_lcd_send_cmd
                0x0000000000021230                alt_up_character_lcd_init
                0x0000000000021268                alt_up_character_lcd_open_dev
                0x00000000000212a8                alt_up_character_lcd_write
                0x0000000000021324                alt_up_character_lcd_string
                0x000000000002139c                alt_up_character_lcd_write_fd
                0x00000000000213ec                alt_up_character_lcd_set_cursor_pos
                0x0000000000021460                alt_up_character_lcd_shift_cursor
                0x00000000000214ec                alt_up_character_lcd_shift_display
                0x0000000000021578                alt_up_character_lcd_erase_pos
                0x0000000000021604                alt_up_character_lcd_cursor_off
                0x000000000002163c                alt_up_character_lcd_cursor_blink_on
 .text          0x0000000000021674      0x140 ../temperatura_bsp//libhal_bsp.a(alt_alarm_start.o)
                0x0000000000021674                alt_alarm_start
 .text          0x00000000000217b4      0x128 ../temperatura_bsp//libhal_bsp.a(alt_close.o)
                0x0000000000021804                close
 .text          0x00000000000218dc       0x20 ../temperatura_bsp//libhal_bsp.a(alt_dcache_flush_all.o)
                0x00000000000218dc                alt_dcache_flush_all
 .text          0x00000000000218fc       0x2c ../temperatura_bsp//libhal_bsp.a(alt_dev.o)
 .text          0x0000000000021928       0xf4 ../temperatura_bsp//libhal_bsp.a(alt_dev_llist_insert.o)
                0x0000000000021978                alt_dev_llist_insert
 .text          0x0000000000021a1c       0x60 ../temperatura_bsp//libhal_bsp.a(alt_do_ctors.o)
                0x0000000000021a1c                _do_ctors
 .text          0x0000000000021a7c       0x60 ../temperatura_bsp//libhal_bsp.a(alt_do_dtors.o)
                0x0000000000021a7c                _do_dtors
 .text          0x0000000000021adc        0x0 ../temperatura_bsp//libhal_bsp.a(alt_errno.o)
 .text          0x0000000000021adc       0x90 ../temperatura_bsp//libhal_bsp.a(alt_find_dev.o)
                0x0000000000021adc                alt_find_dev
 .text          0x0000000000021b6c       0x20 ../temperatura_bsp//libhal_bsp.a(alt_icache_flush_all.o)
                0x0000000000021b6c                alt_icache_flush_all
 .text          0x0000000000021b8c      0x160 ../temperatura_bsp//libhal_bsp.a(alt_io_redirect.o)
                0x0000000000021c70                alt_io_redirect
 .text          0x0000000000021cec      0x1b0 ../temperatura_bsp//libhal_bsp.a(alt_irq_register.o)
                0x0000000000021cec                alt_irq_register
 .text          0x0000000000021e9c        0x0 ../temperatura_bsp//libhal_bsp.a(alt_irq_vars.o)
 .text          0x0000000000021e9c      0x2a4 ../temperatura_bsp//libhal_bsp.a(alt_open.o)
                0x0000000000021fe0                open
 .text          0x0000000000022140       0x84 ../temperatura_bsp//libhal_bsp.a(alt_release_fd.o)
                0x0000000000022140                alt_release_fd
 .text          0x00000000000221c4      0x1a4 ../temperatura_bsp//libhal_bsp.a(alt_tick.o)
                0x00000000000221c4                alt_alarm_stop
                0x0000000000022260                alt_tick
 .text          0x0000000000022368       0x24 ../temperatura_bsp//libhal_bsp.a(altera_nios2_gen2_irq.o)
                0x0000000000022368                altera_nios2_gen2_irq_init
 .text          0x000000000002238c      0x114 ../temperatura_bsp//libhal_bsp.a(alt_find_file.o)
                0x000000000002238c                alt_find_file
 .text          0x00000000000224a0       0xd4 ../temperatura_bsp//libhal_bsp.a(alt_get_fd.o)
                0x00000000000224a0                alt_get_fd
 .text          0x0000000000022574        0x0 ../temperatura_bsp//libhal_bsp.a(alt_irq_entry.o)
 .text          0x0000000000022574        0x0 ../temperatura_bsp//libhal_bsp.a(alt_irq_handler.o)
 .text          0x0000000000022574        0x0 ../temperatura_bsp//libhal_bsp.a(alt_exception_entry.o)
 .text          0x0000000000022574       0x9c ../temperatura_bsp//libhal_bsp.a(alt_instruction_exception_entry.o)
                0x0000000000022574                alt_exception_cause_generated_bad_addr
 .text          0x0000000000022610        0x0 /Altera/16.0/nios2eds/bin/gnu/H-x86_64-pc-linux-gnu/bin/../lib/gcc/nios2-elf/5.2.0/../../../../../H-x86_64-pc-linux-gnu/nios2-elf/lib/mno-hw-mul/libc.a(lib_a-atexit.o)
 .text.atexit   0x0000000000022610       0x14 /Altera/16.0/nios2eds/bin/gnu/H-x86_64-pc-linux-gnu/bin/../lib/gcc/nios2-elf/5.2.0/../../../../../H-x86_64-pc-linux-gnu/nios2-elf/lib/mno-hw-mul/libc.a(lib_a-atexit.o)
                0x0000000000022610                atexit
 .text          0x0000000000022624        0x0 /Altera/16.0/nios2eds/bin/gnu/H-x86_64-pc-linux-gnu/bin/../lib/gcc/nios2-elf/5.2.0/../../../../../H-x86_64-pc-linux-gnu/nios2-elf/lib/mno-hw-mul/libc.a(lib_a-exit.o)
 .text.exit     0x0000000000022624       0x38 /Altera/16.0/nios2eds/bin/gnu/H-x86_64-pc-linux-gnu/bin/../lib/gcc/nios2-elf/5.2.0/../../../../../H-x86_64-pc-linux-gnu/nios2-elf/lib/mno-hw-mul/libc.a(lib_a-exit.o)
                0x0000000000022624                exit
 .text          0x000000000002265c        0x0 /Altera/16.0/nios2eds/bin/gnu/H-x86_64-pc-linux-gnu/bin/../lib/gcc/nios2-elf/5.2.0/../../../../../H-x86_64-pc-linux-gnu/nios2-elf/lib/mno-hw-mul/libc.a(lib_a-impure.o)
 .text          0x000000000002265c        0x0 /Altera/16.0/nios2eds/bin/gnu/H-x86_64-pc-linux-gnu/bin/../lib/gcc/nios2-elf/5.2.0/../../../../../H-x86_64-pc-linux-gnu/nios2-elf/lib/mno-hw-mul/libc.a(lib_a-int_errno.o)
 .text          0x000000000002265c        0x0 /Altera/16.0/nios2eds/bin/gnu/H-x86_64-pc-linux-gnu/bin/../lib/gcc/nios2-elf/5.2.0/../../../../../H-x86_64-pc-linux-gnu/nios2-elf/lib/mno-hw-mul/libc.a(lib_a-memcmp.o)
 .text.memcmp   0x000000000002265c       0x7c /Altera/16.0/nios2eds/bin/gnu/H-x86_64-pc-linux-gnu/bin/../lib/gcc/nios2-elf/5.2.0/../../../../../H-x86_64-pc-linux-gnu/nios2-elf/lib/mno-hw-mul/libc.a(lib_a-memcmp.o)
                0x000000000002265c                memcmp
 .text          0x00000000000226d8        0x0 /Altera/16.0/nios2eds/bin/gnu/H-x86_64-pc-linux-gnu/bin/../lib/gcc/nios2-elf/5.2.0/../../../../../H-x86_64-pc-linux-gnu/nios2-elf/lib/mno-hw-mul/libc.a(lib_a-memcpy.o)
 .text.memcpy   0x00000000000226d8      0x148 /Altera/16.0/nios2eds/bin/gnu/H-x86_64-pc-linux-gnu/bin/../lib/gcc/nios2-elf/5.2.0/../../../../../H-x86_64-pc-linux-gnu/nios2-elf/lib/mno-hw-mul/libc.a(lib_a-memcpy.o)
                0x00000000000226d8                memcpy
 .text          0x0000000000022820        0x0 /Altera/16.0/nios2eds/bin/gnu/H-x86_64-pc-linux-gnu/bin/../lib/gcc/nios2-elf/5.2.0/../../../../../H-x86_64-pc-linux-gnu/nios2-elf/lib/mno-hw-mul/libc.a(lib_a-strlen.o)
 .text.strlen   0x0000000000022820       0x98 /Altera/16.0/nios2eds/bin/gnu/H-x86_64-pc-linux-gnu/bin/../lib/gcc/nios2-elf/5.2.0/../../../../../H-x86_64-pc-linux-gnu/nios2-elf/lib/mno-hw-mul/libc.a(lib_a-strlen.o)
                0x0000000000022820                strlen
 .text          0x00000000000228b8        0x0 /Altera/16.0/nios2eds/bin/gnu/H-x86_64-pc-linux-gnu/bin/../lib/gcc/nios2-elf/5.2.0/../../../../../H-x86_64-pc-linux-gnu/nios2-elf/lib/mno-hw-mul/libc.a(lib_a-__atexit.o)
 .text.__register_exitproc
                0x00000000000228b8      0x118 /Altera/16.0/nios2eds/bin/gnu/H-x86_64-pc-linux-gnu/bin/../lib/gcc/nios2-elf/5.2.0/../../../../../H-x86_64-pc-linux-gnu/nios2-elf/lib/mno-hw-mul/libc.a(lib_a-__atexit.o)
                0x00000000000228b8                __register_exitproc
 .text          0x00000000000229d0        0x0 /Altera/16.0/nios2eds/bin/gnu/H-x86_64-pc-linux-gnu/bin/../lib/gcc/nios2-elf/5.2.0/../../../../../H-x86_64-pc-linux-gnu/nios2-elf/lib/mno-hw-mul/libc.a(lib_a-__call_atexit.o)
 .text.__call_exitprocs
                0x00000000000229d0      0x180 /Altera/16.0/nios2eds/bin/gnu/H-x86_64-pc-linux-gnu/bin/../lib/gcc/nios2-elf/5.2.0/../../../../../H-x86_64-pc-linux-gnu/nios2-elf/lib/mno-hw-mul/libc.a(lib_a-__call_atexit.o)
                0x00000000000229d0                __call_exitprocs
 .text          0x0000000000022b50       0x28 /Altera/16.0/nios2eds/bin/gnu/H-x86_64-pc-linux-gnu/bin/../lib/gcc/nios2-elf/5.2.0/mno-hw-mul/libgcc.a(lib2-mul.o)
                0x0000000000022b50                __mulsi3
 .text          0x0000000000022b78       0x34 ../temperatura_bsp//libhal_bsp.a(alt_exit.o)
                0x0000000000022b78                _exit
 *(.gnu.warning.*)
 *(.fini)
                [!provide]                        PROVIDE (__etext, ABSOLUTE (.))
                [!provide]                        PROVIDE (_etext, ABSOLUTE (.))
                [!provide]                        PROVIDE (etext, ABSOLUTE (.))
 *(.eh_frame_hdr)
                0x0000000000022bac                . = ALIGN (0x4)
                [!provide]                        PROVIDE (__preinit_array_start, ABSOLUTE (.))
 *(.preinit_array)
                [!provide]                        PROVIDE (__preinit_array_end, ABSOLUTE (.))
                [!provide]                        PROVIDE (__init_array_start, ABSOLUTE (.))
 *(.init_array)
                [!provide]                        PROVIDE (__init_array_end, ABSOLUTE (.))
                [!provide]                        PROVIDE (__fini_array_start, ABSOLUTE (.))
 *(.fini_array)
                [!provide]                        PROVIDE (__fini_array_end, ABSOLUTE (.))
 *(.eh_frame)
 *(.gcc_except_table .gcc_except_table.*)
 *(.dynamic)
                0x0000000000022bac                PROVIDE (__CTOR_LIST__, ABSOLUTE (.))
 *(.ctors)
 *(SORT(.ctors.*))
                0x0000000000022bac                PROVIDE (__CTOR_END__, ABSOLUTE (.))
                0x0000000000022bac                PROVIDE (__DTOR_LIST__, ABSOLUTE (.))
 *(.dtors)
 *(SORT(.dtors.*))
                0x0000000000022bac                PROVIDE (__DTOR_END__, ABSOLUTE (.))
 *(.jcr)
                0x0000000000022bac                . = ALIGN (0x4)

.rodata         0x0000000000022bac       0x98
                0x0000000000022bac                PROVIDE (__ram_rodata_start, ABSOLUTE (.))
                0x0000000000022bac                . = ALIGN (0x4)
 *(.rodata .rodata.* .gnu.linkonce.r.*)
 .rodata        0x0000000000022bac        0xf ../temperatura_bsp//libhal_bsp.a(alt_main.o)
 *fill*         0x0000000000022bbb        0x1 
 .rodata        0x0000000000022bbc       0x78 ../temperatura_bsp//libhal_bsp.a(alt_sys_init.o)
 .rodata        0x0000000000022c34        0xa ../temperatura_bsp//libhal_bsp.a(alt_dev.o)
 *fill*         0x0000000000022c3e        0x2 
 .rodata.str1.4
                0x0000000000022c40        0x4 /Altera/16.0/nios2eds/bin/gnu/H-x86_64-pc-linux-gnu/bin/../lib/gcc/nios2-elf/5.2.0/../../../../../H-x86_64-pc-linux-gnu/nios2-elf/lib/mno-hw-mul/libc.a(lib_a-impure.o)
                                          0x2 (size before relaxing)
 *(.rodata1)
                0x0000000000022c44                . = ALIGN (0x4)
                0x0000000000022c44                PROVIDE (__ram_rodata_end, ABSOLUTE (.))
                0x0000000000022bac                PROVIDE (__flash_rodata_start, LOADADDR (.rodata))

.rwdata         0x0000000000022c44     0x17a4 load address 0x00000000000243e8
                0x0000000000022c44                PROVIDE (__ram_rwdata_start, ABSOLUTE (.))
                0x0000000000022c44                . = ALIGN (0x4)
 *(.got.plt)
 *(.got)
 *(.data1)
 *(.data .data.* .gnu.linkonce.d.*)
 .data          0x0000000000022c44        0x0 ../temperatura_bsp//obj/HAL/src/crt0.o
 .data          0x0000000000022c44       0x18 obj/default/hello_world.o
                0x0000000000022c44                validValues
 .data          0x0000000000022c5c        0x0 ../temperatura_bsp//libhal_bsp.a(alt_load.o)
 .data          0x0000000000022c5c        0x0 ../temperatura_bsp//libhal_bsp.a(alt_main.o)
 .data          0x0000000000022c5c     0x1194 ../temperatura_bsp//libhal_bsp.a(alt_sys_init.o)
 .data          0x0000000000023df0        0x0 ../temperatura_bsp//libhal_bsp.a(altera_avalon_jtag_uart_fd.o)
 .data          0x0000000000023df0        0x0 ../temperatura_bsp//libhal_bsp.a(altera_avalon_jtag_uart_init.o)
 .data          0x0000000000023df0        0x0 ../temperatura_bsp//libhal_bsp.a(altera_avalon_jtag_uart_ioctl.o)
 .data          0x0000000000023df0        0x0 ../temperatura_bsp//libhal_bsp.a(altera_avalon_jtag_uart_read.o)
 .data          0x0000000000023df0        0x0 ../temperatura_bsp//libhal_bsp.a(altera_avalon_jtag_uart_write.o)
 .data          0x0000000000023df0        0x0 ../temperatura_bsp//libhal_bsp.a(altera_avalon_timer_sc.o)
 .data          0x0000000000023df0        0x0 ../temperatura_bsp//libhal_bsp.a(altera_up_avalon_character_lcd.o)
 .data          0x0000000000023df0        0x0 ../temperatura_bsp//libhal_bsp.a(alt_alarm_start.o)
 .data          0x0000000000023df0        0x0 ../temperatura_bsp//libhal_bsp.a(alt_close.o)
 .data          0x0000000000023df0        0x0 ../temperatura_bsp//libhal_bsp.a(alt_dcache_flush_all.o)
 .data          0x0000000000023df0      0x1a8 ../temperatura_bsp//libhal_bsp.a(alt_dev.o)
                0x0000000000023df0                alt_dev_null
                0x0000000000023e18                alt_fd_list
 .data          0x0000000000023f98        0x0 ../temperatura_bsp//libhal_bsp.a(alt_dev_llist_insert.o)
 .data          0x0000000000023f98        0x0 ../temperatura_bsp//libhal_bsp.a(alt_do_ctors.o)
 .data          0x0000000000023f98        0x0 ../temperatura_bsp//libhal_bsp.a(alt_do_dtors.o)
 .data          0x0000000000023f98        0x0 ../temperatura_bsp//libhal_bsp.a(alt_errno.o)
 .data          0x0000000000023f98        0x0 ../temperatura_bsp//libhal_bsp.a(alt_find_dev.o)
 .data          0x0000000000023f98        0x0 ../temperatura_bsp//libhal_bsp.a(alt_icache_flush_all.o)
 .data          0x0000000000023f98        0x0 ../temperatura_bsp//libhal_bsp.a(alt_io_redirect.o)
 .data          0x0000000000023f98        0x0 ../temperatura_bsp//libhal_bsp.a(alt_irq_register.o)
 .data          0x0000000000023f98        0x0 ../temperatura_bsp//libhal_bsp.a(alt_irq_vars.o)
 .data          0x0000000000023f98        0x0 ../temperatura_bsp//libhal_bsp.a(alt_open.o)
 .data          0x0000000000023f98        0x0 ../temperatura_bsp//libhal_bsp.a(alt_release_fd.o)
 .data          0x0000000000023f98        0x0 ../temperatura_bsp//libhal_bsp.a(alt_tick.o)
 .data          0x0000000000023f98        0x0 ../temperatura_bsp//libhal_bsp.a(altera_nios2_gen2_irq.o)
 .data          0x0000000000023f98        0x0 ../temperatura_bsp//libhal_bsp.a(alt_find_file.o)
 .data          0x0000000000023f98        0x0 ../temperatura_bsp//libhal_bsp.a(alt_get_fd.o)
 .data          0x0000000000023f98        0x0 ../temperatura_bsp//libhal_bsp.a(alt_irq_entry.o)
 .data          0x0000000000023f98        0x0 ../temperatura_bsp//libhal_bsp.a(alt_irq_handler.o)
 .data          0x0000000000023f98        0x0 ../temperatura_bsp//libhal_bsp.a(alt_exception_entry.o)
 .data          0x0000000000023f98        0x0 ../temperatura_bsp//libhal_bsp.a(alt_instruction_exception_entry.o)
 .data          0x0000000000023f98        0x0 /Altera/16.0/nios2eds/bin/gnu/H-x86_64-pc-linux-gnu/bin/../lib/gcc/nios2-elf/5.2.0/../../../../../H-x86_64-pc-linux-gnu/nios2-elf/lib/mno-hw-mul/libc.a(lib_a-atexit.o)
 .data          0x0000000000023f98        0x0 /Altera/16.0/nios2eds/bin/gnu/H-x86_64-pc-linux-gnu/bin/../lib/gcc/nios2-elf/5.2.0/../../../../../H-x86_64-pc-linux-gnu/nios2-elf/lib/mno-hw-mul/libc.a(lib_a-exit.o)
 .data          0x0000000000023f98        0x0 /Altera/16.0/nios2eds/bin/gnu/H-x86_64-pc-linux-gnu/bin/../lib/gcc/nios2-elf/5.2.0/../../../../../H-x86_64-pc-linux-gnu/nios2-elf/lib/mno-hw-mul/libc.a(lib_a-impure.o)
 .data.impure_data
                0x0000000000023f98      0x424 /Altera/16.0/nios2eds/bin/gnu/H-x86_64-pc-linux-gnu/bin/../lib/gcc/nios2-elf/5.2.0/../../../../../H-x86_64-pc-linux-gnu/nios2-elf/lib/mno-hw-mul/libc.a(lib_a-impure.o)
 .data          0x00000000000243bc        0x0 /Altera/16.0/nios2eds/bin/gnu/H-x86_64-pc-linux-gnu/bin/../lib/gcc/nios2-elf/5.2.0/../../../../../H-x86_64-pc-linux-gnu/nios2-elf/lib/mno-hw-mul/libc.a(lib_a-int_errno.o)
 .data          0x00000000000243bc        0x0 /Altera/16.0/nios2eds/bin/gnu/H-x86_64-pc-linux-gnu/bin/../lib/gcc/nios2-elf/5.2.0/../../../../../H-x86_64-pc-linux-gnu/nios2-elf/lib/mno-hw-mul/libc.a(lib_a-memcmp.o)
 .data          0x00000000000243bc        0x0 /Altera/16.0/nios2eds/bin/gnu/H-x86_64-pc-linux-gnu/bin/../lib/gcc/nios2-elf/5.2.0/../../../../../H-x86_64-pc-linux-gnu/nios2-elf/lib/mno-hw-mul/libc.a(lib_a-memcpy.o)
 .data          0x00000000000243bc        0x0 /Altera/16.0/nios2eds/bin/gnu/H-x86_64-pc-linux-gnu/bin/../lib/gcc/nios2-elf/5.2.0/../../../../../H-x86_64-pc-linux-gnu/nios2-elf/lib/mno-hw-mul/libc.a(lib_a-strlen.o)
 .data          0x00000000000243bc        0x0 /Altera/16.0/nios2eds/bin/gnu/H-x86_64-pc-linux-gnu/bin/../lib/gcc/nios2-elf/5.2.0/../../../../../H-x86_64-pc-linux-gnu/nios2-elf/lib/mno-hw-mul/libc.a(lib_a-__atexit.o)
 .data          0x00000000000243bc        0x0 /Altera/16.0/nios2eds/bin/gnu/H-x86_64-pc-linux-gnu/bin/../lib/gcc/nios2-elf/5.2.0/../../../../../H-x86_64-pc-linux-gnu/nios2-elf/lib/mno-hw-mul/libc.a(lib_a-__call_atexit.o)
 .data          0x00000000000243bc        0x0 /Altera/16.0/nios2eds/bin/gnu/H-x86_64-pc-linux-gnu/bin/../lib/gcc/nios2-elf/5.2.0/mno-hw-mul/libgcc.a(lib2-mul.o)
 .data          0x00000000000243bc        0x0 ../temperatura_bsp//libhal_bsp.a(alt_exit.o)
                0x000000000002c3bc                _gp = ABSOLUTE ((. + 0x8000))
                [!provide]                        PROVIDE (gp, _gp)
 *(.rwdata .rwdata.*)
 *(.sdata .sdata.* .gnu.linkonce.s.*)
 .sdata         0x00000000000243bc       0x14 ../temperatura_bsp//libhal_bsp.a(alt_dev.o)
                0x00000000000243bc                alt_fs_list
                0x00000000000243c4                alt_dev_list
                0x00000000000243cc                alt_max_fd
 .sdata         0x00000000000243d0        0x4 ../temperatura_bsp//libhal_bsp.a(alt_errno.o)
                0x00000000000243d0                alt_errno
 .sdata         0x00000000000243d4        0x4 ../temperatura_bsp//libhal_bsp.a(alt_irq_vars.o)
                0x00000000000243d4                alt_priority_mask
 .sdata         0x00000000000243d8        0x8 ../temperatura_bsp//libhal_bsp.a(alt_tick.o)
                0x00000000000243d8                alt_alarm_list
 .sdata._global_impure_ptr
                0x00000000000243e0        0x4 /Altera/16.0/nios2eds/bin/gnu/H-x86_64-pc-linux-gnu/bin/../lib/gcc/nios2-elf/5.2.0/../../../../../H-x86_64-pc-linux-gnu/nios2-elf/lib/mno-hw-mul/libc.a(lib_a-impure.o)
                0x00000000000243e0                _global_impure_ptr
 .sdata._impure_ptr
                0x00000000000243e4        0x4 /Altera/16.0/nios2eds/bin/gnu/H-x86_64-pc-linux-gnu/bin/../lib/gcc/nios2-elf/5.2.0/../../../../../H-x86_64-pc-linux-gnu/nios2-elf/lib/mno-hw-mul/libc.a(lib_a-impure.o)
                0x00000000000243e4                _impure_ptr
 *(.sdata2 .sdata2.* .gnu.linkonce.s2.*)
                0x00000000000243e8                . = ALIGN (0x4)
                0x00000000000243e8                _edata = ABSOLUTE (.)
                [!provide]                        PROVIDE (edata, ABSOLUTE (.))
                0x00000000000243e8                PROVIDE (__ram_rwdata_end, ABSOLUTE (.))
                0x00000000000243e8                PROVIDE (__flash_rwdata_start, LOADADDR (.rwdata))

.bss            0x0000000000025b8c      0x120
                0x0000000000025b8c                __bss_start = ABSOLUTE (.)
                [!provide]                        PROVIDE (__sbss_start, ABSOLUTE (.))
                [!provide]                        PROVIDE (___sbss_start, ABSOLUTE (.))
 *(.dynsbss)
 *(.sbss .sbss.* .gnu.linkonce.sb.*)
 .sbss          0x0000000000025b8c        0xc ../temperatura_bsp//libhal_bsp.a(alt_main.o)
                0x0000000000025b8c                alt_argc
                0x0000000000025b90                alt_argv
                0x0000000000025b94                alt_envp
 .sbss          0x0000000000025b98        0x4 ../temperatura_bsp//libhal_bsp.a(alt_irq_vars.o)
                0x0000000000025b98                alt_irq_active
 .sbss          0x0000000000025b9c        0x8 ../temperatura_bsp//libhal_bsp.a(alt_tick.o)
                0x0000000000025b9c                _alt_tick_rate
                0x0000000000025ba0                _alt_nticks
 .sbss          0x0000000000025ba4        0x4 ../temperatura_bsp//libhal_bsp.a(alt_instruction_exception_entry.o)
                0x0000000000025ba4                alt_instruction_exception_handler
 .sbss          0x0000000000025ba8        0x4 /Altera/16.0/nios2eds/bin/gnu/H-x86_64-pc-linux-gnu/bin/../lib/gcc/nios2-elf/5.2.0/../../../../../H-x86_64-pc-linux-gnu/nios2-elf/lib/mno-hw-mul/libc.a(lib_a-int_errno.o)
                0x0000000000025ba8                errno
 *(.sbss2 .sbss2.* .gnu.linkonce.sb2.*)
 *(.scommon)
                [!provide]                        PROVIDE (__sbss_end, ABSOLUTE (.))
                [!provide]                        PROVIDE (___sbss_end, ABSOLUTE (.))
 *(.dynbss)
 *(.bss .bss.* .gnu.linkonce.b.*)
 .bss           0x0000000000025bac        0x0 ../temperatura_bsp//obj/HAL/src/crt0.o
 .bss           0x0000000000025bac        0x0 obj/default/hello_world.o
 .bss           0x0000000000025bac        0x0 ../temperatura_bsp//libhal_bsp.a(alt_load.o)
 .bss           0x0000000000025bac        0x0 ../temperatura_bsp//libhal_bsp.a(alt_main.o)
 .bss           0x0000000000025bac        0x0 ../temperatura_bsp//libhal_bsp.a(alt_sys_init.o)
 .bss           0x0000000000025bac        0x0 ../temperatura_bsp//libhal_bsp.a(altera_avalon_jtag_uart_fd.o)
 .bss           0x0000000000025bac        0x0 ../temperatura_bsp//libhal_bsp.a(altera_avalon_jtag_uart_init.o)
 .bss           0x0000000000025bac        0x0 ../temperatura_bsp//libhal_bsp.a(altera_avalon_jtag_uart_ioctl.o)
 .bss           0x0000000000025bac        0x0 ../temperatura_bsp//libhal_bsp.a(altera_avalon_jtag_uart_read.o)
 .bss           0x0000000000025bac        0x0 ../temperatura_bsp//libhal_bsp.a(altera_avalon_jtag_uart_write.o)
 .bss           0x0000000000025bac        0x0 ../temperatura_bsp//libhal_bsp.a(altera_avalon_timer_sc.o)
 .bss           0x0000000000025bac        0x0 ../temperatura_bsp//libhal_bsp.a(altera_up_avalon_character_lcd.o)
 .bss           0x0000000000025bac        0x0 ../temperatura_bsp//libhal_bsp.a(alt_alarm_start.o)
 .bss           0x0000000000025bac        0x0 ../temperatura_bsp//libhal_bsp.a(alt_close.o)
 .bss           0x0000000000025bac        0x0 ../temperatura_bsp//libhal_bsp.a(alt_dcache_flush_all.o)
 .bss           0x0000000000025bac        0x0 ../temperatura_bsp//libhal_bsp.a(alt_dev.o)
 .bss           0x0000000000025bac        0x0 ../temperatura_bsp//libhal_bsp.a(alt_dev_llist_insert.o)
 .bss           0x0000000000025bac        0x0 ../temperatura_bsp//libhal_bsp.a(alt_do_ctors.o)
 .bss           0x0000000000025bac        0x0 ../temperatura_bsp//libhal_bsp.a(alt_do_dtors.o)
 .bss           0x0000000000025bac        0x0 ../temperatura_bsp//libhal_bsp.a(alt_errno.o)
 .bss           0x0000000000025bac        0x0 ../temperatura_bsp//libhal_bsp.a(alt_find_dev.o)
 .bss           0x0000000000025bac        0x0 ../temperatura_bsp//libhal_bsp.a(alt_icache_flush_all.o)
 .bss           0x0000000000025bac        0x0 ../temperatura_bsp//libhal_bsp.a(alt_io_redirect.o)
 .bss           0x0000000000025bac        0x0 ../temperatura_bsp//libhal_bsp.a(alt_irq_register.o)
 .bss           0x0000000000025bac        0x0 ../temperatura_bsp//libhal_bsp.a(alt_irq_vars.o)
 .bss           0x0000000000025bac        0x0 ../temperatura_bsp//libhal_bsp.a(alt_open.o)
 .bss           0x0000000000025bac        0x0 ../temperatura_bsp//libhal_bsp.a(alt_release_fd.o)
 .bss           0x0000000000025bac        0x0 ../temperatura_bsp//libhal_bsp.a(alt_tick.o)
 .bss           0x0000000000025bac        0x0 ../temperatura_bsp//libhal_bsp.a(altera_nios2_gen2_irq.o)
 .bss           0x0000000000025bac        0x0 ../temperatura_bsp//libhal_bsp.a(alt_find_file.o)
 .bss           0x0000000000025bac        0x0 ../temperatura_bsp//libhal_bsp.a(alt_get_fd.o)
 .bss           0x0000000000025bac        0x0 ../temperatura_bsp//libhal_bsp.a(alt_irq_entry.o)
 .bss           0x0000000000025bac        0x0 ../temperatura_bsp//libhal_bsp.a(alt_irq_handler.o)
 .bss           0x0000000000025bac        0x0 ../temperatura_bsp//libhal_bsp.a(alt_exception_entry.o)
 .bss           0x0000000000025bac        0x0 ../temperatura_bsp//libhal_bsp.a(alt_instruction_exception_entry.o)
 .bss           0x0000000000025bac        0x0 /Altera/16.0/nios2eds/bin/gnu/H-x86_64-pc-linux-gnu/bin/../lib/gcc/nios2-elf/5.2.0/../../../../../H-x86_64-pc-linux-gnu/nios2-elf/lib/mno-hw-mul/libc.a(lib_a-atexit.o)
 .bss           0x0000000000025bac        0x0 /Altera/16.0/nios2eds/bin/gnu/H-x86_64-pc-linux-gnu/bin/../lib/gcc/nios2-elf/5.2.0/../../../../../H-x86_64-pc-linux-gnu/nios2-elf/lib/mno-hw-mul/libc.a(lib_a-exit.o)
 .bss           0x0000000000025bac        0x0 /Altera/16.0/nios2eds/bin/gnu/H-x86_64-pc-linux-gnu/bin/../lib/gcc/nios2-elf/5.2.0/../../../../../H-x86_64-pc-linux-gnu/nios2-elf/lib/mno-hw-mul/libc.a(lib_a-impure.o)
 .bss           0x0000000000025bac        0x0 /Altera/16.0/nios2eds/bin/gnu/H-x86_64-pc-linux-gnu/bin/../lib/gcc/nios2-elf/5.2.0/../../../../../H-x86_64-pc-linux-gnu/nios2-elf/lib/mno-hw-mul/libc.a(lib_a-int_errno.o)
 .bss           0x0000000000025bac        0x0 /Altera/16.0/nios2eds/bin/gnu/H-x86_64-pc-linux-gnu/bin/../lib/gcc/nios2-elf/5.2.0/../../../../../H-x86_64-pc-linux-gnu/nios2-elf/lib/mno-hw-mul/libc.a(lib_a-memcmp.o)
 .bss           0x0000000000025bac        0x0 /Altera/16.0/nios2eds/bin/gnu/H-x86_64-pc-linux-gnu/bin/../lib/gcc/nios2-elf/5.2.0/../../../../../H-x86_64-pc-linux-gnu/nios2-elf/lib/mno-hw-mul/libc.a(lib_a-memcpy.o)
 .bss           0x0000000000025bac        0x0 /Altera/16.0/nios2eds/bin/gnu/H-x86_64-pc-linux-gnu/bin/../lib/gcc/nios2-elf/5.2.0/../../../../../H-x86_64-pc-linux-gnu/nios2-elf/lib/mno-hw-mul/libc.a(lib_a-strlen.o)
 .bss           0x0000000000025bac        0x0 /Altera/16.0/nios2eds/bin/gnu/H-x86_64-pc-linux-gnu/bin/../lib/gcc/nios2-elf/5.2.0/../../../../../H-x86_64-pc-linux-gnu/nios2-elf/lib/mno-hw-mul/libc.a(lib_a-__atexit.o)
 .bss           0x0000000000025bac        0x0 /Altera/16.0/nios2eds/bin/gnu/H-x86_64-pc-linux-gnu/bin/../lib/gcc/nios2-elf/5.2.0/../../../../../H-x86_64-pc-linux-gnu/nios2-elf/lib/mno-hw-mul/libc.a(lib_a-__call_atexit.o)
 .bss           0x0000000000025bac        0x0 /Altera/16.0/nios2eds/bin/gnu/H-x86_64-pc-linux-gnu/bin/../lib/gcc/nios2-elf/5.2.0/mno-hw-mul/libgcc.a(lib2-mul.o)
 .bss           0x0000000000025bac        0x0 ../temperatura_bsp//libhal_bsp.a(alt_exit.o)
 *(COMMON)
 COMMON         0x0000000000025bac      0x100 ../temperatura_bsp//libhal_bsp.a(alt_irq_handler.o)
                0x0000000000025bac                alt_irq
                0x0000000000025cac                . = ALIGN (0x4)
                0x0000000000025cac                __bss_end = ABSOLUTE (.)

.OnChip_Memory  0x0000000000025cac        0x0
                [!provide]                        PROVIDE (_alt_partition_OnChip_Memory_start, ABSOLUTE (.))
 *(.OnChip_Memory .OnChip_Memory. OnChip_Memory.*)
                0x0000000000025cac                . = ALIGN (0x4)
                [!provide]                        PROVIDE (_alt_partition_OnChip_Memory_end, ABSOLUTE (.))
                0x0000000000025cac                _end = ABSOLUTE (.)
                0x0000000000025cac                end = ABSOLUTE (.)
                0x0000000000025cac                __alt_stack_base = ABSOLUTE (.)
                [!provide]                        PROVIDE (_alt_partition_OnChip_Memory_load_addr, LOADADDR (.OnChip_Memory))

.stab
 *(.stab)

.stabstr
 *(.stabstr)

.stab.excl
 *(.stab.excl)

.stab.exclstr
 *(.stab.exclstr)

.stab.index
 *(.stab.index)

.stab.indexstr
 *(.stab.indexstr)

.comment        0x0000000000000000       0x23
 *(.comment)
 .comment       0x0000000000000000       0x23 obj/default/hello_world.o
                                         0x24 (size before relaxing)
 .comment       0x0000000000000023       0x24 ../temperatura_bsp//libhal_bsp.a(alt_load.o)
 .comment       0x0000000000000023       0x24 ../temperatura_bsp//libhal_bsp.a(alt_main.o)
 .comment       0x0000000000000023       0x24 ../temperatura_bsp//libhal_bsp.a(alt_sys_init.o)
 .comment       0x0000000000000023       0x24 ../temperatura_bsp//libhal_bsp.a(altera_avalon_jtag_uart_fd.o)
 .comment       0x0000000000000023       0x24 ../temperatura_bsp//libhal_bsp.a(altera_avalon_jtag_uart_init.o)
 .comment       0x0000000000000023       0x24 ../temperatura_bsp//libhal_bsp.a(altera_avalon_jtag_uart_ioctl.o)
 .comment       0x0000000000000023       0x24 ../temperatura_bsp//libhal_bsp.a(altera_avalon_jtag_uart_read.o)
 .comment       0x0000000000000023       0x24 ../temperatura_bsp//libhal_bsp.a(altera_avalon_jtag_uart_write.o)
 .comment       0x0000000000000023       0x24 ../temperatura_bsp//libhal_bsp.a(altera_avalon_timer_sc.o)
 .comment       0x0000000000000023       0x24 ../temperatura_bsp//libhal_bsp.a(altera_up_avalon_character_lcd.o)
 .comment       0x0000000000000023       0x24 ../temperatura_bsp//libhal_bsp.a(alt_alarm_start.o)
 .comment       0x0000000000000023       0x24 ../temperatura_bsp//libhal_bsp.a(alt_close.o)
 .comment       0x0000000000000023       0x24 ../temperatura_bsp//libhal_bsp.a(alt_dcache_flush_all.o)
 .comment       0x0000000000000023       0x24 ../temperatura_bsp//libhal_bsp.a(alt_dev.o)
 .comment       0x0000000000000023       0x24 ../temperatura_bsp//libhal_bsp.a(alt_dev_llist_insert.o)
 .comment       0x0000000000000023       0x24 ../temperatura_bsp//libhal_bsp.a(alt_do_ctors.o)
 .comment       0x0000000000000023       0x24 ../temperatura_bsp//libhal_bsp.a(alt_do_dtors.o)
 .comment       0x0000000000000023       0x24 ../temperatura_bsp//libhal_bsp.a(alt_errno.o)
 .comment       0x0000000000000023       0x24 ../temperatura_bsp//libhal_bsp.a(alt_find_dev.o)
 .comment       0x0000000000000023       0x24 ../temperatura_bsp//libhal_bsp.a(alt_icache_flush_all.o)
 .comment       0x0000000000000023       0x24 ../temperatura_bsp//libhal_bsp.a(alt_io_redirect.o)
 .comment       0x0000000000000023       0x24 ../temperatura_bsp//libhal_bsp.a(alt_irq_register.o)
 .comment       0x0000000000000023       0x24 ../temperatura_bsp//libhal_bsp.a(alt_irq_vars.o)
 .comment       0x0000000000000023       0x24 ../temperatura_bsp//libhal_bsp.a(alt_open.o)
 .comment       0x0000000000000023       0x24 ../temperatura_bsp//libhal_bsp.a(alt_release_fd.o)
 .comment       0x0000000000000023       0x24 ../temperatura_bsp//libhal_bsp.a(alt_tick.o)
 .comment       0x0000000000000023       0x24 ../temperatura_bsp//libhal_bsp.a(altera_nios2_gen2_irq.o)
 .comment       0x0000000000000023       0x24 ../temperatura_bsp//libhal_bsp.a(alt_find_file.o)
 .comment       0x0000000000000023       0x24 ../temperatura_bsp//libhal_bsp.a(alt_get_fd.o)
 .comment       0x0000000000000023       0x24 ../temperatura_bsp//libhal_bsp.a(alt_irq_handler.o)
 .comment       0x0000000000000023       0x24 ../temperatura_bsp//libhal_bsp.a(alt_instruction_exception_entry.o)
 .comment       0x0000000000000023       0x24 /Altera/16.0/nios2eds/bin/gnu/H-x86_64-pc-linux-gnu/bin/../lib/gcc/nios2-elf/5.2.0/../../../../../H-x86_64-pc-linux-gnu/nios2-elf/lib/mno-hw-mul/libc.a(lib_a-atexit.o)
 .comment       0x0000000000000023       0x24 /Altera/16.0/nios2eds/bin/gnu/H-x86_64-pc-linux-gnu/bin/../lib/gcc/nios2-elf/5.2.0/../../../../../H-x86_64-pc-linux-gnu/nios2-elf/lib/mno-hw-mul/libc.a(lib_a-exit.o)
 .comment       0x0000000000000023       0x24 /Altera/16.0/nios2eds/bin/gnu/H-x86_64-pc-linux-gnu/bin/../lib/gcc/nios2-elf/5.2.0/../../../../../H-x86_64-pc-linux-gnu/nios2-elf/lib/mno-hw-mul/libc.a(lib_a-impure.o)
 .comment       0x0000000000000023       0x24 /Altera/16.0/nios2eds/bin/gnu/H-x86_64-pc-linux-gnu/bin/../lib/gcc/nios2-elf/5.2.0/../../../../../H-x86_64-pc-linux-gnu/nios2-elf/lib/mno-hw-mul/libc.a(lib_a-int_errno.o)
 .comment       0x0000000000000023       0x24 /Altera/16.0/nios2eds/bin/gnu/H-x86_64-pc-linux-gnu/bin/../lib/gcc/nios2-elf/5.2.0/../../../../../H-x86_64-pc-linux-gnu/nios2-elf/lib/mno-hw-mul/libc.a(lib_a-memcmp.o)
 .comment       0x0000000000000023       0x24 /Altera/16.0/nios2eds/bin/gnu/H-x86_64-pc-linux-gnu/bin/../lib/gcc/nios2-elf/5.2.0/../../../../../H-x86_64-pc-linux-gnu/nios2-elf/lib/mno-hw-mul/libc.a(lib_a-memcpy.o)
 .comment       0x0000000000000023       0x24 /Altera/16.0/nios2eds/bin/gnu/H-x86_64-pc-linux-gnu/bin/../lib/gcc/nios2-elf/5.2.0/../../../../../H-x86_64-pc-linux-gnu/nios2-elf/lib/mno-hw-mul/libc.a(lib_a-strlen.o)
 .comment       0x0000000000000023       0x24 /Altera/16.0/nios2eds/bin/gnu/H-x86_64-pc-linux-gnu/bin/../lib/gcc/nios2-elf/5.2.0/../../../../../H-x86_64-pc-linux-gnu/nios2-elf/lib/mno-hw-mul/libc.a(lib_a-__atexit.o)
 .comment       0x0000000000000023       0x24 /Altera/16.0/nios2eds/bin/gnu/H-x86_64-pc-linux-gnu/bin/../lib/gcc/nios2-elf/5.2.0/../../../../../H-x86_64-pc-linux-gnu/nios2-elf/lib/mno-hw-mul/libc.a(lib_a-__call_atexit.o)
 .comment       0x0000000000000023       0x24 /Altera/16.0/nios2eds/bin/gnu/H-x86_64-pc-linux-gnu/bin/../lib/gcc/nios2-elf/5.2.0/mno-hw-mul/libgcc.a(lib2-mul.o)
 .comment       0x0000000000000023       0x24 ../temperatura_bsp//libhal_bsp.a(alt_exit.o)

.debug
 *(.debug)

.line
 *(.line)

.debug_srcinfo
 *(.debug_srcinfo)

.debug_sfnames
 *(.debug_sfnames)

.debug_aranges  0x0000000000000000      0x5d8
 *(.debug_aranges)
 .debug_aranges
                0x0000000000000000       0x28 ../temperatura_bsp//obj/HAL/src/crt0.o
 .debug_aranges
                0x0000000000000028       0x20 obj/default/hello_world.o
 .debug_aranges
                0x0000000000000048       0x20 ../temperatura_bsp//libhal_bsp.a(alt_load.o)
 .debug_aranges
                0x0000000000000068       0x20 ../temperatura_bsp//libhal_bsp.a(alt_main.o)
 .debug_aranges
                0x0000000000000088       0x20 ../temperatura_bsp//libhal_bsp.a(alt_sys_init.o)
 .debug_aranges
                0x00000000000000a8       0x20 ../temperatura_bsp//libhal_bsp.a(altera_avalon_jtag_uart_fd.o)
 .debug_aranges
                0x00000000000000c8       0x20 ../temperatura_bsp//libhal_bsp.a(altera_avalon_jtag_uart_init.o)
 .debug_aranges
                0x00000000000000e8       0x20 ../temperatura_bsp//libhal_bsp.a(altera_avalon_jtag_uart_ioctl.o)
 .debug_aranges
                0x0000000000000108       0x20 ../temperatura_bsp//libhal_bsp.a(altera_avalon_jtag_uart_read.o)
 .debug_aranges
                0x0000000000000128       0x20 ../temperatura_bsp//libhal_bsp.a(altera_avalon_jtag_uart_write.o)
 .debug_aranges
                0x0000000000000148       0x20 ../temperatura_bsp//libhal_bsp.a(altera_avalon_timer_sc.o)
 .debug_aranges
                0x0000000000000168       0x20 ../temperatura_bsp//libhal_bsp.a(altera_up_avalon_character_lcd.o)
 .debug_aranges
                0x0000000000000188       0x20 ../temperatura_bsp//libhal_bsp.a(alt_alarm_start.o)
 .debug_aranges
                0x00000000000001a8       0x20 ../temperatura_bsp//libhal_bsp.a(alt_close.o)
 .debug_aranges
                0x00000000000001c8       0x20 ../temperatura_bsp//libhal_bsp.a(alt_dcache_flush_all.o)
 .debug_aranges
                0x00000000000001e8       0x20 ../temperatura_bsp//libhal_bsp.a(alt_dev.o)
 .debug_aranges
                0x0000000000000208       0x20 ../temperatura_bsp//libhal_bsp.a(alt_dev_llist_insert.o)
 .debug_aranges
                0x0000000000000228       0x20 ../temperatura_bsp//libhal_bsp.a(alt_do_ctors.o)
 .debug_aranges
                0x0000000000000248       0x20 ../temperatura_bsp//libhal_bsp.a(alt_do_dtors.o)
 .debug_aranges
                0x0000000000000268       0x18 ../temperatura_bsp//libhal_bsp.a(alt_errno.o)
 .debug_aranges
                0x0000000000000280       0x20 ../temperatura_bsp//libhal_bsp.a(alt_find_dev.o)
 .debug_aranges
                0x00000000000002a0       0x20 ../temperatura_bsp//libhal_bsp.a(alt_icache_flush_all.o)
 .debug_aranges
                0x00000000000002c0       0x20 ../temperatura_bsp//libhal_bsp.a(alt_io_redirect.o)
 .debug_aranges
                0x00000000000002e0       0x20 ../temperatura_bsp//libhal_bsp.a(alt_irq_register.o)
 .debug_aranges
                0x0000000000000300       0x18 ../temperatura_bsp//libhal_bsp.a(alt_irq_vars.o)
 .debug_aranges
                0x0000000000000318       0x20 ../temperatura_bsp//libhal_bsp.a(alt_open.o)
 .debug_aranges
                0x0000000000000338       0x20 ../temperatura_bsp//libhal_bsp.a(alt_release_fd.o)
 .debug_aranges
                0x0000000000000358       0x20 ../temperatura_bsp//libhal_bsp.a(alt_tick.o)
 .debug_aranges
                0x0000000000000378       0x20 ../temperatura_bsp//libhal_bsp.a(altera_nios2_gen2_irq.o)
 .debug_aranges
                0x0000000000000398       0x20 ../temperatura_bsp//libhal_bsp.a(alt_find_file.o)
 .debug_aranges
                0x00000000000003b8       0x20 ../temperatura_bsp//libhal_bsp.a(alt_get_fd.o)
 .debug_aranges
                0x00000000000003d8       0x30 ../temperatura_bsp//libhal_bsp.a(alt_irq_entry.o)
 .debug_aranges
                0x0000000000000408       0x20 ../temperatura_bsp//libhal_bsp.a(alt_irq_handler.o)
 .debug_aranges
                0x0000000000000428       0x38 ../temperatura_bsp//libhal_bsp.a(alt_exception_entry.o)
 .debug_aranges
                0x0000000000000460       0x28 ../temperatura_bsp//libhal_bsp.a(alt_instruction_exception_entry.o)
 .debug_aranges
                0x0000000000000488       0x20 /Altera/16.0/nios2eds/bin/gnu/H-x86_64-pc-linux-gnu/bin/../lib/gcc/nios2-elf/5.2.0/../../../../../H-x86_64-pc-linux-gnu/nios2-elf/lib/mno-hw-mul/libc.a(lib_a-atexit.o)
 .debug_aranges
                0x00000000000004a8       0x20 /Altera/16.0/nios2eds/bin/gnu/H-x86_64-pc-linux-gnu/bin/../lib/gcc/nios2-elf/5.2.0/../../../../../H-x86_64-pc-linux-gnu/nios2-elf/lib/mno-hw-mul/libc.a(lib_a-exit.o)
 .debug_aranges
                0x00000000000004c8       0x18 /Altera/16.0/nios2eds/bin/gnu/H-x86_64-pc-linux-gnu/bin/../lib/gcc/nios2-elf/5.2.0/../../../../../H-x86_64-pc-linux-gnu/nios2-elf/lib/mno-hw-mul/libc.a(lib_a-impure.o)
 .debug_aranges
                0x00000000000004e0       0x18 /Altera/16.0/nios2eds/bin/gnu/H-x86_64-pc-linux-gnu/bin/../lib/gcc/nios2-elf/5.2.0/../../../../../H-x86_64-pc-linux-gnu/nios2-elf/lib/mno-hw-mul/libc.a(lib_a-int_errno.o)
 .debug_aranges
                0x00000000000004f8       0x20 /Altera/16.0/nios2eds/bin/gnu/H-x86_64-pc-linux-gnu/bin/../lib/gcc/nios2-elf/5.2.0/../../../../../H-x86_64-pc-linux-gnu/nios2-elf/lib/mno-hw-mul/libc.a(lib_a-memcmp.o)
 .debug_aranges
                0x0000000000000518       0x20 /Altera/16.0/nios2eds/bin/gnu/H-x86_64-pc-linux-gnu/bin/../lib/gcc/nios2-elf/5.2.0/../../../../../H-x86_64-pc-linux-gnu/nios2-elf/lib/mno-hw-mul/libc.a(lib_a-memcpy.o)
 .debug_aranges
                0x0000000000000538       0x20 /Altera/16.0/nios2eds/bin/gnu/H-x86_64-pc-linux-gnu/bin/../lib/gcc/nios2-elf/5.2.0/../../../../../H-x86_64-pc-linux-gnu/nios2-elf/lib/mno-hw-mul/libc.a(lib_a-strlen.o)
 .debug_aranges
                0x0000000000000558       0x20 /Altera/16.0/nios2eds/bin/gnu/H-x86_64-pc-linux-gnu/bin/../lib/gcc/nios2-elf/5.2.0/../../../../../H-x86_64-pc-linux-gnu/nios2-elf/lib/mno-hw-mul/libc.a(lib_a-__atexit.o)
 .debug_aranges
                0x0000000000000578       0x20 /Altera/16.0/nios2eds/bin/gnu/H-x86_64-pc-linux-gnu/bin/../lib/gcc/nios2-elf/5.2.0/../../../../../H-x86_64-pc-linux-gnu/nios2-elf/lib/mno-hw-mul/libc.a(lib_a-__call_atexit.o)
 .debug_aranges
                0x0000000000000598       0x20 /Altera/16.0/nios2eds/bin/gnu/H-x86_64-pc-linux-gnu/bin/../lib/gcc/nios2-elf/5.2.0/mno-hw-mul/libgcc.a(lib2-mul.o)
 .debug_aranges
                0x00000000000005b8       0x20 ../temperatura_bsp//libhal_bsp.a(alt_exit.o)

.debug_pubnames
 *(.debug_pubnames)

.debug_info     0x0000000000000000     0x7dbb
 *(.debug_info .gnu.linkonce.wi.*)
 .debug_info    0x0000000000000000       0x77 ../temperatura_bsp//obj/HAL/src/crt0.o
 .debug_info    0x0000000000000077      0x113 obj/default/hello_world.o
 .debug_info    0x000000000000018a      0x145 ../temperatura_bsp//libhal_bsp.a(alt_load.o)
 .debug_info    0x00000000000002cf      0x157 ../temperatura_bsp//libhal_bsp.a(alt_main.o)
 .debug_info    0x0000000000000426      0x5c6 ../temperatura_bsp//libhal_bsp.a(alt_sys_init.o)
 .debug_info    0x00000000000009ec      0x52e ../temperatura_bsp//libhal_bsp.a(altera_avalon_jtag_uart_fd.o)
 .debug_info    0x0000000000000f1a      0x3c3 ../temperatura_bsp//libhal_bsp.a(altera_avalon_jtag_uart_init.o)
 .debug_info    0x00000000000012dd      0x280 ../temperatura_bsp//libhal_bsp.a(altera_avalon_jtag_uart_ioctl.o)
 .debug_info    0x000000000000155d      0x35b ../temperatura_bsp//libhal_bsp.a(altera_avalon_jtag_uart_read.o)
 .debug_info    0x00000000000018b8      0x356 ../temperatura_bsp//libhal_bsp.a(altera_avalon_jtag_uart_write.o)
 .debug_info    0x0000000000001c0e      0x249 ../temperatura_bsp//libhal_bsp.a(altera_avalon_timer_sc.o)
 .debug_info    0x0000000000001e57      0x601 ../temperatura_bsp//libhal_bsp.a(altera_up_avalon_character_lcd.o)
 .debug_info    0x0000000000002458      0x2e2 ../temperatura_bsp//libhal_bsp.a(alt_alarm_start.o)
 .debug_info    0x000000000000273a      0x321 ../temperatura_bsp//libhal_bsp.a(alt_close.o)
 .debug_info    0x0000000000002a5b       0x92 ../temperatura_bsp//libhal_bsp.a(alt_dcache_flush_all.o)
 .debug_info    0x0000000000002aed      0x49c ../temperatura_bsp//libhal_bsp.a(alt_dev.o)
 .debug_info    0x0000000000002f89      0x1a9 ../temperatura_bsp//libhal_bsp.a(alt_dev_llist_insert.o)
 .debug_info    0x0000000000003132       0x83 ../temperatura_bsp//libhal_bsp.a(alt_do_ctors.o)
 .debug_info    0x00000000000031b5       0x83 ../temperatura_bsp//libhal_bsp.a(alt_do_dtors.o)
 .debug_info    0x0000000000003238       0xa6 ../temperatura_bsp//libhal_bsp.a(alt_errno.o)
 .debug_info    0x00000000000032de      0x2e9 ../temperatura_bsp//libhal_bsp.a(alt_find_dev.o)
 .debug_info    0x00000000000035c7       0x92 ../temperatura_bsp//libhal_bsp.a(alt_icache_flush_all.o)
 .debug_info    0x0000000000003659      0x4a5 ../temperatura_bsp//libhal_bsp.a(alt_io_redirect.o)
 .debug_info    0x0000000000003afe      0x329 ../temperatura_bsp//libhal_bsp.a(alt_irq_register.o)
 .debug_info    0x0000000000003e27       0x88 ../temperatura_bsp//libhal_bsp.a(alt_irq_vars.o)
 .debug_info    0x0000000000003eaf      0x3bb ../temperatura_bsp//libhal_bsp.a(alt_open.o)
 .debug_info    0x000000000000426a      0x2b0 ../temperatura_bsp//libhal_bsp.a(alt_release_fd.o)
 .debug_info    0x000000000000451a      0x2af ../temperatura_bsp//libhal_bsp.a(alt_tick.o)
 .debug_info    0x00000000000047c9       0xb8 ../temperatura_bsp//libhal_bsp.a(altera_nios2_gen2_irq.o)
 .debug_info    0x0000000000004881      0x2e6 ../temperatura_bsp//libhal_bsp.a(alt_find_file.o)
 .debug_info    0x0000000000004b67      0x310 ../temperatura_bsp//libhal_bsp.a(alt_get_fd.o)
 .debug_info    0x0000000000004e77       0x80 ../temperatura_bsp//libhal_bsp.a(alt_irq_entry.o)
 .debug_info    0x0000000000004ef7      0x1a7 ../temperatura_bsp//libhal_bsp.a(alt_irq_handler.o)
 .debug_info    0x000000000000509e       0x86 ../temperatura_bsp//libhal_bsp.a(alt_exception_entry.o)
 .debug_info    0x0000000000005124      0x1e7 ../temperatura_bsp//libhal_bsp.a(alt_instruction_exception_entry.o)
 .debug_info    0x000000000000530b       0xfe /Altera/16.0/nios2eds/bin/gnu/H-x86_64-pc-linux-gnu/bin/../lib/gcc/nios2-elf/5.2.0/../../../../../H-x86_64-pc-linux-gnu/nios2-elf/lib/mno-hw-mul/libc.a(lib_a-atexit.o)
 .debug_info    0x0000000000005409      0x8e4 /Altera/16.0/nios2eds/bin/gnu/H-x86_64-pc-linux-gnu/bin/../lib/gcc/nios2-elf/5.2.0/../../../../../H-x86_64-pc-linux-gnu/nios2-elf/lib/mno-hw-mul/libc.a(lib_a-exit.o)
 .debug_info    0x0000000000005ced      0x8a1 /Altera/16.0/nios2eds/bin/gnu/H-x86_64-pc-linux-gnu/bin/../lib/gcc/nios2-elf/5.2.0/../../../../../H-x86_64-pc-linux-gnu/nios2-elf/lib/mno-hw-mul/libc.a(lib_a-impure.o)
 .debug_info    0x000000000000658e       0x8a /Altera/16.0/nios2eds/bin/gnu/H-x86_64-pc-linux-gnu/bin/../lib/gcc/nios2-elf/5.2.0/../../../../../H-x86_64-pc-linux-gnu/nios2-elf/lib/mno-hw-mul/libc.a(lib_a-int_errno.o)
 .debug_info    0x0000000000006618      0x11a /Altera/16.0/nios2eds/bin/gnu/H-x86_64-pc-linux-gnu/bin/../lib/gcc/nios2-elf/5.2.0/../../../../../H-x86_64-pc-linux-gnu/nios2-elf/lib/mno-hw-mul/libc.a(lib_a-memcmp.o)
 .debug_info    0x0000000000006732      0x144 /Altera/16.0/nios2eds/bin/gnu/H-x86_64-pc-linux-gnu/bin/../lib/gcc/nios2-elf/5.2.0/../../../../../H-x86_64-pc-linux-gnu/nios2-elf/lib/mno-hw-mul/libc.a(lib_a-memcpy.o)
 .debug_info    0x0000000000006876       0xe2 /Altera/16.0/nios2eds/bin/gnu/H-x86_64-pc-linux-gnu/bin/../lib/gcc/nios2-elf/5.2.0/../../../../../H-x86_64-pc-linux-gnu/nios2-elf/lib/mno-hw-mul/libc.a(lib_a-strlen.o)
 .debug_info    0x0000000000006958      0x934 /Altera/16.0/nios2eds/bin/gnu/H-x86_64-pc-linux-gnu/bin/../lib/gcc/nios2-elf/5.2.0/../../../../../H-x86_64-pc-linux-gnu/nios2-elf/lib/mno-hw-mul/libc.a(lib_a-__atexit.o)
 .debug_info    0x000000000000728c      0x965 /Altera/16.0/nios2eds/bin/gnu/H-x86_64-pc-linux-gnu/bin/../lib/gcc/nios2-elf/5.2.0/../../../../../H-x86_64-pc-linux-gnu/nios2-elf/lib/mno-hw-mul/libc.a(lib_a-__call_atexit.o)
 .debug_info    0x0000000000007bf1       0xb4 /Altera/16.0/nios2eds/bin/gnu/H-x86_64-pc-linux-gnu/bin/../lib/gcc/nios2-elf/5.2.0/mno-hw-mul/libgcc.a(lib2-mul.o)
 .debug_info    0x0000000000007ca5      0x116 ../temperatura_bsp//libhal_bsp.a(alt_exit.o)

.debug_abbrev   0x0000000000000000     0x2b5b
 *(.debug_abbrev)
 .debug_abbrev  0x0000000000000000       0x12 ../temperatura_bsp//obj/HAL/src/crt0.o
 .debug_abbrev  0x0000000000000012       0xb7 obj/default/hello_world.o
 .debug_abbrev  0x00000000000000c9       0x9f ../temperatura_bsp//libhal_bsp.a(alt_load.o)
 .debug_abbrev  0x0000000000000168       0xc1 ../temperatura_bsp//libhal_bsp.a(alt_main.o)
 .debug_abbrev  0x0000000000000229      0x196 ../temperatura_bsp//libhal_bsp.a(alt_sys_init.o)
 .debug_abbrev  0x00000000000003bf      0x127 ../temperatura_bsp//libhal_bsp.a(altera_avalon_jtag_uart_fd.o)
 .debug_abbrev  0x00000000000004e6      0x19e ../temperatura_bsp//libhal_bsp.a(altera_avalon_jtag_uart_init.o)
 .debug_abbrev  0x0000000000000684      0x111 ../temperatura_bsp//libhal_bsp.a(altera_avalon_jtag_uart_ioctl.o)
 .debug_abbrev  0x0000000000000795      0x1aa ../temperatura_bsp//libhal_bsp.a(altera_avalon_jtag_uart_read.o)
 .debug_abbrev  0x000000000000093f      0x1a8 ../temperatura_bsp//libhal_bsp.a(altera_avalon_jtag_uart_write.o)
 .debug_abbrev  0x0000000000000ae7      0x155 ../temperatura_bsp//libhal_bsp.a(altera_avalon_timer_sc.o)
 .debug_abbrev  0x0000000000000c3c      0x156 ../temperatura_bsp//libhal_bsp.a(altera_up_avalon_character_lcd.o)
 .debug_abbrev  0x0000000000000d92      0x162 ../temperatura_bsp//libhal_bsp.a(alt_alarm_start.o)
 .debug_abbrev  0x0000000000000ef4      0x11f ../temperatura_bsp//libhal_bsp.a(alt_close.o)
 .debug_abbrev  0x0000000000001013       0x42 ../temperatura_bsp//libhal_bsp.a(alt_dcache_flush_all.o)
 .debug_abbrev  0x0000000000001055       0xd9 ../temperatura_bsp//libhal_bsp.a(alt_dev.o)
 .debug_abbrev  0x000000000000112e      0x114 ../temperatura_bsp//libhal_bsp.a(alt_dev_llist_insert.o)
 .debug_abbrev  0x0000000000001242       0x79 ../temperatura_bsp//libhal_bsp.a(alt_do_ctors.o)
 .debug_abbrev  0x00000000000012bb       0x79 ../temperatura_bsp//libhal_bsp.a(alt_do_dtors.o)
 .debug_abbrev  0x0000000000001334       0x5a ../temperatura_bsp//libhal_bsp.a(alt_errno.o)
 .debug_abbrev  0x000000000000138e       0xf0 ../temperatura_bsp//libhal_bsp.a(alt_find_dev.o)
 .debug_abbrev  0x000000000000147e       0x42 ../temperatura_bsp//libhal_bsp.a(alt_icache_flush_all.o)
 .debug_abbrev  0x00000000000014c0      0x114 ../temperatura_bsp//libhal_bsp.a(alt_io_redirect.o)
 .debug_abbrev  0x00000000000015d4      0x186 ../temperatura_bsp//libhal_bsp.a(alt_irq_register.o)
 .debug_abbrev  0x000000000000175a       0x40 ../temperatura_bsp//libhal_bsp.a(alt_irq_vars.o)
 .debug_abbrev  0x000000000000179a      0x148 ../temperatura_bsp//libhal_bsp.a(alt_open.o)
 .debug_abbrev  0x00000000000018e2       0xde ../temperatura_bsp//libhal_bsp.a(alt_release_fd.o)
 .debug_abbrev  0x00000000000019c0      0x16b ../temperatura_bsp//libhal_bsp.a(alt_tick.o)
 .debug_abbrev  0x0000000000001b2b       0x67 ../temperatura_bsp//libhal_bsp.a(altera_nios2_gen2_irq.o)
 .debug_abbrev  0x0000000000001b92       0xf0 ../temperatura_bsp//libhal_bsp.a(alt_find_file.o)
 .debug_abbrev  0x0000000000001c82      0x10d ../temperatura_bsp//libhal_bsp.a(alt_get_fd.o)
 .debug_abbrev  0x0000000000001d8f       0x12 ../temperatura_bsp//libhal_bsp.a(alt_irq_entry.o)
 .debug_abbrev  0x0000000000001da1      0x13a ../temperatura_bsp//libhal_bsp.a(alt_irq_handler.o)
 .debug_abbrev  0x0000000000001edb       0x12 ../temperatura_bsp//libhal_bsp.a(alt_exception_entry.o)
 .debug_abbrev  0x0000000000001eed       0xdc ../temperatura_bsp//libhal_bsp.a(alt_instruction_exception_entry.o)
 .debug_abbrev  0x0000000000001fc9       0xaa /Altera/16.0/nios2eds/bin/gnu/H-x86_64-pc-linux-gnu/bin/../lib/gcc/nios2-elf/5.2.0/../../../../../H-x86_64-pc-linux-gnu/nios2-elf/lib/mno-hw-mul/libc.a(lib_a-atexit.o)
 .debug_abbrev  0x0000000000002073      0x1e5 /Altera/16.0/nios2eds/bin/gnu/H-x86_64-pc-linux-gnu/bin/../lib/gcc/nios2-elf/5.2.0/../../../../../H-x86_64-pc-linux-gnu/nios2-elf/lib/mno-hw-mul/libc.a(lib_a-exit.o)
 .debug_abbrev  0x0000000000002258      0x18f /Altera/16.0/nios2eds/bin/gnu/H-x86_64-pc-linux-gnu/bin/../lib/gcc/nios2-elf/5.2.0/../../../../../H-x86_64-pc-linux-gnu/nios2-elf/lib/mno-hw-mul/libc.a(lib_a-impure.o)
 .debug_abbrev  0x00000000000023e7       0x37 /Altera/16.0/nios2eds/bin/gnu/H-x86_64-pc-linux-gnu/bin/../lib/gcc/nios2-elf/5.2.0/../../../../../H-x86_64-pc-linux-gnu/nios2-elf/lib/mno-hw-mul/libc.a(lib_a-int_errno.o)
 .debug_abbrev  0x000000000000241e       0x7f /Altera/16.0/nios2eds/bin/gnu/H-x86_64-pc-linux-gnu/bin/../lib/gcc/nios2-elf/5.2.0/../../../../../H-x86_64-pc-linux-gnu/nios2-elf/lib/mno-hw-mul/libc.a(lib_a-memcmp.o)
 .debug_abbrev  0x000000000000249d       0xa3 /Altera/16.0/nios2eds/bin/gnu/H-x86_64-pc-linux-gnu/bin/../lib/gcc/nios2-elf/5.2.0/../../../../../H-x86_64-pc-linux-gnu/nios2-elf/lib/mno-hw-mul/libc.a(lib_a-memcpy.o)
 .debug_abbrev  0x0000000000002540       0x90 /Altera/16.0/nios2eds/bin/gnu/H-x86_64-pc-linux-gnu/bin/../lib/gcc/nios2-elf/5.2.0/../../../../../H-x86_64-pc-linux-gnu/nios2-elf/lib/mno-hw-mul/libc.a(lib_a-strlen.o)
 .debug_abbrev  0x00000000000025d0      0x21e /Altera/16.0/nios2eds/bin/gnu/H-x86_64-pc-linux-gnu/bin/../lib/gcc/nios2-elf/5.2.0/../../../../../H-x86_64-pc-linux-gnu/nios2-elf/lib/mno-hw-mul/libc.a(lib_a-__atexit.o)
 .debug_abbrev  0x00000000000027ee      0x22e /Altera/16.0/nios2eds/bin/gnu/H-x86_64-pc-linux-gnu/bin/../lib/gcc/nios2-elf/5.2.0/../../../../../H-x86_64-pc-linux-gnu/nios2-elf/lib/mno-hw-mul/libc.a(lib_a-__call_atexit.o)
 .debug_abbrev  0x0000000000002a1c       0x6f /Altera/16.0/nios2eds/bin/gnu/H-x86_64-pc-linux-gnu/bin/../lib/gcc/nios2-elf/5.2.0/mno-hw-mul/libgcc.a(lib2-mul.o)
 .debug_abbrev  0x0000000000002a8b       0xd0 ../temperatura_bsp//libhal_bsp.a(alt_exit.o)

.debug_line     0x0000000000000000     0x2da7
 *(.debug_line)
 .debug_line    0x0000000000000000       0x66 ../temperatura_bsp//obj/HAL/src/crt0.o
 .debug_line    0x0000000000000066       0x88 obj/default/hello_world.o
 .debug_line    0x00000000000000ee       0x8e ../temperatura_bsp//libhal_bsp.a(alt_load.o)
 .debug_line    0x000000000000017c       0xd1 ../temperatura_bsp//libhal_bsp.a(alt_main.o)
 .debug_line    0x000000000000024d      0x1b5 ../temperatura_bsp//libhal_bsp.a(alt_sys_init.o)
 .debug_line    0x0000000000000402      0x12f ../temperatura_bsp//libhal_bsp.a(altera_avalon_jtag_uart_fd.o)
 .debug_line    0x0000000000000531      0x19f ../temperatura_bsp//libhal_bsp.a(altera_avalon_jtag_uart_init.o)
 .debug_line    0x00000000000006d0      0x131 ../temperatura_bsp//libhal_bsp.a(altera_avalon_jtag_uart_ioctl.o)
 .debug_line    0x0000000000000801      0x185 ../temperatura_bsp//libhal_bsp.a(altera_avalon_jtag_uart_read.o)
 .debug_line    0x0000000000000986      0x184 ../temperatura_bsp//libhal_bsp.a(altera_avalon_jtag_uart_write.o)
 .debug_line    0x0000000000000b0a      0x113 ../temperatura_bsp//libhal_bsp.a(altera_avalon_timer_sc.o)
 .debug_line    0x0000000000000c1d      0x1c4 ../temperatura_bsp//libhal_bsp.a(altera_up_avalon_character_lcd.o)
 .debug_line    0x0000000000000de1      0x10e ../temperatura_bsp//libhal_bsp.a(alt_alarm_start.o)
 .debug_line    0x0000000000000eef      0x161 ../temperatura_bsp//libhal_bsp.a(alt_close.o)
 .debug_line    0x0000000000001050       0x51 ../temperatura_bsp//libhal_bsp.a(alt_dcache_flush_all.o)
 .debug_line    0x00000000000010a1       0xf3 ../temperatura_bsp//libhal_bsp.a(alt_dev.o)
 .debug_line    0x0000000000001194       0xd0 ../temperatura_bsp//libhal_bsp.a(alt_dev_llist_insert.o)
 .debug_line    0x0000000000001264       0x59 ../temperatura_bsp//libhal_bsp.a(alt_do_ctors.o)
 .debug_line    0x00000000000012bd       0x59 ../temperatura_bsp//libhal_bsp.a(alt_do_dtors.o)
 .debug_line    0x0000000000001316       0x51 ../temperatura_bsp//libhal_bsp.a(alt_errno.o)
 .debug_line    0x0000000000001367       0xb5 ../temperatura_bsp//libhal_bsp.a(alt_find_dev.o)
 .debug_line    0x000000000000141c       0x4f ../temperatura_bsp//libhal_bsp.a(alt_icache_flush_all.o)
 .debug_line    0x000000000000146b      0x130 ../temperatura_bsp//libhal_bsp.a(alt_io_redirect.o)
 .debug_line    0x000000000000159b      0x159 ../temperatura_bsp//libhal_bsp.a(alt_irq_register.o)
 .debug_line    0x00000000000016f4       0x50 ../temperatura_bsp//libhal_bsp.a(alt_irq_vars.o)
 .debug_line    0x0000000000001744      0x12d ../temperatura_bsp//libhal_bsp.a(alt_open.o)
 .debug_line    0x0000000000001871       0xb0 ../temperatura_bsp//libhal_bsp.a(alt_release_fd.o)
 .debug_line    0x0000000000001921      0x113 ../temperatura_bsp//libhal_bsp.a(alt_tick.o)
 .debug_line    0x0000000000001a34       0x8d ../temperatura_bsp//libhal_bsp.a(altera_nios2_gen2_irq.o)
 .debug_line    0x0000000000001ac1       0xd1 ../temperatura_bsp//libhal_bsp.a(alt_find_file.o)
 .debug_line    0x0000000000001b92       0xd8 ../temperatura_bsp//libhal_bsp.a(alt_get_fd.o)
 .debug_line    0x0000000000001c6a       0x6b ../temperatura_bsp//libhal_bsp.a(alt_irq_entry.o)
 .debug_line    0x0000000000001cd5       0xcd ../temperatura_bsp//libhal_bsp.a(alt_irq_handler.o)
 .debug_line    0x0000000000001da2       0xb3 ../temperatura_bsp//libhal_bsp.a(alt_exception_entry.o)
 .debug_line    0x0000000000001e55       0xb9 ../temperatura_bsp//libhal_bsp.a(alt_instruction_exception_entry.o)
 .debug_line    0x0000000000001f0e       0xe7 /Altera/16.0/nios2eds/bin/gnu/H-x86_64-pc-linux-gnu/bin/../lib/gcc/nios2-elf/5.2.0/../../../../../H-x86_64-pc-linux-gnu/nios2-elf/lib/mno-hw-mul/libc.a(lib_a-atexit.o)
 .debug_line    0x0000000000001ff5      0x1fc /Altera/16.0/nios2eds/bin/gnu/H-x86_64-pc-linux-gnu/bin/../lib/gcc/nios2-elf/5.2.0/../../../../../H-x86_64-pc-linux-gnu/nios2-elf/lib/mno-hw-mul/libc.a(lib_a-exit.o)
 .debug_line    0x00000000000021f1      0x160 /Altera/16.0/nios2eds/bin/gnu/H-x86_64-pc-linux-gnu/bin/../lib/gcc/nios2-elf/5.2.0/../../../../../H-x86_64-pc-linux-gnu/nios2-elf/lib/mno-hw-mul/libc.a(lib_a-impure.o)
 .debug_line    0x0000000000002351       0x5f /Altera/16.0/nios2eds/bin/gnu/H-x86_64-pc-linux-gnu/bin/../lib/gcc/nios2-elf/5.2.0/../../../../../H-x86_64-pc-linux-gnu/nios2-elf/lib/mno-hw-mul/libc.a(lib_a-int_errno.o)
 .debug_line    0x00000000000023b0      0x176 /Altera/16.0/nios2eds/bin/gnu/H-x86_64-pc-linux-gnu/bin/../lib/gcc/nios2-elf/5.2.0/../../../../../H-x86_64-pc-linux-gnu/nios2-elf/lib/mno-hw-mul/libc.a(lib_a-memcmp.o)
 .debug_line    0x0000000000002526      0x18c /Altera/16.0/nios2eds/bin/gnu/H-x86_64-pc-linux-gnu/bin/../lib/gcc/nios2-elf/5.2.0/../../../../../H-x86_64-pc-linux-gnu/nios2-elf/lib/mno-hw-mul/libc.a(lib_a-memcpy.o)
 .debug_line    0x00000000000026b2      0x16f /Altera/16.0/nios2eds/bin/gnu/H-x86_64-pc-linux-gnu/bin/../lib/gcc/nios2-elf/5.2.0/../../../../../H-x86_64-pc-linux-gnu/nios2-elf/lib/mno-hw-mul/libc.a(lib_a-strlen.o)
 .debug_line    0x0000000000002821      0x21f /Altera/16.0/nios2eds/bin/gnu/H-x86_64-pc-linux-gnu/bin/../lib/gcc/nios2-elf/5.2.0/../../../../../H-x86_64-pc-linux-gnu/nios2-elf/lib/mno-hw-mul/libc.a(lib_a-__atexit.o)
 .debug_line    0x0000000000002a40      0x23a /Altera/16.0/nios2eds/bin/gnu/H-x86_64-pc-linux-gnu/bin/../lib/gcc/nios2-elf/5.2.0/../../../../../H-x86_64-pc-linux-gnu/nios2-elf/lib/mno-hw-mul/libc.a(lib_a-__call_atexit.o)
 .debug_line    0x0000000000002c7a       0x80 /Altera/16.0/nios2eds/bin/gnu/H-x86_64-pc-linux-gnu/bin/../lib/gcc/nios2-elf/5.2.0/mno-hw-mul/libgcc.a(lib2-mul.o)
 .debug_line    0x0000000000002cfa       0xad ../temperatura_bsp//libhal_bsp.a(alt_exit.o)

.debug_frame    0x0000000000000000      0xc84
 *(.debug_frame)
 .debug_frame   0x0000000000000000       0x50 obj/default/hello_world.o
 .debug_frame   0x0000000000000050       0x5c ../temperatura_bsp//libhal_bsp.a(alt_load.o)
 .debug_frame   0x00000000000000ac       0x2c ../temperatura_bsp//libhal_bsp.a(alt_main.o)
 .debug_frame   0x00000000000000d8       0x88 ../temperatura_bsp//libhal_bsp.a(alt_sys_init.o)
 .debug_frame   0x0000000000000160       0xb0 ../temperatura_bsp//libhal_bsp.a(altera_avalon_jtag_uart_fd.o)
 .debug_frame   0x0000000000000210       0xa4 ../temperatura_bsp//libhal_bsp.a(altera_avalon_jtag_uart_init.o)
 .debug_frame   0x00000000000002b4       0x34 ../temperatura_bsp//libhal_bsp.a(altera_avalon_jtag_uart_ioctl.o)
 .debug_frame   0x00000000000002e8       0x38 ../temperatura_bsp//libhal_bsp.a(altera_avalon_jtag_uart_read.o)
 .debug_frame   0x0000000000000320       0x38 ../temperatura_bsp//libhal_bsp.a(altera_avalon_jtag_uart_write.o)
 .debug_frame   0x0000000000000358       0x60 ../temperatura_bsp//libhal_bsp.a(altera_avalon_timer_sc.o)
 .debug_frame   0x00000000000003b8      0x204 ../temperatura_bsp//libhal_bsp.a(altera_up_avalon_character_lcd.o)
 .debug_frame   0x00000000000005bc       0x34 ../temperatura_bsp//libhal_bsp.a(alt_alarm_start.o)
 .debug_frame   0x00000000000005f0       0x60 ../temperatura_bsp//libhal_bsp.a(alt_close.o)
 .debug_frame   0x0000000000000650       0x34 ../temperatura_bsp//libhal_bsp.a(alt_dcache_flush_all.o)
 .debug_frame   0x0000000000000684       0x34 ../temperatura_bsp//libhal_bsp.a(alt_dev.o)
 .debug_frame   0x00000000000006b8       0x60 ../temperatura_bsp//libhal_bsp.a(alt_dev_llist_insert.o)
 .debug_frame   0x0000000000000718       0x38 ../temperatura_bsp//libhal_bsp.a(alt_do_ctors.o)
 .debug_frame   0x0000000000000750       0x38 ../temperatura_bsp//libhal_bsp.a(alt_do_dtors.o)
 .debug_frame   0x0000000000000788       0x38 ../temperatura_bsp//libhal_bsp.a(alt_find_dev.o)
 .debug_frame   0x00000000000007c0       0x34 ../temperatura_bsp//libhal_bsp.a(alt_icache_flush_all.o)
 .debug_frame   0x00000000000007f4       0x64 ../temperatura_bsp//libhal_bsp.a(alt_io_redirect.o)
 .debug_frame   0x0000000000000858       0x34 ../temperatura_bsp//libhal_bsp.a(alt_irq_register.o)
 .debug_frame   0x000000000000088c       0x8c ../temperatura_bsp//libhal_bsp.a(alt_open.o)
 .debug_frame   0x0000000000000918       0x3c ../temperatura_bsp//libhal_bsp.a(alt_release_fd.o)
 .debug_frame   0x0000000000000954       0x5c ../temperatura_bsp//libhal_bsp.a(alt_tick.o)
 .debug_frame   0x00000000000009b0       0x34 ../temperatura_bsp//libhal_bsp.a(altera_nios2_gen2_irq.o)
 .debug_frame   0x00000000000009e4       0x38 ../temperatura_bsp//libhal_bsp.a(alt_find_file.o)
 .debug_frame   0x0000000000000a1c       0x3c ../temperatura_bsp//libhal_bsp.a(alt_get_fd.o)
 .debug_frame   0x0000000000000a58       0x38 ../temperatura_bsp//libhal_bsp.a(alt_irq_handler.o)
 .debug_frame   0x0000000000000a90       0x5c ../temperatura_bsp//libhal_bsp.a(alt_instruction_exception_entry.o)
 .debug_frame   0x0000000000000aec       0x20 /Altera/16.0/nios2eds/bin/gnu/H-x86_64-pc-linux-gnu/bin/../lib/gcc/nios2-elf/5.2.0/../../../../../H-x86_64-pc-linux-gnu/nios2-elf/lib/mno-hw-mul/libc.a(lib_a-atexit.o)
 .debug_frame   0x0000000000000b0c       0x28 /Altera/16.0/nios2eds/bin/gnu/H-x86_64-pc-linux-gnu/bin/../lib/gcc/nios2-elf/5.2.0/../../../../../H-x86_64-pc-linux-gnu/nios2-elf/lib/mno-hw-mul/libc.a(lib_a-exit.o)
 .debug_frame   0x0000000000000b34       0x20 /Altera/16.0/nios2eds/bin/gnu/H-x86_64-pc-linux-gnu/bin/../lib/gcc/nios2-elf/5.2.0/../../../../../H-x86_64-pc-linux-gnu/nios2-elf/lib/mno-hw-mul/libc.a(lib_a-memcmp.o)
 .debug_frame   0x0000000000000b54       0x38 /Altera/16.0/nios2eds/bin/gnu/H-x86_64-pc-linux-gnu/bin/../lib/gcc/nios2-elf/5.2.0/../../../../../H-x86_64-pc-linux-gnu/nios2-elf/lib/mno-hw-mul/libc.a(lib_a-memcpy.o)
 .debug_frame   0x0000000000000b8c       0x20 /Altera/16.0/nios2eds/bin/gnu/H-x86_64-pc-linux-gnu/bin/../lib/gcc/nios2-elf/5.2.0/../../../../../H-x86_64-pc-linux-gnu/nios2-elf/lib/mno-hw-mul/libc.a(lib_a-strlen.o)
 .debug_frame   0x0000000000000bac       0x38 /Altera/16.0/nios2eds/bin/gnu/H-x86_64-pc-linux-gnu/bin/../lib/gcc/nios2-elf/5.2.0/../../../../../H-x86_64-pc-linux-gnu/nios2-elf/lib/mno-hw-mul/libc.a(lib_a-__atexit.o)
 .debug_frame   0x0000000000000be4       0x54 /Altera/16.0/nios2eds/bin/gnu/H-x86_64-pc-linux-gnu/bin/../lib/gcc/nios2-elf/5.2.0/../../../../../H-x86_64-pc-linux-gnu/nios2-elf/lib/mno-hw-mul/libc.a(lib_a-__call_atexit.o)
 .debug_frame   0x0000000000000c38       0x20 /Altera/16.0/nios2eds/bin/gnu/H-x86_64-pc-linux-gnu/bin/../lib/gcc/nios2-elf/5.2.0/mno-hw-mul/libgcc.a(lib2-mul.o)
 .debug_frame   0x0000000000000c58       0x2c ../temperatura_bsp//libhal_bsp.a(alt_exit.o)

.debug_str      0x0000000000000000     0x1e2a
 *(.debug_str)
 .debug_str     0x0000000000000000      0x107 obj/default/hello_world.o
                                        0x14b (size before relaxing)
 .debug_str     0x0000000000000107      0x17c ../temperatura_bsp//libhal_bsp.a(alt_load.o)
                                        0x21a (size before relaxing)
 .debug_str     0x0000000000000283       0x91 ../temperatura_bsp//libhal_bsp.a(alt_main.o)
                                        0x1ce (size before relaxing)
 .debug_str     0x0000000000000314      0x23a ../temperatura_bsp//libhal_bsp.a(alt_sys_init.o)
                                        0x420 (size before relaxing)
 .debug_str     0x000000000000054e       0xb9 ../temperatura_bsp//libhal_bsp.a(altera_avalon_jtag_uart_fd.o)
                                        0x3ac (size before relaxing)
 .debug_str     0x0000000000000607       0xd1 ../temperatura_bsp//libhal_bsp.a(altera_avalon_jtag_uart_init.o)
                                        0x361 (size before relaxing)
 .debug_str     0x00000000000006d8       0x4a ../temperatura_bsp//libhal_bsp.a(altera_avalon_jtag_uart_ioctl.o)
                                        0x29b (size before relaxing)
 .debug_str     0x0000000000000722       0x7f ../temperatura_bsp//libhal_bsp.a(altera_avalon_jtag_uart_read.o)
                                        0x311 (size before relaxing)
 .debug_str     0x00000000000007a1       0x4a ../temperatura_bsp//libhal_bsp.a(altera_avalon_jtag_uart_write.o)
                                        0x312 (size before relaxing)
 .debug_str     0x00000000000007eb       0x6d ../temperatura_bsp//libhal_bsp.a(altera_avalon_timer_sc.o)
                                        0x274 (size before relaxing)
 .debug_str     0x0000000000000858      0x1ea ../temperatura_bsp//libhal_bsp.a(altera_up_avalon_character_lcd.o)
                                        0x3f9 (size before relaxing)
 .debug_str     0x0000000000000a42       0x59 ../temperatura_bsp//libhal_bsp.a(alt_alarm_start.o)
                                        0x2a7 (size before relaxing)
 .debug_str     0x0000000000000a9b       0x44 ../temperatura_bsp//libhal_bsp.a(alt_close.o)
                                        0x213 (size before relaxing)
 .debug_str     0x0000000000000adf       0x34 ../temperatura_bsp//libhal_bsp.a(alt_dcache_flush_all.o)
                                        0x15d (size before relaxing)
 .debug_str     0x0000000000000b13      0x120 ../temperatura_bsp//libhal_bsp.a(alt_dev.o)
                                        0x30d (size before relaxing)
 .debug_str     0x0000000000000c33       0x34 ../temperatura_bsp//libhal_bsp.a(alt_dev_llist_insert.o)
                                        0x1d4 (size before relaxing)
 .debug_str     0x0000000000000c67       0x48 ../temperatura_bsp//libhal_bsp.a(alt_do_ctors.o)
                                         0xd8 (size before relaxing)
 .debug_str     0x0000000000000caf       0x4c ../temperatura_bsp//libhal_bsp.a(alt_do_dtors.o)
                                         0xd7 (size before relaxing)
 .debug_str     0x0000000000000cfb       0x14 ../temperatura_bsp//libhal_bsp.a(alt_errno.o)
                                        0x14d (size before relaxing)
 .debug_str     0x0000000000000d0f       0x24 ../temperatura_bsp//libhal_bsp.a(alt_find_dev.o)
                                        0x1f4 (size before relaxing)
 .debug_str     0x0000000000000d33       0x34 ../temperatura_bsp//libhal_bsp.a(alt_icache_flush_all.o)
                                        0x15d (size before relaxing)
 .debug_str     0x0000000000000d67       0x56 ../temperatura_bsp//libhal_bsp.a(alt_io_redirect.o)
                                        0x31e (size before relaxing)
 .debug_str     0x0000000000000dbd       0x77 ../temperatura_bsp//libhal_bsp.a(alt_irq_register.o)
                                        0x210 (size before relaxing)
 .debug_str     0x0000000000000e34       0x17 ../temperatura_bsp//libhal_bsp.a(alt_irq_vars.o)
                                        0x142 (size before relaxing)
 .debug_str     0x0000000000000e4b       0x2f ../temperatura_bsp//libhal_bsp.a(alt_open.o)
                                        0x253 (size before relaxing)
 .debug_str     0x0000000000000e7a       0x28 ../temperatura_bsp//libhal_bsp.a(alt_release_fd.o)
                                        0x1db (size before relaxing)
 .debug_str     0x0000000000000ea2       0x4a ../temperatura_bsp//libhal_bsp.a(alt_tick.o)
                                        0x27b (size before relaxing)
 .debug_str     0x0000000000000eec       0x3b ../temperatura_bsp//libhal_bsp.a(altera_nios2_gen2_irq.o)
                                        0x18d (size before relaxing)
 .debug_str     0x0000000000000f27       0x26 ../temperatura_bsp//libhal_bsp.a(alt_find_file.o)
                                        0x202 (size before relaxing)
 .debug_str     0x0000000000000f4d       0x30 ../temperatura_bsp//libhal_bsp.a(alt_get_fd.o)
                                        0x224 (size before relaxing)
 .debug_str     0x0000000000000f7d       0x3a ../temperatura_bsp//libhal_bsp.a(alt_irq_handler.o)
                                        0x1c0 (size before relaxing)
 .debug_str     0x0000000000000fb7      0x48b ../temperatura_bsp//libhal_bsp.a(alt_instruction_exception_entry.o)
                                        0x5a8 (size before relaxing)
 .debug_str     0x0000000000001442      0x17d /Altera/16.0/nios2eds/bin/gnu/H-x86_64-pc-linux-gnu/bin/../lib/gcc/nios2-elf/5.2.0/../../../../../H-x86_64-pc-linux-gnu/nios2-elf/lib/mno-hw-mul/libc.a(lib_a-atexit.o)
                                        0x222 (size before relaxing)
 .debug_str     0x00000000000015bf      0x3a7 /Altera/16.0/nios2eds/bin/gnu/H-x86_64-pc-linux-gnu/bin/../lib/gcc/nios2-elf/5.2.0/../../../../../H-x86_64-pc-linux-gnu/nios2-elf/lib/mno-hw-mul/libc.a(lib_a-exit.o)
                                        0x5bf (size before relaxing)
 .debug_str     0x0000000000001966       0xd7 /Altera/16.0/nios2eds/bin/gnu/H-x86_64-pc-linux-gnu/bin/../lib/gcc/nios2-elf/5.2.0/../../../../../H-x86_64-pc-linux-gnu/nios2-elf/lib/mno-hw-mul/libc.a(lib_a-impure.o)
                                        0x5b6 (size before relaxing)
 .debug_str     0x0000000000001a3d       0x3f /Altera/16.0/nios2eds/bin/gnu/H-x86_64-pc-linux-gnu/bin/../lib/gcc/nios2-elf/5.2.0/../../../../../H-x86_64-pc-linux-gnu/nios2-elf/lib/mno-hw-mul/libc.a(lib_a-int_errno.o)
                                        0x1de (size before relaxing)
 .debug_str     0x0000000000001a7c       0xdb /Altera/16.0/nios2eds/bin/gnu/H-x86_64-pc-linux-gnu/bin/../lib/gcc/nios2-elf/5.2.0/../../../../../H-x86_64-pc-linux-gnu/nios2-elf/lib/mno-hw-mul/libc.a(lib_a-memcmp.o)
                                        0x1e5 (size before relaxing)
 .debug_str     0x0000000000001b57       0x6b /Altera/16.0/nios2eds/bin/gnu/H-x86_64-pc-linux-gnu/bin/../lib/gcc/nios2-elf/5.2.0/../../../../../H-x86_64-pc-linux-gnu/nios2-elf/lib/mno-hw-mul/libc.a(lib_a-memcpy.o)
                                        0x20c (size before relaxing)
 .debug_str     0x0000000000001bc2       0x51 /Altera/16.0/nios2eds/bin/gnu/H-x86_64-pc-linux-gnu/bin/../lib/gcc/nios2-elf/5.2.0/../../../../../H-x86_64-pc-linux-gnu/nios2-elf/lib/mno-hw-mul/libc.a(lib_a-strlen.o)
                                        0x1f8 (size before relaxing)
 .debug_str     0x0000000000001c13       0x3f /Altera/16.0/nios2eds/bin/gnu/H-x86_64-pc-linux-gnu/bin/../lib/gcc/nios2-elf/5.2.0/../../../../../H-x86_64-pc-linux-gnu/nios2-elf/lib/mno-hw-mul/libc.a(lib_a-__atexit.o)
                                        0x5f7 (size before relaxing)
 .debug_str     0x0000000000001c52       0x65 /Altera/16.0/nios2eds/bin/gnu/H-x86_64-pc-linux-gnu/bin/../lib/gcc/nios2-elf/5.2.0/../../../../../H-x86_64-pc-linux-gnu/nios2-elf/lib/mno-hw-mul/libc.a(lib_a-__call_atexit.o)
                                        0x5e3 (size before relaxing)
 .debug_str     0x0000000000001cb7      0x149 /Altera/16.0/nios2eds/bin/gnu/H-x86_64-pc-linux-gnu/bin/../lib/gcc/nios2-elf/5.2.0/mno-hw-mul/libgcc.a(lib2-mul.o)
                                        0x194 (size before relaxing)
 .debug_str     0x0000000000001e00       0x2a ../temperatura_bsp//libhal_bsp.a(alt_exit.o)
                                        0x182 (size before relaxing)

.debug_loc      0x0000000000000000      0x803
 *(.debug_loc)
 .debug_loc     0x0000000000000000       0x2c /Altera/16.0/nios2eds/bin/gnu/H-x86_64-pc-linux-gnu/bin/../lib/gcc/nios2-elf/5.2.0/../../../../../H-x86_64-pc-linux-gnu/nios2-elf/lib/mno-hw-mul/libc.a(lib_a-atexit.o)
 .debug_loc     0x000000000000002c       0x1e /Altera/16.0/nios2eds/bin/gnu/H-x86_64-pc-linux-gnu/bin/../lib/gcc/nios2-elf/5.2.0/../../../../../H-x86_64-pc-linux-gnu/nios2-elf/lib/mno-hw-mul/libc.a(lib_a-exit.o)
 .debug_loc     0x000000000000004a      0x126 /Altera/16.0/nios2eds/bin/gnu/H-x86_64-pc-linux-gnu/bin/../lib/gcc/nios2-elf/5.2.0/../../../../../H-x86_64-pc-linux-gnu/nios2-elf/lib/mno-hw-mul/libc.a(lib_a-memcmp.o)
 .debug_loc     0x0000000000000170      0x266 /Altera/16.0/nios2eds/bin/gnu/H-x86_64-pc-linux-gnu/bin/../lib/gcc/nios2-elf/5.2.0/../../../../../H-x86_64-pc-linux-gnu/nios2-elf/lib/mno-hw-mul/libc.a(lib_a-memcpy.o)
 .debug_loc     0x00000000000003d6       0x47 /Altera/16.0/nios2eds/bin/gnu/H-x86_64-pc-linux-gnu/bin/../lib/gcc/nios2-elf/5.2.0/../../../../../H-x86_64-pc-linux-gnu/nios2-elf/lib/mno-hw-mul/libc.a(lib_a-strlen.o)
 .debug_loc     0x000000000000041d      0x185 /Altera/16.0/nios2eds/bin/gnu/H-x86_64-pc-linux-gnu/bin/../lib/gcc/nios2-elf/5.2.0/../../../../../H-x86_64-pc-linux-gnu/nios2-elf/lib/mno-hw-mul/libc.a(lib_a-__atexit.o)
 .debug_loc     0x00000000000005a2      0x1ce /Altera/16.0/nios2eds/bin/gnu/H-x86_64-pc-linux-gnu/bin/../lib/gcc/nios2-elf/5.2.0/../../../../../H-x86_64-pc-linux-gnu/nios2-elf/lib/mno-hw-mul/libc.a(lib_a-__call_atexit.o)
 .debug_loc     0x0000000000000770       0x93 /Altera/16.0/nios2eds/bin/gnu/H-x86_64-pc-linux-gnu/bin/../lib/gcc/nios2-elf/5.2.0/mno-hw-mul/libgcc.a(lib2-mul.o)

.debug_macinfo
 *(.debug_macinfo)

.debug_weaknames
 *(.debug_weaknames)

.debug_funcnames
 *(.debug_funcnames)

.debug_typenames
 *(.debug_typenames)

.debug_varnames
 *(.debug_varnames)

.debug_alt_sim_info
                0x0000000000000000       0x10
 *(.debug_alt_sim_info)
 .debug_alt_sim_info
                0x0000000000000000       0x10 ../temperatura_bsp//obj/HAL/src/crt0.o
                0x000000000003f400                __alt_data_end = 0x3f400
                0x000000000003f400                PROVIDE (__alt_stack_pointer, __alt_data_end)
                [!provide]                        PROVIDE (__alt_stack_limit, __alt_stack_base)
                [!provide]                        PROVIDE (__alt_heap_start, end)
                [!provide]                        PROVIDE (__alt_heap_limit, 0x3f400)
OUTPUT(temperatura.elf elf32-littlenios2)

.debug_ranges   0x0000000000000000      0x178
 .debug_ranges  0x0000000000000000       0x20 ../temperatura_bsp//obj/HAL/src/crt0.o
 .debug_ranges  0x0000000000000020       0x30 ../temperatura_bsp//libhal_bsp.a(altera_avalon_jtag_uart_init.o)
 .debug_ranges  0x0000000000000050       0x18 ../temperatura_bsp//libhal_bsp.a(altera_avalon_jtag_uart_read.o)
 .debug_ranges  0x0000000000000068       0x28 ../temperatura_bsp//libhal_bsp.a(alt_irq_entry.o)
 .debug_ranges  0x0000000000000090       0x10 ../temperatura_bsp//libhal_bsp.a(alt_irq_handler.o)
 .debug_ranges  0x00000000000000a0       0x30 ../temperatura_bsp//libhal_bsp.a(alt_exception_entry.o)
 .debug_ranges  0x00000000000000d0       0x18 ../temperatura_bsp//libhal_bsp.a(alt_instruction_exception_entry.o)
 .debug_ranges  0x00000000000000e8       0x10 /Altera/16.0/nios2eds/bin/gnu/H-x86_64-pc-linux-gnu/bin/../lib/gcc/nios2-elf/5.2.0/../../../../../H-x86_64-pc-linux-gnu/nios2-elf/lib/mno-hw-mul/libc.a(lib_a-atexit.o)
 .debug_ranges  0x00000000000000f8       0x10 /Altera/16.0/nios2eds/bin/gnu/H-x86_64-pc-linux-gnu/bin/../lib/gcc/nios2-elf/5.2.0/../../../../../H-x86_64-pc-linux-gnu/nios2-elf/lib/mno-hw-mul/libc.a(lib_a-exit.o)
 .debug_ranges  0x0000000000000108       0x10 /Altera/16.0/nios2eds/bin/gnu/H-x86_64-pc-linux-gnu/bin/../lib/gcc/nios2-elf/5.2.0/../../../../../H-x86_64-pc-linux-gnu/nios2-elf/lib/mno-hw-mul/libc.a(lib_a-memcmp.o)
 .debug_ranges  0x0000000000000118       0x10 /Altera/16.0/nios2eds/bin/gnu/H-x86_64-pc-linux-gnu/bin/../lib/gcc/nios2-elf/5.2.0/../../../../../H-x86_64-pc-linux-gnu/nios2-elf/lib/mno-hw-mul/libc.a(lib_a-memcpy.o)
 .debug_ranges  0x0000000000000128       0x10 /Altera/16.0/nios2eds/bin/gnu/H-x86_64-pc-linux-gnu/bin/../lib/gcc/nios2-elf/5.2.0/../../../../../H-x86_64-pc-linux-gnu/nios2-elf/lib/mno-hw-mul/libc.a(lib_a-strlen.o)
 .debug_ranges  0x0000000000000138       0x10 /Altera/16.0/nios2eds/bin/gnu/H-x86_64-pc-linux-gnu/bin/../lib/gcc/nios2-elf/5.2.0/../../../../../H-x86_64-pc-linux-gnu/nios2-elf/lib/mno-hw-mul/libc.a(lib_a-__atexit.o)
 .debug_ranges  0x0000000000000148       0x30 /Altera/16.0/nios2eds/bin/gnu/H-x86_64-pc-linux-gnu/bin/../lib/gcc/nios2-elf/5.2.0/../../../../../H-x86_64-pc-linux-gnu/nios2-elf/lib/mno-hw-mul/libc.a(lib_a-__call_atexit.o)
